 ray

 Timestamp is 58eb4484 (Mon Apr 10 16:38:28 2017)

 Preferred load address is 00400000

 Start         Length     Name                   Class
 0001:00000000 000001e0H .text$di                CODE
 0001:000001e0 00076290H .text$mn                CODE
 0001:00076470 00002890H .text$x                 CODE
 0001:00078d00 000000d9H .text$yd                CODE
 0002:00000000 000006d4H .idata$5                DATA
 0002:000006d4 00000004H .00cfg                  DATA
 0002:000006d8 00000004H .CRT$XCA                DATA
 0002:000006dc 00000004H .CRT$XCAA               DATA
 0002:000006e0 00000004H .CRT$XCL                DATA
 0002:000006e4 0000002cH .CRT$XCU                DATA
 0002:00000710 00000004H .CRT$XCZ                DATA
 0002:00000714 00000004H .CRT$XIA                DATA
 0002:00000718 00000004H .CRT$XIAA               DATA
 0002:0000071c 00000004H .CRT$XIAC               DATA
 0002:00000720 00000004H .CRT$XIC                DATA
 0002:00000724 00000004H .CRT$XIZ                DATA
 0002:00000728 00000004H .CRT$XLA                DATA
 0002:0000072c 00000004H .CRT$XLZ                DATA
 0002:00000730 00000004H .CRT$XPA                DATA
 0002:00000734 00000004H .CRT$XPZ                DATA
 0002:00000738 00000004H .CRT$XTA                DATA
 0002:0000073c 00000004H .CRT$XTZ                DATA
 0002:00000740 00007dd4H .rdata                  DATA
 0002:00008514 00000018H .rdata$T                DATA
 0002:0000852c 00002548H .rdata$r                DATA
 0002:0000aa74 000003bcH .rdata$zzzdbg           DATA
 0002:0000ae30 00000004H .rtc$IAA                DATA
 0002:0000ae34 00000004H .rtc$IZZ                DATA
 0002:0000ae38 00000004H .rtc$TAA                DATA
 0002:0000ae3c 00000004H .rtc$TZZ                DATA
 0002:0000ae40 00002784H .xdata$x                DATA
 0002:0000d5c4 00000000H .edata                  DATA
 0002:0000d5c4 000001b8H .idata$2                DATA
 0002:0000d77c 00000014H .idata$3                DATA
 0002:0000d790 000006d4H .idata$4                DATA
 0002:0000de64 00002510H .idata$6                DATA
 0003:00000000 00001e88H .data                   DATA
 0003:00001e88 00000e98H .data$r                 DATA
 0003:00002d20 000055e0H .bss                    DATA
 0004:00000000 00000058H .gfids$y                DATA
 0005:00000000 00000004H .tls                    DATA
 0005:00000004 00000004H .tls$                   DATA
 0005:00000008 00000001H .tls$ZZZ                DATA
 0006:00000000 00000060H .rsrc$01                DATA
 0006:00000060 00000180H .rsrc$02                DATA

  Address         Publics by Value              Rva+Base       Lib:Object

 0000:00000000       ___guard_iat_table         00000000     <absolute>
 0000:00000000       ___guard_longjmp_count     00000000     <absolute>
 0000:00000000       ___safe_se_handler_count   00000000     <absolute>
 0000:00000000       ___guard_longjmp_table     00000000     <absolute>
 0000:00000000       ___dynamic_value_reloc_table 00000000     <absolute>
 0000:00000000       ___guard_iat_count         00000000     <absolute>
 0000:00000000       ___guard_fids_table        00000000     <absolute>
 0000:00000000       ___guard_fids_count        00000000     <absolute>
 0000:00000000       ___safe_se_handler_table   00000000     <absolute>
 0000:0000002c       __tls_array                0000002c     <absolute>
 0000:00000100       ___guard_flags             00000100     <absolute>
 0000:00000000       ___ImageBase               00400000     <linker-defined>
 0001:000001e0       ?GetOption@@YAHHPAPADPAD0@Z 004011e0 f   getopt.obj
 0001:000002c0       ?getopt@@YAHHPAPADPAD@Z    004012c0 f   getopt.obj
 0001:00000300       ??$__vcrt_va_start_verify_argument_type@QBD@@YAXXZ 00401300 f i main.obj
 0001:00000310       ??_H@YGXPAXIIP6EPAX0@Z@Z   00401310 f i main.obj
 0001:00000340       ?processArgs@@YA_NHPAPAD@Z 00401340 f   main.obj
 0001:00000430       ?usage@@YAXXZ              00401430 f   main.obj
 0001:00000450       ___local_stdio_printf_options 00401450 f i main.obj
 0001:00000460       _fprintf                   00401460 f i main.obj
 0001:00000490       _main                      00401490 f   main.obj
 0001:00000710       ??0RayTracer@@QAE@XZ       00401710 f   RayTracer.obj
 0001:00000740       ??0mat4f@@QAE@ABVvec4f@@000@Z 00401740 f i RayTracer.obj
 0001:00000810       ??0vec3f@@QAE@XZ           00401810 f i RayTracer.obj
 0001:00000820       ??0vec4f@@QAE@XZ           00401820 f i RayTracer.obj
 0001:00000830       ??1?$basic_string@DU?$char_traits@D@std@@V?$allocator@D@2@@std@@QAE@XZ 00401830 f i RayTracer.obj
 0001:00000870       ??1ParseError@@QAE@XZ      00401870 f i RayTracer.obj
 0001:000008b0       ??1RayTracer@@QAE@XZ       004018b0 f   RayTracer.obj
 0001:000008d0       ??1isect@@QAE@XZ           004018d0 f i RayTracer.obj
 0001:000008f0       ?_Copy@?$basic_string@DU?$char_traits@D@std@@V?$allocator@D@2@@std@@QAEXII@Z 004018f0 f i RayTracer.obj
 0001:00000a60       ?_Deallocate@std@@YAXPAXII@Z 00401a60 f i RayTracer.obj
 0001:00000ad0       ?allocate@?$allocator@D@std@@QAEPADI@Z 00401ad0 f i RayTracer.obj
 0001:00000b40       ?aspectRatio@RayTracer@@QAENXZ 00401b40 f   RayTracer.obj
 0001:00000b80       ?assign@?$basic_string@DU?$char_traits@D@std@@V?$allocator@D@2@@std@@QAEAAV12@ABV12@II@Z 00401b80 f i RayTracer.obj
 0001:00000ca0       ?assign@?$basic_string@DU?$char_traits@D@std@@V?$allocator@D@2@@std@@QAEAAV12@PBDI@Z 00401ca0 f i RayTracer.obj
 0001:00000da0       ?erase@?$basic_string@DU?$char_traits@D@std@@V?$allocator@D@2@@std@@QAEAAV12@II@Z 00401da0 f i RayTracer.obj
 0001:00000e40       ?getBuffer@RayTracer@@QAEXAAPAEAAH1@Z 00401e40 f   RayTracer.obj
 0001:00000e60       ?loadScene@RayTracer@@QAE_NPAD@Z 00401e60 f   RayTracer.obj
 0001:00000fb0       ?sceneLoaded@RayTracer@@QAE_NXZ 00401fb0 f   RayTracer.obj
 0001:00000fc0       ?trace@RayTracer@@QAE?AVvec3f@@PAVScene@@NN@Z 00401fc0 f   RayTracer.obj
 0001:00001520       ?traceLines@RayTracer@@QAEXHH@Z 00402520 f   RayTracer.obj
 0001:000019f0       ?tracePixel@RayTracer@@QAEXHH@Z 004029f0 f   RayTracer.obj
 0001:00001ec0       ?traceRay@RayTracer@@QAE?AVvec3f@@PAVScene@@ABVray@@ABV2@H@Z 00402ec0 f   RayTracer.obj
 0001:00002d60       ?traceSetup@RayTracer@@QAEXHH@Z 00403d60 f   RayTracer.obj
 0001:00002dc0       ??0TraceGLWindow@@QAE@HHHHPBD@Z 00403dc0 f   TraceGLWindow.obj
 0001:00002e40       ??_EFl_Gl_Window@@UAEPAXI@Z 00403e40 f i TraceGLWindow.obj
 0001:00002e40       ??_GFl_Gl_Window@@UAEPAXI@Z 00403e40 f i TraceGLWindow.obj
 0001:00002e70       ??_ETraceGLWindow@@UAEPAXI@Z 00403e70 f i TraceGLWindow.obj
 0001:00002e70       ??_GTraceGLWindow@@UAEPAXI@Z 00403e70 f i TraceGLWindow.obj
 0001:00002ea0       ?as_gl_window@Fl_Gl_Window@@UAEPAV1@XZ 00403ea0 f i TraceGLWindow.obj
 0001:00002eb0       ?as_group@Fl_Group@@UAEPAV1@XZ 00403eb0 f i TraceGLWindow.obj
 0001:00002ec0       ?as_window@Fl_Window@@UAEPAV1@XZ 00403ec0 f i TraceGLWindow.obj
 0001:00002ed0       ?draw@TraceGLWindow@@UAEXXZ 00403ed0 f   TraceGLWindow.obj
 0001:00002fb0       ?handle@TraceGLWindow@@UAEHH@Z 00403fb0 f   TraceGLWindow.obj
 0001:00002fc0       ?refresh@TraceGLWindow@@QAEXXZ 00403fc0 f   TraceGLWindow.obj
 0001:00002fd0       ?resizeWindow@TraceGLWindow@@QAEXHH@Z 00403fd0 f   TraceGLWindow.obj
 0001:00003000       ?saveImage@TraceGLWindow@@QAEXPAD@Z 00404000 f   TraceGLWindow.obj
 0001:00003050       ?setRayTracer@TraceGLWindow@@QAEXPAVRayTracer@@@Z 00404050 f   TraceGLWindow.obj
 0001:00003060       ?cb_load_scene@TraceUI@@CAXPAVFl_Menu_@@PAX@Z 00404060 f   TraceUI.obj
 0001:00003100       ?cb_save_image@TraceUI@@CAXPAVFl_Menu_@@PAX@Z 00404100 f   TraceUI.obj
 0001:00003140       ?cb_exit@TraceUI@@CAXPAVFl_Menu_@@PAX@Z 00404140 f   TraceUI.obj
 0001:00003170       ?cb_about@TraceUI@@CAXPAVFl_Menu_@@PAX@Z 00404170 f   TraceUI.obj
 0001:00003180       ??0TraceUI@@QAE@XZ         00404180 f   TraceUI.obj
 0001:00003870       ?cb_DOF@TraceUI@@CAXPAVFl_Widget@@PAX@Z 00404870 f   TraceUI.obj
 0001:00003890       ?cb_DOFSlides@TraceUI@@CAXPAVFl_Widget@@PAX@Z 00404890 f   TraceUI.obj
 0001:000038b0       ?cb_ambientSlides@TraceUI@@CAXPAVFl_Widget@@PAX@Z 004048b0 f   TraceUI.obj
 0001:000038d0       ?cb_antialiasing@TraceUI@@CAXPAVFl_Widget@@PAX@Z 004048d0 f   TraceUI.obj
 0001:000038f0       ?cb_antialiasingRangeSlides@TraceUI@@CAXPAVFl_Widget@@PAX@Z 004048f0 f   TraceUI.obj
 0001:00003910       ?cb_depthSlides@TraceUI@@CAXPAVFl_Widget@@PAX@Z 00404910 f   TraceUI.obj
 0001:00003930       ?cb_exit2@TraceUI@@CAXPAVFl_Widget@@PAX@Z 00404930 f   TraceUI.obj
 0001:00003960       ?cb_glossyReflection@TraceUI@@CAXPAVFl_Widget@@PAX@Z 00404960 f   TraceUI.obj
 0001:00003980       ?cb_jittering@TraceUI@@CAXPAVFl_Widget@@PAX@Z 00404980 f   TraceUI.obj
 0001:000039a0       ?cb_render@TraceUI@@CAXPAVFl_Widget@@PAX@Z 004049a0 f   TraceUI.obj
 0001:00003bb0       ?cb_sizeSlides@TraceUI@@CAXPAVFl_Widget@@PAX@Z 00404bb0 f   TraceUI.obj
 0001:00003c00       ?cb_stop@TraceUI@@CAXPAVFl_Widget@@PAX@Z 00404c00 f   TraceUI.obj
 0001:00003c10       ?getAmbient@TraceUI@@QAENXZ 00404c10 f   TraceUI.obj
 0001:00003c20       ?getAntialiasing@TraceUI@@QAEHXZ 00404c20 f   TraceUI.obj
 0001:00003c30       ?getAntialiasingRange@TraceUI@@QAEHXZ 00404c30 f   TraceUI.obj
 0001:00003c40       ?getDOF@TraceUI@@QAEHXZ    00404c40 f   TraceUI.obj
 0001:00003c50       ?getDepth@TraceUI@@QAEHXZ  00404c50 f   TraceUI.obj
 0001:00003c60       ?getFocalLength@TraceUI@@QAEHXZ 00404c60 f   TraceUI.obj
 0001:00003c70       ?getGlossyReflection@TraceUI@@QAEHXZ 00404c70 f   TraceUI.obj
 0001:00003c80       ?getJittering@TraceUI@@QAEHXZ 00404c80 f   TraceUI.obj
 0001:00003c90       ?getSize@TraceUI@@QAEHXZ   00404c90 f   TraceUI.obj
 0001:00003ca0       ?setRayTracer@TraceUI@@QAEXPAVRayTracer@@@Z 00404ca0 f   TraceUI.obj
 0001:00003cc0       ?show@TraceUI@@QAEXXZ      00404cc0 f   TraceUI.obj
 0001:00003cd0       ?whoami@TraceUI@@CAPAV1@PAVFl_Menu_@@@Z 00404cd0 f   TraceUI.obj
 0001:00003ce0       _sprintf                   00404ce0 f i TraceUI.obj
 0001:00003d20       ?readBMP@@YAPAEPADAAH1@Z   00404d20 f   bitmap.obj
 0001:00003e90       ?writeBMP@@YAXPADHHPAE@Z   00404e90 f   bitmap.obj
 0001:00004020       ??$?6DU?$char_traits@D@std@@V?$allocator@D@1@@std@@YAAAV?$basic_ostream@DU?$char_traits@D@std@@@0@AAV10@ABV?$basic_string@DU?$char_traits@D@std@@V?$allocator@D@2@@0@@Z 00405020 f i parse.obj
 0001:00004220       ??$?6U?$char_traits@D@std@@@std@@YAAAV?$basic_ostream@DU?$char_traits@D@std@@@0@AAV10@D@Z 00405220 f i parse.obj
 0001:00004430       ??$?6U?$char_traits@D@std@@@std@@YAAAV?$basic_ostream@DU?$char_traits@D@std@@@0@AAV10@PBD@Z 00405430 f i parse.obj
 0001:00004670       ??$?8DU?$char_traits@D@std@@V?$allocator@D@1@@std@@YA_NABV?$basic_string@DU?$char_traits@D@std@@V?$allocator@D@2@@0@PBD@Z 00405670 f i parse.obj
 0001:000046e0       ??$?HDU?$char_traits@D@std@@V?$allocator@D@1@@std@@YA?AV?$basic_string@DU?$char_traits@D@std@@V?$allocator@D@2@@0@$$QAV10@0@Z 004056e0 f i parse.obj
 0001:00004750       ??$?HDU?$char_traits@D@std@@V?$allocator@D@1@@std@@YA?AV?$basic_string@DU?$char_traits@D@std@@V?$allocator@D@2@@0@$$QAV10@ABV10@@Z 00405750 f i parse.obj
 0001:00004790       ??$_Buynode@AAU?$pair@$$CBV?$basic_string@DU?$char_traits@D@std@@V?$allocator@D@2@@std@@PAVObj@@@std@@@?$_Tree_comp_alloc@V?$_Tmap_traits@V?$basic_string@DU?$char_traits@D@std@@V?$allocator@D@2@@std@@PAVObj@@U?$less@V?$basic_string@DU?$char_traits@D@std@@V?$allocator@D@2@@std@@@2@V?$allocator@U?$pair@$$CBV?$basic_string@DU?$char_traits@D@std@@V?$allocator@D@2@@std@@PAVObj@@@std@@@2@$0A@@std@@@std@@QAEPAU?$_Tree_node@U?$pair@$$CBV?$basic_string@DU?$char_traits@D@std@@V?$allocator@D@2@@std@@PAVObj@@@std@@PAX@1@AAU?$pair@$$CBV?$basic_string@DU?$char_traits@D@std@@V?$allocator@D@2@@std@@PAVObj@@@1@@Z 00405790 f i parse.obj
 0001:00004850       ??$_Buynode@ABUpiecewise_construct_t@std@@V?$tuple@ABV?$basic_string@DU?$char_traits@D@std@@V?$allocator@D@2@@std@@@2@V?$tuple@$$V@2@@?$_Tree_comp_alloc@V?$_Tmap_traits@V?$basic_string@DU?$char_traits@D@std@@V?$allocator@D@2@@std@@PAVObj@@U?$less@V?$basic_string@DU?$char_traits@D@std@@V?$allocator@D@2@@std@@@2@V?$allocator@U?$pair@$$CBV?$basic_string@DU?$char_traits@D@std@@V?$allocator@D@2@@std@@PAVObj@@@std@@@2@$0A@@std@@@std@@QAEPAU?$_Tree_node@U?$pair@$$CBV?$basic_string@DU?$char_traits@D@std@@V?$allocator@D@2@@std@@PAVObj@@@std@@PAX@1@ABUpiecewise_construct_t@1@$$QAV?$tuple@ABV?$basic_string@DU?$char_traits@D@std@@V?$allocator@D@2@@std@@@1@$$QAV?$tuple@$$V@1@@Z 00405850 f i parse.obj
 0001:00004910       ??$_Copy@U_Copy_tag@?$_Tree@V?$_Tmap_traits@V?$basic_string@DU?$char_traits@D@std@@V?$allocator@D@2@@std@@PAVObj@@U?$less@V?$basic_string@DU?$char_traits@D@std@@V?$allocator@D@2@@std@@@2@V?$allocator@U?$pair@$$CBV?$basic_string@DU?$char_traits@D@std@@V?$allocator@D@2@@std@@PAVObj@@@std@@@2@$0A@@std@@@std@@@?$_Tree@V?$_Tmap_traits@V?$basic_string@DU?$char_traits@D@std@@V?$allocator@D@2@@std@@PAVObj@@U?$less@V?$basic_string@DU?$char_traits@D@std@@V?$allocator@D@2@@std@@@2@V?$allocator@U?$pair@$$CBV?$basic_string@DU?$char_traits@D@std@@V?$allocator@D@2@@std@@PAVObj@@@std@@@2@$0A@@std@@@std@@IAEXABV01@U_Copy_tag@01@@Z 00405910 f i parse.obj
 0001:00004990       ??$_Copy_nodes@U_Copy_tag@?$_Tree@V?$_Tmap_traits@V?$basic_string@DU?$char_traits@D@std@@V?$allocator@D@2@@std@@PAVObj@@U?$less@V?$basic_string@DU?$char_traits@D@std@@V?$allocator@D@2@@std@@@2@V?$allocator@U?$pair@$$CBV?$basic_string@DU?$char_traits@D@std@@V?$allocator@D@2@@std@@PAVObj@@@std@@@2@$0A@@std@@@std@@@?$_Tree@V?$_Tmap_traits@V?$basic_string@DU?$char_traits@D@std@@V?$allocator@D@2@@std@@PAVObj@@U?$less@V?$basic_string@DU?$char_traits@D@std@@V?$allocator@D@2@@std@@@2@V?$allocator@U?$pair@$$CBV?$basic_string@DU?$char_traits@D@std@@V?$allocator@D@2@@std@@PAVObj@@@std@@@2@$0A@@std@@@std@@IAEPAU?$_Tree_node@U?$pair@$$CBV?$basic_string@DU?$char_traits@D@std@@V?$allocator@D@2@@std@@PAVObj@@@std@@PAX@1@PAU21@0U_Copy_tag@01@@Z 00405990 f i parse.obj
 0001:00004a50       ??$_Insert_at@AAU?$pair@$$CBV?$basic_string@DU?$char_traits@D@std@@V?$allocator@D@2@@std@@PAVObj@@@std@@PAU?$_Tree_node@U?$pair@$$CBV?$basic_string@DU?$char_traits@D@std@@V?$allocator@D@2@@std@@PAVObj@@@std@@PAX@2@@?$_Tree@V?$_Tmap_traits@V?$basic_string@DU?$char_traits@D@std@@V?$allocator@D@2@@std@@PAVObj@@U?$less@V?$basic_string@DU?$char_traits@D@std@@V?$allocator@D@2@@std@@@2@V?$allocator@U?$pair@$$CBV?$basic_string@DU?$char_traits@D@std@@V?$allocator@D@2@@std@@PAVObj@@@std@@@2@$0A@@std@@@std@@IAE?AV?$_Tree_iterator@V?$_Tree_val@U?$_Tree_simple_types@U?$pair@$$CBV?$basic_string@DU?$char_traits@D@std@@V?$allocator@D@2@@std@@PAVObj@@@std@@@std@@@std@@@1@_NPAU?$_Tree_node@U?$pair@$$CBV?$basic_string@DU?$char_traits@D@std@@V?$allocator@D@2@@std@@PAVObj@@@std@@PAX@1@AAU?$pair@$$CBV?$basic_string@DU?$char_traits@D@std@@V?$allocator@D@2@@std@@PAVObj@@@1@1@Z 00405a50 f i parse.obj
 0001:00004c20       ??$_Insert_hint@AAU?$pair@$$CBV?$basic_string@DU?$char_traits@D@std@@V?$allocator@D@2@@std@@PAVObj@@@std@@PAU?$_Tree_node@U?$pair@$$CBV?$basic_string@DU?$char_traits@D@std@@V?$allocator@D@2@@std@@PAVObj@@@std@@PAX@2@@?$_Tree@V?$_Tmap_traits@V?$basic_string@DU?$char_traits@D@std@@V?$allocator@D@2@@std@@PAVObj@@U?$less@V?$basic_string@DU?$char_traits@D@std@@V?$allocator@D@2@@std@@@2@V?$allocator@U?$pair@$$CBV?$basic_string@DU?$char_traits@D@std@@V?$allocator@D@2@@std@@PAVObj@@@std@@@2@$0A@@std@@@std@@IAE?AV?$_Tree_iterator@V?$_Tree_val@U?$_Tree_simple_types@U?$pair@$$CBV?$basic_string@DU?$char_traits@D@std@@V?$allocator@D@2@@std@@PAVObj@@@std@@@std@@@std@@@1@V?$_Tree_const_iterator@V?$_Tree_val@U?$_Tree_simple_types@U?$pair@$$CBV?$basic_string@DU?$char_traits@D@std@@V?$allocator@D@2@@std@@PAVObj@@@std@@@std@@@std@@@1@AAU?$pair@$$CBV?$basic_string@DU?$char_traits@D@std@@V?$allocator@D@2@@std@@PAVObj@@@1@PAU?$_Tree_node@U?$pair@$$CBV?$basic_string@DU?$char_traits@D@std@@V?$allocator@D@2@@std@@PAVObj@@@std@@PAX@1@@Z 00405c20 f i parse.obj
 0001:00004e80       ??$_Insert_nohint@AAU?$pair@$$CBV?$basic_string@DU?$char_traits@D@std@@V?$allocator@D@2@@std@@PAVObj@@@std@@PAU?$_Tree_node@U?$pair@$$CBV?$basic_string@DU?$char_traits@D@std@@V?$allocator@D@2@@std@@PAVObj@@@std@@PAX@2@@?$_Tree@V?$_Tmap_traits@V?$basic_string@DU?$char_traits@D@std@@V?$allocator@D@2@@std@@PAVObj@@U?$less@V?$basic_string@DU?$char_traits@D@std@@V?$allocator@D@2@@std@@@2@V?$allocator@U?$pair@$$CBV?$basic_string@DU?$char_traits@D@std@@V?$allocator@D@2@@std@@PAVObj@@@std@@@2@$0A@@std@@@std@@IAE?AU?$pair@V?$_Tree_iterator@V?$_Tree_val@U?$_Tree_simple_types@U?$pair@$$CBV?$basic_string@DU?$char_traits@D@std@@V?$allocator@D@2@@std@@PAVObj@@@std@@@std@@@std@@@std@@_N@1@_NAAU?$pair@$$CBV?$basic_string@DU?$char_traits@D@std@@V?$allocator@D@2@@std@@PAVObj@@@1@PAU?$_Tree_node@U?$pair@$$CBV?$basic_string@DU?$char_traits@D@std@@V?$allocator@D@2@@std@@PAVObj@@@std@@PAX@1@@Z 00405e80 f i parse.obj
 0001:00005100       ??$_Lbound@V?$basic_string@DU?$char_traits@D@std@@V?$allocator@D@2@@std@@@?$_Tree@V?$_Tmap_traits@V?$basic_string@DU?$char_traits@D@std@@V?$allocator@D@2@@std@@PAVObj@@U?$less@V?$basic_string@DU?$char_traits@D@std@@V?$allocator@D@2@@std@@@2@V?$allocator@U?$pair@$$CBV?$basic_string@DU?$char_traits@D@std@@V?$allocator@D@2@@std@@PAVObj@@@std@@@2@$0A@@std@@@std@@IBEPAU?$_Tree_node@U?$pair@$$CBV?$basic_string@DU?$char_traits@D@std@@V?$allocator@D@2@@std@@PAVObj@@@std@@PAX@1@ABV?$basic_string@DU?$char_traits@D@std@@V?$allocator@D@2@@1@@Z 00406100 f i parse.obj
 0001:000051e0       ??$_Try_emplace@ABV?$basic_string@DU?$char_traits@D@std@@V?$allocator@D@2@@std@@$$V@?$map@V?$basic_string@DU?$char_traits@D@std@@V?$allocator@D@2@@std@@PAVObj@@U?$less@V?$basic_string@DU?$char_traits@D@std@@V?$allocator@D@2@@std@@@2@V?$allocator@U?$pair@$$CBV?$basic_string@DU?$char_traits@D@std@@V?$allocator@D@2@@std@@PAVObj@@@std@@@2@@std@@QAE?AU?$pair@V?$_Tree_iterator@V?$_Tree_val@U?$_Tree_simple_types@U?$pair@$$CBV?$basic_string@DU?$char_traits@D@std@@V?$allocator@D@2@@std@@PAVObj@@@std@@@std@@@std@@@std@@_N@1@ABV?$basic_string@DU?$char_traits@D@std@@V?$allocator@D@2@@1@@Z 004061e0 f i parse.obj
 0001:00005260       ??0?$_Tree@V?$_Tmap_traits@V?$basic_string@DU?$char_traits@D@std@@V?$allocator@D@2@@std@@PAVObj@@U?$less@V?$basic_string@DU?$char_traits@D@std@@V?$allocator@D@2@@std@@@2@V?$allocator@U?$pair@$$CBV?$basic_string@DU?$char_traits@D@std@@V?$allocator@D@2@@std@@PAVObj@@@std@@@2@$0A@@std@@@std@@QAE@ABV01@ABV?$allocator@U?$pair@$$CBV?$basic_string@DU?$char_traits@D@std@@V?$allocator@D@2@@std@@PAVObj@@@std@@@1@@Z 00406260 f i parse.obj
 0001:000052f0       ??0?$basic_string@DU?$char_traits@D@std@@V?$allocator@D@2@@std@@QAE@PBD@Z 004062f0 f i parse.obj
 0001:00005350       ??0?$vector@PAVObj@@V?$allocator@PAVObj@@@std@@@std@@QAE@ABV01@@Z 00406350 f i parse.obj
 0001:000053e0       ??0Exception@@QAE@ABV0@@Z  004063e0 f i parse.obj
 0001:00005410       ??0IdObj@@QAE@ABV?$basic_string@DU?$char_traits@D@std@@V?$allocator@D@2@@std@@@Z 00406410 f i parse.obj
 0001:00005480       ??0NamedObj@@QAE@ABV?$basic_string@DU?$char_traits@D@std@@V?$allocator@D@2@@std@@PAVObj@@@Z 00406480 f i parse.obj
 0001:000054f0       ??0ObjTypeMismatch@@QAE@ABV0@@Z 004064f0 f i parse.obj
 0001:00005520       ??0ObjTypeMismatch@@QAE@V?$basic_string@DU?$char_traits@D@std@@V?$allocator@D@2@@std@@0@Z 00406520 f i parse.obj
 0001:000057d0       ??0ParseError@@QAE@ABV0@@Z 004067d0 f i parse.obj
 0001:00005800       ??1?$_Tree_comp_alloc@V?$_Tmap_traits@V?$basic_string@DU?$char_traits@D@std@@V?$allocator@D@2@@std@@PAVObj@@U?$less@V?$basic_string@DU?$char_traits@D@std@@V?$allocator@D@2@@std@@@2@V?$allocator@U?$pair@$$CBV?$basic_string@DU?$char_traits@D@std@@V?$allocator@D@2@@std@@PAVObj@@@std@@@2@$0A@@std@@@std@@QAE@XZ 00406800 f i parse.obj
 0001:00005810       ??1?$map@V?$basic_string@DU?$char_traits@D@std@@V?$allocator@D@2@@std@@PAVObj@@U?$less@V?$basic_string@DU?$char_traits@D@std@@V?$allocator@D@2@@std@@@2@V?$allocator@U?$pair@$$CBV?$basic_string@DU?$char_traits@D@std@@V?$allocator@D@2@@std@@PAVObj@@@std@@@2@@std@@QAE@XZ 00406810 f i parse.obj
 0001:00005870       ??1?$vector@PAVObj@@V?$allocator@PAVObj@@@std@@@std@@QAE@XZ 00406870 f i parse.obj
 0001:000058b0       ??1BooleanObj@@UAE@XZ      004068b0 f i parse.obj
 0001:000058c0       ??1DictObj@@UAE@XZ         004068c0 f i parse.obj
 0001:00005990       ??1IdObj@@UAE@XZ           00406990 f i parse.obj
 0001:000059e0       ??1NamedObj@@UAE@XZ        004069e0 f i parse.obj
 0001:00005a40       ??1Obj@@UAE@XZ             00406a40 f i parse.obj
 0001:00005a50       ??1ObjTypeMismatch@@QAE@XZ 00406a50 f i parse.obj
 0001:00005a90       ??1ScalarObj@@UAE@XZ       00406a90 f i parse.obj
 0001:00005aa0       ??1StringObj@@UAE@XZ       00406aa0 f i parse.obj
 0001:00005af0       ??1TupleObj@@UAE@XZ        00406af0 f i parse.obj
 0001:00005ba0       ??1_Sentry_base@?$basic_ostream@DU?$char_traits@D@std@@@std@@QAE@XZ 00406ba0 f i parse.obj
 0001:00005bf0       ??1sentry@?$basic_ostream@DU?$char_traits@D@std@@@std@@QAE@XZ 00406bf0 f i parse.obj
 0001:00005c60       ??3@YAXPAX0@Z              00406c60 f i parse.obj
 0001:00005c70       ??E?$_Tree_unchecked_const_iterator@V?$_Tree_val@U?$_Tree_simple_types@U?$pair@$$CBV?$basic_string@DU?$char_traits@D@std@@V?$allocator@D@2@@std@@PAVObj@@@std@@@std@@@std@@U_Iterator_base0@2@@std@@QAEAAV01@XZ 00406c70 f i parse.obj
 0001:00005cc0       ??F?$_Tree_unchecked_const_iterator@V?$_Tree_val@U?$_Tree_simple_types@U?$pair@$$CBV?$basic_string@DU?$char_traits@D@std@@V?$allocator@D@2@@std@@PAVObj@@@std@@@std@@@std@@U_Iterator_base0@2@@std@@QAEAAV01@XZ 00406cc0 f i parse.obj
 0001:00005d20       ??R?$less@V?$basic_string@DU?$char_traits@D@std@@V?$allocator@D@2@@std@@@std@@QBE_NABV?$basic_string@DU?$char_traits@D@std@@V?$allocator@D@2@@1@0@Z 00406d20 f i parse.obj
 0001:00005d80       ??_EBooleanObj@@UAEPAXI@Z  00406d80 f i parse.obj
 0001:00005d80       ??_GBooleanObj@@UAEPAXI@Z  00406d80 f i parse.obj
 0001:00005db0       ??_EDictObj@@UAEPAXI@Z     00406db0 f i parse.obj
 0001:00005db0       ??_GDictObj@@UAEPAXI@Z     00406db0 f i parse.obj
 0001:00005de0       ??_GIdObj@@UAEPAXI@Z       00406de0 f i parse.obj
 0001:00005de0       ??_EIdObj@@UAEPAXI@Z       00406de0 f i parse.obj
 0001:00005e40       ??_GNamedObj@@UAEPAXI@Z    00406e40 f i parse.obj
 0001:00005e40       ??_ENamedObj@@UAEPAXI@Z    00406e40 f i parse.obj
 0001:00005e70       ??_GObj@@UAEPAXI@Z         00406e70 f i parse.obj
 0001:00005e70       ??_EObj@@UAEPAXI@Z         00406e70 f i parse.obj
 0001:00005ea0       ??_EScalarObj@@UAEPAXI@Z   00406ea0 f i parse.obj
 0001:00005ea0       ??_GScalarObj@@UAEPAXI@Z   00406ea0 f i parse.obj
 0001:00005ed0       ??_EStringObj@@UAEPAXI@Z   00406ed0 f i parse.obj
 0001:00005ed0       ??_GStringObj@@UAEPAXI@Z   00406ed0 f i parse.obj
 0001:00005f30       ??_GTupleObj@@UAEPAXI@Z    00406f30 f i parse.obj
 0001:00005f30       ??_ETupleObj@@UAEPAXI@Z    00406f30 f i parse.obj
 0001:00005f60       ?_Assign_rv@?$basic_string@DU?$char_traits@D@std@@V?$allocator@D@2@@std@@QAEX$$QAV12@@Z 00406f60 f i parse.obj
 0001:00005fd0       ?_Buyheadnode@?$_Tree_comp_alloc@V?$_Tmap_traits@V?$basic_string@DU?$char_traits@D@std@@V?$allocator@D@2@@std@@PAVObj@@U?$less@V?$basic_string@DU?$char_traits@D@std@@V?$allocator@D@2@@std@@@2@V?$allocator@U?$pair@$$CBV?$basic_string@DU?$char_traits@D@std@@V?$allocator@D@2@@std@@PAVObj@@@std@@@2@$0A@@std@@@std@@QAEPAU?$_Tree_node@U?$pair@$$CBV?$basic_string@DU?$char_traits@D@std@@V?$allocator@D@2@@std@@PAVObj@@@std@@PAX@2@XZ 00406fd0 f i parse.obj
 0001:00006000       ?_Buynode0@?$_Tree_comp_alloc@V?$_Tmap_traits@V?$basic_string@DU?$char_traits@D@std@@V?$allocator@D@2@@std@@PAVObj@@U?$less@V?$basic_string@DU?$char_traits@D@std@@V?$allocator@D@2@@std@@@2@V?$allocator@U?$pair@$$CBV?$basic_string@DU?$char_traits@D@std@@V?$allocator@D@2@@std@@PAVObj@@@std@@@2@$0A@@std@@@std@@QAEPAU?$_Tree_node@U?$pair@$$CBV?$basic_string@DU?$char_traits@D@std@@V?$allocator@D@2@@std@@PAVObj@@@std@@PAX@2@XZ 00407000 f i parse.obj
 0001:00006040       ?_Chassign@?$basic_string@DU?$char_traits@D@std@@V?$allocator@D@2@@std@@QAEXIID@Z 00407040 f i parse.obj
 0001:00006090       ?_Destroy_if_not_nil@?$_Tree@V?$_Tmap_traits@V?$basic_string@DU?$char_traits@D@std@@V?$allocator@D@2@@std@@PAVObj@@U?$less@V?$basic_string@DU?$char_traits@D@std@@V?$allocator@D@2@@std@@@2@V?$allocator@U?$pair@$$CBV?$basic_string@DU?$char_traits@D@std@@V?$allocator@D@2@@std@@PAVObj@@@std@@@2@$0A@@std@@@std@@IAEXPAU?$_Tree_node@U?$pair@$$CBV?$basic_string@DU?$char_traits@D@std@@V?$allocator@D@2@@std@@PAVObj@@@std@@PAX@2@@Z 00407090 f i parse.obj
 0001:000060e0       ?_Erase@?$_Tree@V?$_Tmap_traits@V?$basic_string@DU?$char_traits@D@std@@V?$allocator@D@2@@std@@PAVObj@@U?$less@V?$basic_string@DU?$char_traits@D@std@@V?$allocator@D@2@@std@@@2@V?$allocator@U?$pair@$$CBV?$basic_string@DU?$char_traits@D@std@@V?$allocator@D@2@@std@@PAVObj@@@std@@@2@$0A@@std@@@std@@IAEXPAU?$_Tree_node@U?$pair@$$CBV?$basic_string@DU?$char_traits@D@std@@V?$allocator@D@2@@std@@PAVObj@@@std@@PAX@2@@Z 004070e0 f i parse.obj
 0001:00006190       ?_Lrotate@?$_Tree@V?$_Tmap_traits@V?$basic_string@DU?$char_traits@D@std@@V?$allocator@D@2@@std@@PAVObj@@U?$less@V?$basic_string@DU?$char_traits@D@std@@V?$allocator@D@2@@std@@@2@V?$allocator@U?$pair@$$CBV?$basic_string@DU?$char_traits@D@std@@V?$allocator@D@2@@std@@PAVObj@@@std@@@2@$0A@@std@@@std@@IAEXPAU?$_Tree_node@U?$pair@$$CBV?$basic_string@DU?$char_traits@D@std@@V?$allocator@D@2@@std@@PAVObj@@@std@@PAX@2@@Z 00407190 f i parse.obj
 0001:000061f0       ?_Reallocate@?$vector@PAVObj@@V?$allocator@PAVObj@@@std@@@std@@IAEXI@Z 004071f0 f i parse.obj
 0001:00006250       ?_Reserve@?$vector@PAVObj@@V?$allocator@PAVObj@@@std@@@std@@IAEXI@Z 00407250 f i parse.obj
 0001:000062c0       ?_Rrotate@?$_Tree@V?$_Tmap_traits@V?$basic_string@DU?$char_traits@D@std@@V?$allocator@D@2@@std@@PAVObj@@U?$less@V?$basic_string@DU?$char_traits@D@std@@V?$allocator@D@2@@std@@@2@V?$allocator@U?$pair@$$CBV?$basic_string@DU?$char_traits@D@std@@V?$allocator@D@2@@std@@PAVObj@@@std@@@2@$0A@@std@@@std@@IAEXPAU?$_Tree_node@U?$pair@$$CBV?$basic_string@DU?$char_traits@D@std@@V?$allocator@D@2@@std@@PAVObj@@@std@@PAX@2@@Z 004072c0 f i parse.obj
 0001:00006320       ?allocate@?$allocator@PAVObj@@@std@@QAEPAPAVObj@@I@Z 00407320 f i parse.obj
 0001:00006390       ?append@?$basic_string@DU?$char_traits@D@std@@V?$allocator@D@2@@std@@QAEAAV12@ABV12@II@Z 00407390 f i parse.obj
 0001:00006480       ?append@?$basic_string@DU?$char_traits@D@std@@V?$allocator@D@2@@std@@QAEAAV12@ID@Z 00407480 f i parse.obj
 0001:00006530       ?compare@?$char_traits@D@std@@SAHPBD0I@Z 00407530 f i parse.obj
 0001:000067e0       ?erase@?$_Tree@V?$_Tmap_traits@V?$basic_string@DU?$char_traits@D@std@@V?$allocator@D@2@@std@@PAVObj@@U?$less@V?$basic_string@DU?$char_traits@D@std@@V?$allocator@D@2@@std@@@2@V?$allocator@U?$pair@$$CBV?$basic_string@DU?$char_traits@D@std@@V?$allocator@D@2@@std@@PAVObj@@@std@@@2@$0A@@std@@@std@@QAE?AV?$_Tree_iterator@V?$_Tree_val@U?$_Tree_simple_types@U?$pair@$$CBV?$basic_string@DU?$char_traits@D@std@@V?$allocator@D@2@@std@@PAVObj@@@std@@@std@@@std@@@2@V?$_Tree_const_iterator@V?$_Tree_val@U?$_Tree_simple_types@U?$pair@$$CBV?$basic_string@DU?$char_traits@D@std@@V?$allocator@D@2@@std@@PAVObj@@@std@@@std@@@std@@@2@0@Z 004077e0 f i parse.obj
 0001:000068d0       ?erase@?$_Tree@V?$_Tmap_traits@V?$basic_string@DU?$char_traits@D@std@@V?$allocator@D@2@@std@@PAVObj@@U?$less@V?$basic_string@DU?$char_traits@D@std@@V?$allocator@D@2@@std@@@2@V?$allocator@U?$pair@$$CBV?$basic_string@DU?$char_traits@D@std@@V?$allocator@D@2@@std@@PAVObj@@@std@@@2@$0A@@std@@@std@@QAE?AV?$_Tree_iterator@V?$_Tree_val@U?$_Tree_simple_types@U?$pair@$$CBV?$basic_string@DU?$char_traits@D@std@@V?$allocator@D@2@@std@@PAVObj@@@std@@@std@@@std@@@2@V?$_Tree_const_iterator@V?$_Tree_val@U?$_Tree_simple_types@U?$pair@$$CBV?$basic_string@DU?$char_traits@D@std@@V?$allocator@D@2@@std@@PAVObj@@@std@@@std@@@std@@@2@@Z 004078d0 f i parse.obj
 0001:00006bb0       ?getBoolean@BooleanObj@@UBE_NXZ 00407bb0 f i parse.obj
 0001:00006bc0       ?getBoolean@Obj@@UBE_NXZ   00407bc0 f i parse.obj
 0001:00006c50       ?getChild@NamedObj@@UBEPAVObj@@XZ 00407c50 f i parse.obj
 0001:00006c60       ?getChild@Obj@@UBEPAV1@XZ  00407c60 f i parse.obj
 0001:00006cf0       ?getDict@DictObj@@UBEABV?$map@V?$basic_string@DU?$char_traits@D@std@@V?$allocator@D@2@@std@@PAVObj@@U?$less@V?$basic_string@DU?$char_traits@D@std@@V?$allocator@D@2@@std@@@2@V?$allocator@U?$pair@$$CBV?$basic_string@DU?$char_traits@D@std@@V?$allocator@D@2@@std@@PAVObj@@@std@@@2@@std@@XZ 00407cf0 f i parse.obj
 0001:00006d00       ?getDict@Obj@@UBEABV?$map@V?$basic_string@DU?$char_traits@D@std@@V?$allocator@D@2@@std@@PAVObj@@U?$less@V?$basic_string@DU?$char_traits@D@std@@V?$allocator@D@2@@std@@@2@V?$allocator@U?$pair@$$CBV?$basic_string@DU?$char_traits@D@std@@V?$allocator@D@2@@std@@PAVObj@@@std@@@2@@std@@XZ 00407d00 f i parse.obj
 0001:00006d90       ?getID@IdObj@@UBE?AV?$basic_string@DU?$char_traits@D@std@@V?$allocator@D@2@@std@@XZ 00407d90 f i parse.obj
 0001:00006dd0       ?getID@Obj@@UBE?AV?$basic_string@DU?$char_traits@D@std@@V?$allocator@D@2@@std@@XZ 00407dd0 f i parse.obj
 0001:00006e60       ?getName@NamedObj@@UBE?AV?$basic_string@DU?$char_traits@D@std@@V?$allocator@D@2@@std@@XZ 00407e60 f i parse.obj
 0001:00006ea0       ?getName@Obj@@UBE?AV?$basic_string@DU?$char_traits@D@std@@V?$allocator@D@2@@std@@XZ 00407ea0 f i parse.obj
 0001:00006f30       ?getScalar@Obj@@UBENXZ     00407f30 f i parse.obj
 0001:00006fc0       ?getScalar@ScalarObj@@UBENXZ 00407fc0 f i parse.obj
 0001:00006fd0       ?getString@Obj@@UBE?AV?$basic_string@DU?$char_traits@D@std@@V?$allocator@D@2@@std@@XZ 00407fd0 f i parse.obj
 0001:00007060       ?getString@StringObj@@UBE?AV?$basic_string@DU?$char_traits@D@std@@V?$allocator@D@2@@std@@XZ 00408060 f i parse.obj
 0001:000070a0       ?getTuple@Obj@@UBEABV?$vector@PAVObj@@V?$allocator@PAVObj@@@std@@@std@@XZ 004080a0 f i parse.obj
 0001:00007130       ?getTuple@TupleObj@@UBEABV?$vector@PAVObj@@V?$allocator@PAVObj@@@std@@@std@@XZ 00408130 f i parse.obj
 0001:00007140       ?getTypeName@BooleanObj@@UBE?AV?$basic_string@DU?$char_traits@D@std@@V?$allocator@D@2@@std@@XZ 00408140 f i parse.obj
 0001:00007180       ?getTypeName@DictObj@@UBE?AV?$basic_string@DU?$char_traits@D@std@@V?$allocator@D@2@@std@@XZ 00408180 f i parse.obj
 0001:000071c0       ?getTypeName@IdObj@@UBE?AV?$basic_string@DU?$char_traits@D@std@@V?$allocator@D@2@@std@@XZ 004081c0 f i parse.obj
 0001:00007200       ?getTypeName@NamedObj@@UBE?AV?$basic_string@DU?$char_traits@D@std@@V?$allocator@D@2@@std@@XZ 00408200 f i parse.obj
 0001:00007240       ?getTypeName@Obj@@UBE?AV?$basic_string@DU?$char_traits@D@std@@V?$allocator@D@2@@std@@XZ 00408240 f i parse.obj
 0001:00007280       ?getTypeName@ScalarObj@@UBE?AV?$basic_string@DU?$char_traits@D@std@@V?$allocator@D@2@@std@@XZ 00408280 f i parse.obj
 0001:000072c0       ?getTypeName@StringObj@@UBE?AV?$basic_string@DU?$char_traits@D@std@@V?$allocator@D@2@@std@@XZ 004082c0 f i parse.obj
 0001:00007300       ?getTypeName@TupleObj@@UBE?AV?$basic_string@DU?$char_traits@D@std@@V?$allocator@D@2@@std@@XZ 00408300 f i parse.obj
 0001:00007340       ?insert@?$basic_string@DU?$char_traits@D@std@@V?$allocator@D@2@@std@@QAEAAV12@IABV12@II@Z 00408340 f i parse.obj
 0001:000074d0       ?printOn@BooleanObj@@UBEXAAV?$basic_ostream@DU?$char_traits@D@std@@@std@@@Z 004084d0 f i parse.obj
 0001:00007500       ?printOn@DictObj@@UBEXAAV?$basic_ostream@DU?$char_traits@D@std@@@std@@@Z 00408500 f i parse.obj
 0001:000075d0       ?printOn@IdObj@@UBEXAAV?$basic_ostream@DU?$char_traits@D@std@@@std@@@Z 004085d0 f i parse.obj
 0001:000075f0       ?printOn@NamedObj@@UBEXAAV?$basic_ostream@DU?$char_traits@D@std@@@std@@@Z 004085f0 f i parse.obj
 0001:00007620       ?printOn@Obj@@UBEXAAV?$basic_ostream@DU?$char_traits@D@std@@@std@@@Z 00408620 f i parse.obj
 0001:00007630       ?printOn@ScalarObj@@UBEXAAV?$basic_ostream@DU?$char_traits@D@std@@@std@@@Z 00408630 f i parse.obj
 0001:00007650       ?printOn@StringObj@@UBEXAAV?$basic_ostream@DU?$char_traits@D@std@@@std@@@Z 00408650 f i parse.obj
 0001:00007680       ?printOn@TupleObj@@UBEXAAV?$basic_ostream@DU?$char_traits@D@std@@@std@@@Z 00408680 f i parse.obj
 0001:00007a50       ?readFile@@YAPAVObj@@AAV?$basic_istream@DU?$char_traits@D@std@@@std@@@Z 00408a50 f   parse.obj
 0001:000082d0       ??$?HDU?$char_traits@D@std@@V?$allocator@D@1@@std@@YA?AV?$basic_string@DU?$char_traits@D@std@@V?$allocator@D@2@@0@$$QAV10@PBD@Z 004092d0 f i read.obj
 0001:00008330       ??$_Buynode@ABQAVGeometry@@@?$_List_buy@PAVGeometry@@V?$allocator@PAVGeometry@@@std@@@std@@QAEPAU?$_List_node@PAVGeometry@@PAX@1@PAU21@0ABQAVGeometry@@@Z 00409330 f i read.obj
 0001:00008350       ??$_Buynode@ABQAVLight@@@?$_List_buy@PAVLight@@V?$allocator@PAVLight@@@std@@@std@@QAEPAU?$_List_node@PAVLight@@PAX@1@PAU21@0ABQAVLight@@@Z 00409350 f i read.obj
 0001:00008370       ??$_Buynode@ABQAVTransformNode@@@?$_List_buy@PAVTransformNode@@V?$allocator@PAVTransformNode@@@std@@@std@@QAEPAU?$_List_node@PAVTransformNode@@PAX@1@PAU21@0ABQAVTransformNode@@@Z 00409370 f i read.obj
 0001:00008390       ??$_Buynode@ABUpiecewise_construct_t@std@@V?$tuple@ABV?$basic_string@DU?$char_traits@D@std@@V?$allocator@D@2@@std@@@2@V?$tuple@$$V@2@@?$_Tree_comp_alloc@V?$_Tmap_traits@V?$basic_string@DU?$char_traits@D@std@@V?$allocator@D@2@@std@@PAVMaterial@@U?$less@V?$basic_string@DU?$char_traits@D@std@@V?$allocator@D@2@@std@@@2@V?$allocator@U?$pair@$$CBV?$basic_string@DU?$char_traits@D@std@@V?$allocator@D@2@@std@@PAVMaterial@@@std@@@2@$0A@@std@@@std@@QAEPAU?$_Tree_node@U?$pair@$$CBV?$basic_string@DU?$char_traits@D@std@@V?$allocator@D@2@@std@@PAVMaterial@@@std@@PAX@1@ABUpiecewise_construct_t@1@$$QAV?$tuple@ABV?$basic_string@DU?$char_traits@D@std@@V?$allocator@D@2@@std@@@1@$$QAV?$tuple@$$V@1@@Z 00409390 f i read.obj
 0001:00008450       ??$_Insert_at@AAU?$pair@$$CBV?$basic_string@DU?$char_traits@D@std@@V?$allocator@D@2@@std@@PAVMaterial@@@std@@PAU?$_Tree_node@U?$pair@$$CBV?$basic_string@DU?$char_traits@D@std@@V?$allocator@D@2@@std@@PAVMaterial@@@std@@PAX@2@@?$_Tree@V?$_Tmap_traits@V?$basic_string@DU?$char_traits@D@std@@V?$allocator@D@2@@std@@PAVMaterial@@U?$less@V?$basic_string@DU?$char_traits@D@std@@V?$allocator@D@2@@std@@@2@V?$allocator@U?$pair@$$CBV?$basic_string@DU?$char_traits@D@std@@V?$allocator@D@2@@std@@PAVMaterial@@@std@@@2@$0A@@std@@@std@@IAE?AV?$_Tree_iterator@V?$_Tree_val@U?$_Tree_simple_types@U?$pair@$$CBV?$basic_string@DU?$char_traits@D@std@@V?$allocator@D@2@@std@@PAVMaterial@@@std@@@std@@@std@@@1@_NPAU?$_Tree_node@U?$pair@$$CBV?$basic_string@DU?$char_traits@D@std@@V?$allocator@D@2@@std@@PAVMaterial@@@std@@PAX@1@AAU?$pair@$$CBV?$basic_string@DU?$char_traits@D@std@@V?$allocator@D@2@@std@@PAVMaterial@@@1@1@Z 00409450 f i read.obj
 0001:00008620       ??$_Insert_hint@AAU?$pair@$$CBV?$basic_string@DU?$char_traits@D@std@@V?$allocator@D@2@@std@@PAVMaterial@@@std@@PAU?$_Tree_node@U?$pair@$$CBV?$basic_string@DU?$char_traits@D@std@@V?$allocator@D@2@@std@@PAVMaterial@@@std@@PAX@2@@?$_Tree@V?$_Tmap_traits@V?$basic_string@DU?$char_traits@D@std@@V?$allocator@D@2@@std@@PAVMaterial@@U?$less@V?$basic_string@DU?$char_traits@D@std@@V?$allocator@D@2@@std@@@2@V?$allocator@U?$pair@$$CBV?$basic_string@DU?$char_traits@D@std@@V?$allocator@D@2@@std@@PAVMaterial@@@std@@@2@$0A@@std@@@std@@IAE?AV?$_Tree_iterator@V?$_Tree_val@U?$_Tree_simple_types@U?$pair@$$CBV?$basic_string@DU?$char_traits@D@std@@V?$allocator@D@2@@std@@PAVMaterial@@@std@@@std@@@std@@@1@V?$_Tree_const_iterator@V?$_Tree_val@U?$_Tree_simple_types@U?$pair@$$CBV?$basic_string@DU?$char_traits@D@std@@V?$allocator@D@2@@std@@PAVMaterial@@@std@@@std@@@std@@@1@AAU?$pair@$$CBV?$basic_string@DU?$char_traits@D@std@@V?$allocator@D@2@@std@@PAVMaterial@@@1@PAU?$_Tree_node@U?$pair@$$CBV?$basic_string@DU?$char_traits@D@std@@V?$allocator@D@2@@std@@PAVMaterial@@@std@@PAX@1@@Z 00409620 f i read.obj
 0001:00008880       ??$_Insert_nohint@AAU?$pair@$$CBV?$basic_string@DU?$char_traits@D@std@@V?$allocator@D@2@@std@@PAVMaterial@@@std@@PAU?$_Tree_node@U?$pair@$$CBV?$basic_string@DU?$char_traits@D@std@@V?$allocator@D@2@@std@@PAVMaterial@@@std@@PAX@2@@?$_Tree@V?$_Tmap_traits@V?$basic_string@DU?$char_traits@D@std@@V?$allocator@D@2@@std@@PAVMaterial@@U?$less@V?$basic_string@DU?$char_traits@D@std@@V?$allocator@D@2@@std@@@2@V?$allocator@U?$pair@$$CBV?$basic_string@DU?$char_traits@D@std@@V?$allocator@D@2@@std@@PAVMaterial@@@std@@@2@$0A@@std@@@std@@IAE?AU?$pair@V?$_Tree_iterator@V?$_Tree_val@U?$_Tree_simple_types@U?$pair@$$CBV?$basic_string@DU?$char_traits@D@std@@V?$allocator@D@2@@std@@PAVMaterial@@@std@@@std@@@std@@@std@@_N@1@_NAAU?$pair@$$CBV?$basic_string@DU?$char_traits@D@std@@V?$allocator@D@2@@std@@PAVMaterial@@@1@PAU?$_Tree_node@U?$pair@$$CBV?$basic_string@DU?$char_traits@D@std@@V?$allocator@D@2@@std@@PAVMaterial@@@std@@PAX@1@@Z 00409880 f i read.obj
 0001:00008b00       ??$_Lbound@V?$basic_string@DU?$char_traits@D@std@@V?$allocator@D@2@@std@@@?$_Tree@V?$_Tmap_traits@V?$basic_string@DU?$char_traits@D@std@@V?$allocator@D@2@@std@@PAVMaterial@@U?$less@V?$basic_string@DU?$char_traits@D@std@@V?$allocator@D@2@@std@@@2@V?$allocator@U?$pair@$$CBV?$basic_string@DU?$char_traits@D@std@@V?$allocator@D@2@@std@@PAVMaterial@@@std@@@2@$0A@@std@@@std@@IBEPAU?$_Tree_node@U?$pair@$$CBV?$basic_string@DU?$char_traits@D@std@@V?$allocator@D@2@@std@@PAVMaterial@@@std@@PAX@1@ABV?$basic_string@DU?$char_traits@D@std@@V?$allocator@D@2@@1@@Z 00409b00 f i read.obj
 0001:00008be0       ??$_Try_emplace@ABV?$basic_string@DU?$char_traits@D@std@@V?$allocator@D@2@@std@@$$V@?$map@V?$basic_string@DU?$char_traits@D@std@@V?$allocator@D@2@@std@@PAVMaterial@@U?$less@V?$basic_string@DU?$char_traits@D@std@@V?$allocator@D@2@@std@@@2@V?$allocator@U?$pair@$$CBV?$basic_string@DU?$char_traits@D@std@@V?$allocator@D@2@@std@@PAVMaterial@@@std@@@2@@std@@QAE?AU?$pair@V?$_Tree_iterator@V?$_Tree_val@U?$_Tree_simple_types@U?$pair@$$CBV?$basic_string@DU?$char_traits@D@std@@V?$allocator@D@2@@std@@PAVMaterial@@@std@@@std@@@std@@@std@@_N@1@ABV?$basic_string@DU?$char_traits@D@std@@V?$allocator@D@2@@1@@Z 00409be0 f i read.obj
 0001:00008c60       ??$endl@DU?$char_traits@D@std@@@std@@YAAAV?$basic_ostream@DU?$char_traits@D@std@@@0@AAV10@@Z 00409c60 f i read.obj
 0001:00008c90       ??$ends@DU?$char_traits@D@std@@@std@@YAAAV?$basic_ostream@DU?$char_traits@D@std@@@0@AAV10@@Z 00409c90 f i read.obj
 0001:00008cb0       ??$use_facet@V?$codecvt@DDU_Mbstatet@@@std@@@std@@YAABV?$codecvt@DDU_Mbstatet@@@0@ABVlocale@0@@Z 00409cb0 f i read.obj
 0001:00008db0       ??0?$basic_ifstream@DU?$char_traits@D@std@@@std@@QAE@PBDHH@Z 00409db0 f i read.obj
 0001:00008ec0       ??0?$basic_string@DU?$char_traits@D@std@@V?$allocator@D@2@@std@@QAE@ABV01@@Z 00409ec0 f i read.obj
 0001:00008ef0       ??0?$fpos@U_Mbstatet@@@std@@QAE@U_Mbstatet@@_J@Z 00409ef0 f i read.obj
 0001:00008f20       ??0PointLight@@QAE@PAVScene@@ABVvec3f@@1ABN22@Z 00409f20 f i read.obj
 0001:00008fb0       ??0Scene@@QAE@XZ           00409fb0 f i read.obj
 0001:00009150       ??0SpotLight@@QAE@PAVScene@@ABVvec3f@@1ABN1222@Z 0040a150 f i read.obj
 0001:00009210       ??0TransformNode@@IAE@PAV0@ABVmat4f@@@Z 0040a210 f i read.obj
 0001:00009610       ??0bad_cast@std@@QAE@ABV01@@Z 0040a610 f i read.obj
 0001:00009650       ??0exception@std@@QAE@ABV01@@Z 0040a650 f i read.obj
 0001:00009680       ??0ostrstream@std@@QAE@XZ  0040a680 f i read.obj
 0001:00009770       ??1?$basic_filebuf@DU?$char_traits@D@std@@@std@@UAE@XZ 0040a770 f i read.obj
 0001:000097f0       ??1?$basic_ifstream@DU?$char_traits@D@std@@@std@@UAE@XZ 0040a7f0 f i read.obj
 0001:000098a0       ??1?$list@PAVGeometry@@V?$allocator@PAVGeometry@@@std@@@std@@QAE@XZ 0040a8a0 f i read.obj
 0001:000098f0       ??1?$list@PAVLight@@V?$allocator@PAVLight@@@std@@@std@@QAE@XZ 0040a8f0 f i read.obj
 0001:00009940       ??1?$list@PAVTransformNode@@V?$allocator@PAVTransformNode@@@std@@@std@@QAE@XZ 0040a940 f i read.obj
 0001:00009990       ??1?$map@V?$basic_string@DU?$char_traits@D@std@@V?$allocator@D@2@@std@@PAVMaterial@@U?$less@V?$basic_string@DU?$char_traits@D@std@@V?$allocator@D@2@@std@@@2@V?$allocator@U?$pair@$$CBV?$basic_string@DU?$char_traits@D@std@@V?$allocator@D@2@@std@@PAVMaterial@@@std@@@2@@std@@QAE@XZ 0040a990 f i read.obj
 0001:000099f0       ??1MaterialSceneObject@@UAE@XZ 0040a9f0 f i read.obj
 0001:00009a20       ??1SceneElement@@UAE@XZ    0040aa20 f i read.obj
 0001:00009a30       ??1TransformNode@@QAE@XZ   0040aa30 f i read.obj
 0001:00009ac0       ??1TransformRoot@@QAE@XZ   0040aac0 f i read.obj
 0001:00009ad0       ??1bad_cast@std@@UAE@XZ    0040aad0 f i read.obj
 0001:00009af0       ??1exception@std@@UAE@XZ   0040aaf0 f i read.obj
 0001:00009b10       ??1locale@std@@QAE@XZ      0040ab10 f i read.obj
 0001:00009b60       ??1ostrstream@std@@UAE@XZ  0040ab60 f i read.obj
 0001:00009c00       ??1strstreambuf@std@@UAE@XZ 0040ac00 f i read.obj
 0001:00009c70       ??4?$basic_string@DU?$char_traits@D@std@@V?$allocator@D@2@@std@@QAEAAV01@$$QAV01@@Z 0040ac70 f i read.obj
 0001:00009cf0       ??6@YAAAV?$basic_ostream@DU?$char_traits@D@std@@@std@@AAV01@ABVException@@@Z 0040acf0 f i read.obj
 0001:00009d70       ??D@YA?AVmat4f@@ABV0@0@Z   0040ad70 f i read.obj
 0001:0000a1d0       ??E?$_Tree_unchecked_const_iterator@V?$_Tree_val@U?$_Tree_simple_types@U?$pair@$$CBV?$basic_string@DU?$char_traits@D@std@@V?$allocator@D@2@@std@@PAVMaterial@@@std@@@std@@@std@@U_Iterator_base0@2@@std@@QAEAAV01@XZ 0040b1d0 f i read.obj
 0001:0000a220       ??F?$_Tree_unchecked_const_iterator@V?$_Tree_val@U?$_Tree_simple_types@U?$pair@$$CBV?$basic_string@DU?$char_traits@D@std@@V?$allocator@D@2@@std@@PAVMaterial@@@std@@@std@@@std@@U_Iterator_base0@2@@std@@QAEAAV01@XZ 0040b220 f i read.obj
 0001:0000a280       ??_D?$basic_ifstream@DU?$char_traits@D@std@@@std@@QAEXXZ 0040b280 f i read.obj
 0001:0000a2a0       ??_Dostrstream@std@@QAEXXZ 0040b2a0 f i read.obj
 0001:0000a2b4       ??_E?$basic_ifstream@DU?$char_traits@D@std@@@std@@$4PPPPPPPM@A@AEPAXI@Z 0040b2b4 f i read.obj
 0001:0000a2bc       ??_Eostrstream@std@@$4PPPPPPPM@A@AEPAXI@Z 0040b2bc f i read.obj
 0001:0000a2d0       ??_E?$basic_filebuf@DU?$char_traits@D@std@@@std@@UAEPAXI@Z 0040b2d0 f i read.obj
 0001:0000a2d0       ??_G?$basic_filebuf@DU?$char_traits@D@std@@@std@@UAEPAXI@Z 0040b2d0 f i read.obj
 0001:0000a370       ??_E?$basic_ifstream@DU?$char_traits@D@std@@@std@@UAEPAXI@Z 0040b370 f i read.obj
 0001:0000a370       ??_G?$basic_ifstream@DU?$char_traits@D@std@@@std@@UAEPAXI@Z 0040b370 f i read.obj
 0001:0000a3b0       ??_GAmbientLight@@UAEPAXI@Z 0040b3b0 f i read.obj
 0001:0000a3b0       ??_EAmbientLight@@UAEPAXI@Z 0040b3b0 f i read.obj
 0001:0000a3e0       ??_GBox@@UAEPAXI@Z         0040b3e0 f i read.obj
 0001:0000a3e0       ??_EBox@@UAEPAXI@Z         0040b3e0 f i read.obj
 0001:0000a420       ??_ECone@@UAEPAXI@Z        0040b420 f i read.obj
 0001:0000a420       ??_GCone@@UAEPAXI@Z        0040b420 f i read.obj
 0001:0000a470       ??_GCylinder@@UAEPAXI@Z    0040b470 f i read.obj
 0001:0000a470       ??_ECylinder@@UAEPAXI@Z    0040b470 f i read.obj
 0001:0000a4b0       ??_EDirectionalLight@@UAEPAXI@Z 0040b4b0 f i read.obj
 0001:0000a4b0       ??_GDirectionalLight@@UAEPAXI@Z 0040b4b0 f i read.obj
 0001:0000a4e0       ??_EGeometry@@UAEPAXI@Z    0040b4e0 f i read.obj
 0001:0000a4e0       ??_GGeometry@@UAEPAXI@Z    0040b4e0 f i read.obj
 0001:0000a510       ??_GLight@@UAEPAXI@Z       0040b510 f i read.obj
 0001:0000a510       ??_ELight@@UAEPAXI@Z       0040b510 f i read.obj
 0001:0000a540       ??_EMaterialSceneObject@@UAEPAXI@Z 0040b540 f i read.obj
 0001:0000a540       ??_GMaterialSceneObject@@UAEPAXI@Z 0040b540 f i read.obj
 0001:0000a580       ??_EPointLight@@UAEPAXI@Z  0040b580 f i read.obj
 0001:0000a580       ??_GPointLight@@UAEPAXI@Z  0040b580 f i read.obj
 0001:0000a5b0       ??_GScene@@UAEPAXI@Z       0040b5b0 f i read.obj
 0001:0000a5b0       ??_EScene@@UAEPAXI@Z       0040b5b0 f i read.obj
 0001:0000a5e0       ??_ESceneElement@@UAEPAXI@Z 0040b5e0 f i read.obj
 0001:0000a5e0       ??_GSceneElement@@UAEPAXI@Z 0040b5e0 f i read.obj
 0001:0000a610       ??_GSceneObject@@UAEPAXI@Z 0040b610 f i read.obj
 0001:0000a610       ??_ESceneObject@@UAEPAXI@Z 0040b610 f i read.obj
 0001:0000a640       ??_ESphere@@UAEPAXI@Z      0040b640 f i read.obj
 0001:0000a640       ??_GSphere@@UAEPAXI@Z      0040b640 f i read.obj
 0001:0000a680       ??_GSpotLight@@UAEPAXI@Z   0040b680 f i read.obj
 0001:0000a680       ??_ESpotLight@@UAEPAXI@Z   0040b680 f i read.obj
 0001:0000a6b0       ??_ESquare@@UAEPAXI@Z      0040b6b0 f i read.obj
 0001:0000a6b0       ??_GSquare@@UAEPAXI@Z      0040b6b0 f i read.obj
 0001:0000a6f0       ??_ETrimesh@@UAEPAXI@Z     0040b6f0 f i read.obj
 0001:0000a6f0       ??_GTrimesh@@UAEPAXI@Z     0040b6f0 f i read.obj
 0001:0000a720       ??_Gbad_cast@std@@UAEPAXI@Z 0040b720 f i read.obj
 0001:0000a720       ??_Ebad_cast@std@@UAEPAXI@Z 0040b720 f i read.obj
 0001:0000a760       ??_Gexception@std@@UAEPAXI@Z 0040b760 f i read.obj
 0001:0000a760       ??_Eexception@std@@UAEPAXI@Z 0040b760 f i read.obj
 0001:0000a7a0       ??_Eostrstream@std@@UAEPAXI@Z 0040b7a0 f i read.obj
 0001:0000a7a0       ??_Gostrstream@std@@UAEPAXI@Z 0040b7a0 f i read.obj
 0001:0000a7e0       ??_Gstrstreambuf@std@@UAEPAXI@Z 0040b7e0 f i read.obj
 0001:0000a7e0       ??_Estrstreambuf@std@@UAEPAXI@Z 0040b7e0 f i read.obj
 0001:0000a870       ?ComputeBoundingBox@Geometry@@UAEXXZ 0040b870 f i read.obj
 0001:0000aeb0       ?ComputeLocalBoundingBox@Box@@UAE?AVBoundingBox@@XZ 0040beb0 f i read.obj
 0001:0000aef0       ?ComputeLocalBoundingBox@Cone@@UAE?AVBoundingBox@@XZ 0040bef0 f i read.obj
 0001:0000af50       ?ComputeLocalBoundingBox@Cylinder@@UAE?AVBoundingBox@@XZ 0040bf50 f i read.obj
 0001:0000af90       ?ComputeLocalBoundingBox@Geometry@@UAE?AVBoundingBox@@XZ 0040bf90 f i read.obj
 0001:0000afc0       ?ComputeLocalBoundingBox@Sphere@@UAE?AVBoundingBox@@XZ 0040bfc0 f i read.obj
 0001:0000b000       ?ComputeLocalBoundingBox@Square@@UAE?AVBoundingBox@@XZ 0040c000 f i read.obj
 0001:0000b050       ?_Buyheadnode@?$_Tree_comp_alloc@V?$_Tmap_traits@V?$basic_string@DU?$char_traits@D@std@@V?$allocator@D@2@@std@@PAVMaterial@@U?$less@V?$basic_string@DU?$char_traits@D@std@@V?$allocator@D@2@@std@@@2@V?$allocator@U?$pair@$$CBV?$basic_string@DU?$char_traits@D@std@@V?$allocator@D@2@@std@@PAVMaterial@@@std@@@2@$0A@@std@@@std@@QAEPAU?$_Tree_node@U?$pair@$$CBV?$basic_string@DU?$char_traits@D@std@@V?$allocator@D@2@@std@@PAVMaterial@@@std@@PAX@2@XZ 0040c050 f i read.obj
 0001:0000b080       ?_Buynode0@?$_List_alloc@U?$_List_base_types@PAVGeometry@@V?$allocator@PAVGeometry@@@std@@@std@@@std@@QAEPAU?$_List_node@PAVGeometry@@PAX@2@PAU32@0@Z 0040c080 f i read.obj
 0001:0000b0c0       ?_Buynode0@?$_List_alloc@U?$_List_base_types@PAVLight@@V?$allocator@PAVLight@@@std@@@std@@@std@@QAEPAU?$_List_node@PAVLight@@PAX@2@PAU32@0@Z 0040c0c0 f i read.obj
 0001:0000b100       ?_Buynode0@?$_List_alloc@U?$_List_base_types@PAVTransformNode@@V?$allocator@PAVTransformNode@@@std@@@std@@@std@@QAEPAU?$_List_node@PAVTransformNode@@PAX@2@PAU32@0@Z 0040c100 f i read.obj
 0001:0000b140       ?_Buynode0@?$_Tree_comp_alloc@V?$_Tmap_traits@V?$basic_string@DU?$char_traits@D@std@@V?$allocator@D@2@@std@@PAVMaterial@@U?$less@V?$basic_string@DU?$char_traits@D@std@@V?$allocator@D@2@@std@@@2@V?$allocator@U?$pair@$$CBV?$basic_string@DU?$char_traits@D@std@@V?$allocator@D@2@@std@@PAVMaterial@@@std@@@2@$0A@@std@@@std@@QAEPAU?$_Tree_node@U?$pair@$$CBV?$basic_string@DU?$char_traits@D@std@@V?$allocator@D@2@@std@@PAVMaterial@@@std@@PAX@2@XZ 0040c140 f i read.obj
 0001:0000b180       ?_Destroy_if_not_nil@?$_Tree@V?$_Tmap_traits@V?$basic_string@DU?$char_traits@D@std@@V?$allocator@D@2@@std@@PAVMaterial@@U?$less@V?$basic_string@DU?$char_traits@D@std@@V?$allocator@D@2@@std@@@2@V?$allocator@U?$pair@$$CBV?$basic_string@DU?$char_traits@D@std@@V?$allocator@D@2@@std@@PAVMaterial@@@std@@@2@$0A@@std@@@std@@IAEXPAU?$_Tree_node@U?$pair@$$CBV?$basic_string@DU?$char_traits@D@std@@V?$allocator@D@2@@std@@PAVMaterial@@@std@@PAX@2@@Z 0040c180 f i read.obj
 0001:0000b1d0       ?_Endwrite@?$basic_filebuf@DU?$char_traits@D@std@@@std@@IAE_NXZ 0040c1d0 f i read.obj
 0001:0000b340       ?_Erase@?$_Tree@V?$_Tmap_traits@V?$basic_string@DU?$char_traits@D@std@@V?$allocator@D@2@@std@@PAVMaterial@@U?$less@V?$basic_string@DU?$char_traits@D@std@@V?$allocator@D@2@@std@@@2@V?$allocator@U?$pair@$$CBV?$basic_string@DU?$char_traits@D@std@@V?$allocator@D@2@@std@@PAVMaterial@@@std@@@2@$0A@@std@@@std@@IAEXPAU?$_Tree_node@U?$pair@$$CBV?$basic_string@DU?$char_traits@D@std@@V?$allocator@D@2@@std@@PAVMaterial@@@std@@PAX@2@@Z 0040c340 f i read.obj
 0001:0000b3f0       ?_Init@?$basic_filebuf@DU?$char_traits@D@std@@@std@@IAEXPAU_iobuf@@W4_Initfl@12@@Z 0040c3f0 f i read.obj
 0001:0000b480       ?_Lock@?$basic_filebuf@DU?$char_traits@D@std@@@std@@UAEXXZ 0040c480 f i read.obj
 0001:0000b490       ?_Lrotate@?$_Tree@V?$_Tmap_traits@V?$basic_string@DU?$char_traits@D@std@@V?$allocator@D@2@@std@@PAVMaterial@@U?$less@V?$basic_string@DU?$char_traits@D@std@@V?$allocator@D@2@@std@@@2@V?$allocator@U?$pair@$$CBV?$basic_string@DU?$char_traits@D@std@@V?$allocator@D@2@@std@@PAVMaterial@@@std@@@2@$0A@@std@@@std@@IAEXPAU?$_Tree_node@U?$pair@$$CBV?$basic_string@DU?$char_traits@D@std@@V?$allocator@D@2@@std@@PAVMaterial@@@std@@PAX@2@@Z 0040c490 f i read.obj
 0001:0000b4f0       ?_Reset_back@?$basic_filebuf@DU?$char_traits@D@std@@@std@@AAEXXZ 0040c4f0 f i read.obj
 0001:0000b520       ?_Rrotate@?$_Tree@V?$_Tmap_traits@V?$basic_string@DU?$char_traits@D@std@@V?$allocator@D@2@@std@@PAVMaterial@@U?$less@V?$basic_string@DU?$char_traits@D@std@@V?$allocator@D@2@@std@@@2@V?$allocator@U?$pair@$$CBV?$basic_string@DU?$char_traits@D@std@@V?$allocator@D@2@@std@@PAVMaterial@@@std@@@2@$0A@@std@@@std@@IAEXPAU?$_Tree_node@U?$pair@$$CBV?$basic_string@DU?$char_traits@D@std@@V?$allocator@D@2@@std@@PAVMaterial@@@std@@PAX@2@@Z 0040c520 f i read.obj
 0001:0000b580       ?_Set_back@?$basic_filebuf@DU?$char_traits@D@std@@@std@@AAEXXZ 0040c580 f i read.obj
 0001:0000b5c0       ?_Unlock@?$basic_filebuf@DU?$char_traits@D@std@@@std@@UAEXXZ 0040c5c0 f i read.obj
 0001:0000b5d0       ?add@Scene@@QAEXPAVGeometry@@@Z 0040c5d0 f i read.obj
 0001:0000b630       ?add@Scene@@QAEXPAVLight@@@Z 0040c630 f i read.obj
 0001:0000b680       ?append@?$basic_string@DU?$char_traits@D@std@@V?$allocator@D@2@@std@@QAEAAV12@PBDI@Z 0040c680 f i read.obj
 0001:0000b7a0       ?close@?$basic_filebuf@DU?$char_traits@D@std@@@std@@QAEPAV12@XZ 0040c7a0 f i read.obj
 0001:0000b810       ?createChild@TransformNode@@QAEPAV1@ABVmat4f@@@Z 0040c810 f i read.obj
 0001:0000b8d0       ?erase@?$_Tree@V?$_Tmap_traits@V?$basic_string@DU?$char_traits@D@std@@V?$allocator@D@2@@std@@PAVMaterial@@U?$less@V?$basic_string@DU?$char_traits@D@std@@V?$allocator@D@2@@std@@@2@V?$allocator@U?$pair@$$CBV?$basic_string@DU?$char_traits@D@std@@V?$allocator@D@2@@std@@PAVMaterial@@@std@@@2@$0A@@std@@@std@@QAE?AV?$_Tree_iterator@V?$_Tree_val@U?$_Tree_simple_types@U?$pair@$$CBV?$basic_string@DU?$char_traits@D@std@@V?$allocator@D@2@@std@@PAVMaterial@@@std@@@std@@@std@@@2@V?$_Tree_const_iterator@V?$_Tree_val@U?$_Tree_simple_types@U?$pair@$$CBV?$basic_string@DU?$char_traits@D@std@@V?$allocator@D@2@@std@@PAVMaterial@@@std@@@std@@@std@@@2@0@Z 0040c8d0 f i read.obj
 0001:0000b9c0       ?erase@?$_Tree@V?$_Tmap_traits@V?$basic_string@DU?$char_traits@D@std@@V?$allocator@D@2@@std@@PAVMaterial@@U?$less@V?$basic_string@DU?$char_traits@D@std@@V?$allocator@D@2@@std@@@2@V?$allocator@U?$pair@$$CBV?$basic_string@DU?$char_traits@D@std@@V?$allocator@D@2@@std@@PAVMaterial@@@std@@@2@$0A@@std@@@std@@QAE?AV?$_Tree_iterator@V?$_Tree_val@U?$_Tree_simple_types@U?$pair@$$CBV?$basic_string@DU?$char_traits@D@std@@V?$allocator@D@2@@std@@PAVMaterial@@@std@@@std@@@std@@@2@V?$_Tree_const_iterator@V?$_Tree_val@U?$_Tree_simple_types@U?$pair@$$CBV?$basic_string@DU?$char_traits@D@std@@V?$allocator@D@2@@std@@PAVMaterial@@@std@@@std@@@std@@@2@@Z 0040c9c0 f i read.obj
 0001:0000c150       ?getMaterial@MaterialSceneObject@@UBEABVMaterial@@XZ 0040d150 f i read.obj
 0001:0000c160       ?getMsg@Exception@@QBE?AV?$basic_string@DU?$char_traits@D@std@@V?$allocator@D@2@@std@@XZ 0040d160 f i read.obj
 0001:0000c1a0       ?hasBoundingBoxCapability@Box@@UBE_NXZ 0040d1a0 f i read.obj
 0001:0000c1b0       ?hasBoundingBoxCapability@Cone@@UBE_NXZ 0040d1b0 f i read.obj
 0001:0000c1c0       ?hasBoundingBoxCapability@Cylinder@@UBE_NXZ 0040d1c0 f i read.obj
 0001:0000c1d0       ?hasBoundingBoxCapability@Sphere@@UBE_NXZ 0040d1d0 f i read.obj
 0001:0000c1e0       ?hasBoundingBoxCapability@Square@@UBE_NXZ 0040d1e0 f i read.obj
 0001:0000c240       ?imbue@?$basic_filebuf@DU?$char_traits@D@std@@@std@@MAEXABVlocale@2@@Z 0040d240 f i read.obj
 0001:0000c380       ?open@?$basic_filebuf@DU?$char_traits@D@std@@@std@@QAEPAV12@PBDHH@Z 0040d380 f i read.obj
 0001:0000c460       ?overflow@?$basic_filebuf@DU?$char_traits@D@std@@@std@@MAEHH@Z 0040d460 f i read.obj
 0001:0000c670       ?overflow@strstreambuf@std@@MAEHH@Z 0040d670 f i read.obj
 0001:0000c820       ?pbackfail@?$basic_filebuf@DU?$char_traits@D@std@@@std@@MAEHH@Z 0040d820 f i read.obj
 0001:0000c8b0       ?pbackfail@strstreambuf@std@@MAEHH@Z 0040d8b0 f i read.obj
 0001:0000ff50       ?readScene@@YAPAVScene@@AAV?$basic_istream@DU?$char_traits@D@std@@@std@@@Z 00410f50 f   read.obj
 0001:000101f0       ?readScene@@YAPAVScene@@ABV?$basic_string@DU?$char_traits@D@std@@V?$allocator@D@2@@std@@@Z 004111f0 f   read.obj
 0001:00010320       ?rotate@mat4f@@SA?AV1@ABVvec3f@@N@Z 00411320 f i read.obj
 0001:00010520       ?seekoff@?$basic_filebuf@DU?$char_traits@D@std@@@std@@MAE?AV?$fpos@U_Mbstatet@@@2@_JHH@Z 00411520 f i read.obj
 0001:00010620       ?seekoff@strstreambuf@std@@MAE?AV?$fpos@U_Mbstatet@@@2@_JHH@Z 00411620 f i read.obj
 0001:00010780       ?seekpos@?$basic_filebuf@DU?$char_traits@D@std@@@std@@MAE?AV?$fpos@U_Mbstatet@@@2@V32@H@Z 00411780 f i read.obj
 0001:00010860       ?seekpos@strstreambuf@std@@MAE?AV?$fpos@U_Mbstatet@@@2@V32@H@Z 00411860 f i read.obj
 0001:00010950       ?setMaterial@MaterialSceneObject@@UAEXPAVMaterial@@@Z 00411950 f i read.obj
 0001:00010960       ?setbuf@?$basic_filebuf@DU?$char_traits@D@std@@@std@@MAEPAV?$basic_streambuf@DU?$char_traits@D@std@@@2@PAD_J@Z 00411960 f i read.obj
 0001:000109b0       ?str@ostrstream@std@@QAEPADXZ 004119b0 f i read.obj
 0001:000109f0       ?sync@?$basic_filebuf@DU?$char_traits@D@std@@@std@@MAEHXZ 004119f0 f i read.obj
 0001:00010a90       ?uflow@?$basic_filebuf@DU?$char_traits@D@std@@@std@@MAEHXZ 00411a90 f i read.obj
 0001:00010c90       ?underflow@?$basic_filebuf@DU?$char_traits@D@std@@@std@@MAEHXZ 00411c90 f i read.obj
 0001:00010cd0       ?underflow@strstreambuf@std@@MAEHXZ 00411cd0 f i read.obj
 0001:00010ea0       ?what@exception@std@@UBEPBDXZ 00411ea0 f i read.obj
 0001:00010f50       ?inverse@mat3f@@QBE?AV1@XZ 00411f50 f   vecmath.obj
 0001:00011340       ?inverse@mat4f@@QBE?AV1@XZ 00412340 f   vecmath.obj
 0001:000117c0       ??0Camera@@QAE@XZ          004127c0 f   camera.obj
 0001:00011860       ?rayThrough@Camera@@QAEXNNAAVray@@@Z 00412860 f   camera.obj
 0001:00011980       ?rayThroughDOF@Camera@@QAEXNNNNAAVray@@NN@Z 00412980 f   camera.obj
 0001:00011c60       ?setAspectRatio@Camera@@QAEXN@Z 00412c60 f   camera.obj
 0001:00011e00       ?setEye@Camera@@QAEXABVvec3f@@@Z 00412e00 f   camera.obj
 0001:00011e30       ?setFOV@Camera@@QAEXN@Z    00412e30 f   camera.obj
 0001:00011ff0       ?setLook@Camera@@QAEXABVvec3f@@0@Z 00412ff0 f   camera.obj
 0001:00012230       ?setLook@Camera@@QAEXNNNN@Z 00413230 f   camera.obj
 0001:000124f0       ?update@Camera@@AAEXXZ     004134f0 f   camera.obj
 0001:00012680       ?distanceAttenuation@AmbientLight@@UBENABVvec3f@@@Z 00413680 f   light.obj
 0001:00012690       ?distanceAttenuation@DirectionalLight@@UBENABVvec3f@@@Z 00413690 f   light.obj
 0001:000126a0       ?distanceAttenuation@PointLight@@UBENABVvec3f@@@Z 004136a0 f   light.obj
 0001:00012730       ?distanceAttenuation@SpotLight@@UBENABVvec3f@@@Z 00413730 f   light.obj
 0001:000127c0       ?getColor@AmbientLight@@UBE?AVvec3f@@ABV2@@Z 004137c0 f   light.obj
 0001:000127e0       ?getColor@DirectionalLight@@UBE?AVvec3f@@ABV2@@Z 004137e0 f   light.obj
 0001:00012800       ?getColor@PointLight@@UBE?AVvec3f@@ABV2@@Z 00413800 f   light.obj
 0001:00012820       ?getColor@SpotLight@@UBE?AVvec3f@@ABV2@@Z 00413820 f   light.obj
 0001:00012840       ?getDirection@AmbientLight@@UBE?AVvec3f@@ABV2@@Z 00413840 f   light.obj
 0001:00012860       ?getDirection@DirectionalLight@@UBE?AVvec3f@@ABV2@@Z 00413860 f   light.obj
 0001:00012890       ?getDirection@PointLight@@UBE?AVvec3f@@ABV2@@Z 00413890 f   light.obj
 0001:00012920       ?getDirection@SpotLight@@UBE?AVvec3f@@ABV2@@Z 00413920 f   light.obj
 0001:000129b0       ?shadowAttenuation@AmbientLight@@UBE?AVvec3f@@ABV2@@Z 004139b0 f   light.obj
 0001:000129d0       ?shadowAttenuation@DirectionalLight@@UBE?AVvec3f@@ABV2@@Z 004139d0 f   light.obj
 0001:00012ad0       ?shadowAttenuation@PointLight@@UBE?AVvec3f@@ABV2@@Z 00413ad0 f   light.obj
 0001:00012d20       ?shadowAttenuation@SpotLight@@UBE?AVvec3f@@ABV2@@Z 00413d20 f   light.obj
 0001:000130e0       ?shade@Material@@UBE?AVvec3f@@PAVScene@@ABVray@@ABVisect@@@Z 004140e0 f   material.obj
 0001:00013900       ?getMaterial@isect@@QBEABVMaterial@@XZ 00414900 f   ray.obj
 0001:00013910       ??0Material@@QAE@ABV0@@Z   00414910 f i scene.obj
 0001:00013a10       ??1Scene@@UAE@XZ           00414a10 f   scene.obj
 0001:00013bf0       ??4BoundingBox@@QAEXABV0@@Z 00414bf0 f   scene.obj
 0001:00013c40       ??4Material@@QAEAAV0@ABV0@@Z 00414c40 f i scene.obj
 0001:00013d40       ??4isect@@QAEAAV0@ABV0@@Z  00414d40 f i scene.obj
 0001:00013de0       ?hasBoundingBoxCapability@Geometry@@UBE_NXZ 00414de0 f   scene.obj
 0001:00013df0       ?initScene@Scene@@QAEXXZ   00414df0 f   scene.obj
 0001:00013fc0       ?intersect@BoundingBox@@QBE_NABVray@@AAN1@Z 00414fc0 f   scene.obj
 0001:000140d0       ?intersect@Geometry@@UBE_NABVray@@AAVisect@@@Z 004150d0 f   scene.obj
 0001:00014420       ?intersect@Scene@@QBE_NABVray@@AAVisect@@@Z 00415420 f   scene.obj
 0001:000147b0       ?intersectLocal@Geometry@@UBE_NABVray@@AAVisect@@@Z 004157b0 f   scene.obj
 0001:000147c0       ?intersects@BoundingBox@@QBE_NABV1@@Z 004157c0 f   scene.obj
 0001:00014850       ?intersects@BoundingBox@@QBE_NABVvec3f@@@Z 00415850 f   scene.obj
 0001:000148d0       ?intersectLocal@Box@@UBE_NABVray@@AAVisect@@@Z 004158d0 f   Box.obj
 0001:00014c40       ?intersectBody@Cone@@QBE_NABVray@@AAVisect@@@Z 00415c40 f   Cone.obj
 0001:00014fa0       ?intersectCaps@Cone@@QBE_NABVray@@AAVisect@@@Z 00415fa0 f   Cone.obj
 0001:00015140       ?intersectLocal@Cone@@UBE_NABVray@@AAVisect@@@Z 00416140 f   Cone.obj
 0001:00015210       ?intersectBody@Cylinder@@QBE_NABVray@@AAVisect@@@Z 00416210 f   Cylinder.obj
 0001:00015500       ?intersectCaps@Cylinder@@QBE_NABVray@@AAVisect@@@Z 00416500 f   Cylinder.obj
 0001:00015660       ?intersectLocal@Cylinder@@UBE_NABVray@@AAVisect@@@Z 00416660 f   Cylinder.obj
 0001:00015730       ?intersectLocal@Sphere@@UBE_NABVray@@AAVisect@@@Z 00416730 f   Sphere.obj
 0001:00015920       ?intersectLocal@Square@@UBE_NABVray@@AAVisect@@@Z 00416920 f   Square.obj
 0001:000159f0       ??$_Uninitialized_default_fill_n1@PAVvec3f@@IV?$allocator@Vvec3f@@@std@@U?$integral_constant@_N$0A@@3@@std@@YAXPAVvec3f@@IAAU?$_Wrap_alloc@V?$allocator@Vvec3f@@@std@@@0@U?$integral_constant@_N$0A@@0@@Z 004169f0 f i trimesh.obj
 0001:00015a20       ??$_Uninitialized_move_al_unchecked1@PAVvec3f@@PAV1@V?$allocator@Vvec3f@@@std@@@std@@YAPAVvec3f@@PAV1@00AAU?$_Wrap_alloc@V?$allocator@Vvec3f@@@std@@@0@U_General_ptr_iterator_tag@0@@Z 00416a20 f i trimesh.obj
 0001:00015a60       ??1Trimesh@@UAE@XZ         00416a60 f   trimesh.obj
 0001:00015cc0       ??D@YA?AVMaterial@@NV0@@Z  00416cc0 f i trimesh.obj
 0001:00015e60       ??YMaterial@@QAEAAV0@ABV0@@Z 00416e60 f i trimesh.obj
 0001:00015fd0       ??_GTrimeshFace@@UAEPAXI@Z 00416fd0 f i trimesh.obj
 0001:00015fd0       ??_ETrimeshFace@@UAEPAXI@Z 00416fd0 f i trimesh.obj
 0001:00016010       ?ComputeLocalBoundingBox@TrimeshFace@@UAE?AVBoundingBox@@XZ 00417010 f i trimesh.obj
 0001:00016130       ?_Reallocate@?$vector@PAVMaterial@@V?$allocator@PAVMaterial@@@std@@@std@@IAEXI@Z 00417130 f i trimesh.obj
 0001:00016190       ?_Reallocate@?$vector@PAVTrimeshFace@@V?$allocator@PAVTrimeshFace@@@std@@@std@@IAEXI@Z 00417190 f i trimesh.obj
 0001:000161f0       ?_Reallocate@?$vector@Vvec3f@@V?$allocator@Vvec3f@@@std@@@std@@IAEXI@Z 004171f0 f i trimesh.obj
 0001:000162d0       ?_Reserve@?$vector@PAVMaterial@@V?$allocator@PAVMaterial@@@std@@@std@@IAEXI@Z 004172d0 f i trimesh.obj
 0001:00016340       ?_Reserve@?$vector@PAVTrimeshFace@@V?$allocator@PAVTrimeshFace@@@std@@@std@@IAEXI@Z 00417340 f i trimesh.obj
 0001:000163b0       ?_Reserve@?$vector@Vvec3f@@V?$allocator@Vvec3f@@@std@@@std@@IAEXI@Z 004173b0 f i trimesh.obj
 0001:00016450       ?_Tidy@?$vector@Vvec3f@@V?$allocator@Vvec3f@@@std@@@std@@IAEXXZ 00417450 f i trimesh.obj
 0001:000164a0       ?addFace@Trimesh@@QAE_NHHH@Z 004174a0 f   trimesh.obj
 0001:000165c0       ?addMaterial@Trimesh@@QAEXPAVMaterial@@@Z 004175c0 f   trimesh.obj
 0001:000165e0       ?addNormal@Trimesh@@QAEXABVvec3f@@@Z 004175e0 f   trimesh.obj
 0001:000165f0       ?addVertex@Trimesh@@QAEXABVvec3f@@@Z 004175f0 f   trimesh.obj
 0001:00016600       ?allocate@?$allocator@PAVMaterial@@@std@@QAEPAPAVMaterial@@I@Z 00417600 f i trimesh.obj
 0001:00016670       ?allocate@?$allocator@PAVTrimeshFace@@@std@@QAEPAPAVTrimeshFace@@I@Z 00417670 f i trimesh.obj
 0001:000166e0       ?allocate@?$allocator@Vvec3f@@@std@@QAEPAVvec3f@@I@Z 004176e0 f i trimesh.obj
 0001:00016750       ?doubleCheck@Trimesh@@QAEPADXZ 00417750 f   trimesh.obj
 0001:000167f0       ?generateNormals@Trimesh@@QAEXXZ 004177f0 f   trimesh.obj
 0001:00016a80       ?hasBoundingBoxCapability@TrimeshFace@@UBE_NXZ 00417a80 f i trimesh.obj
 0001:00016a90       ?intersectLocal@TrimeshFace@@UBE_NABVray@@AAVisect@@@Z 00417a90 f   trimesh.obj
 0001:000171d0       ?push_back@?$vector@PAVMaterial@@V?$allocator@PAVMaterial@@@std@@@std@@QAEXABQAVMaterial@@@Z 004181d0 f i trimesh.obj
 0001:00017240       ?push_back@?$vector@PAVTrimeshFace@@V?$allocator@PAVTrimeshFace@@@std@@@std@@QAEXABQAVTrimeshFace@@@Z 00418240 f i trimesh.obj
 0001:000172b0       ?push_back@?$vector@Vvec3f@@V?$allocator@Vvec3f@@@std@@@std@@QAEXABVvec3f@@@Z 004182b0 f i trimesh.obj
 0001:00017360       ?resize@?$vector@Vvec3f@@V?$allocator@Vvec3f@@@std@@@std@@QAEXI@Z 00418360 f i trimesh.obj
 0001:00017460       ?visual@Fl@@SAHH@Z         00418460 f   fltk:Fl_visual.obj
 0001:000174c0       ?option@Fl@@SA_NW4Fl_Option@1@@Z 004184c0 f   fltk:Fl.obj
 0001:00017750       ?option@Fl@@SAXW4Fl_Option@1@_N@Z 00418750 f   fltk:Fl.obj
 0001:00017790       ?version@Fl@@SANXZ         00418790 f   fltk:Fl.obj
 0001:000177a0       ?scrollbar_size@Fl@@SAHXZ  004187a0 f   fltk:Fl.obj
 0001:000177b0       ?scrollbar_size@Fl@@SAXH@Z 004187b0 f   fltk:Fl.obj
 0001:000177c0       ?wait@Fl@@SAHXZ            004187c0 f   fltk:Fl.obj
 0001:00017810       ?wait@Fl@@SANN@Z           00418810 f   fltk:Fl.obj
 0001:00017840       ?check@Fl@@SAHXZ           00418840 f   fltk:Fl.obj
 0001:00017880       ?ready@Fl@@SAHXZ           00418880 f   fltk:Fl.obj
 0001:00017890       ?run@Fl@@SAHXZ             00418890 f   fltk:Fl.obj
 0001:000178c0       ?add_timeout@Fl@@SAXNP6AXPAX@Z0@Z 004188c0 f   fltk:Fl.obj
 0001:000178f0       ?repeat_timeout@Fl@@SAXNP6AXPAX@Z0@Z 004188f0 f   fltk:Fl.obj
 0001:00017aa0       ?has_timeout@Fl@@SAHP6AXPAX@Z0@Z 00418aa0 f   fltk:Fl.obj
 0001:00017b00       ?remove_timeout@Fl@@SAXP6AXPAX@Z0@Z 00418b00 f   fltk:Fl.obj
 0001:00017b70       ?add_check@Fl@@SAXP6AXPAX@Z0@Z 00418b70 f   fltk:Fl.obj
 0001:00017bf0       ?has_check@Fl@@SAHP6AXPAX@Z0@Z 00418bf0 f   fltk:Fl.obj
 0001:00017c40       ?remove_check@Fl@@SAXP6AXPAX@Z0@Z 00418c40 f   fltk:Fl.obj
 0001:00017cc0       ?add_fd@Fl@@SAXHHP6AXHPAX@Z0@Z 00418cc0 f   fltk:Fl.obj
 0001:00017f90       ?add_fd@Fl@@SAXHP6AXHPAX@Z0@Z 00418f90 f   fltk:Fl.obj
 0001:00017fb0       ?remove_fd@Fl@@SAXHH@Z     00418fb0 f   fltk:Fl.obj
 0001:000182b0       ?remove_fd@Fl@@SAXH@Z      004192b0 f   fltk:Fl.obj
 0001:000182d0       ?redraw@Fl@@SAXXZ          004192d0 f   fltk:Fl.obj
 0001:00018300       ?flush@Fl@@SAXXZ           00419300 f   fltk:Fl.obj
 0001:000183d0       ?first_window@Fl@@SAPAVFl_Window@@XZ 004193d0 f   fltk:Fl.obj
 0001:00018400       ?first_window@Fl@@SAXPAVFl_Window@@@Z 00419400 f   fltk:Fl.obj
 0001:00018450       ?next_window@Fl@@SAPAVFl_Window@@PBV2@@Z 00419450 f   fltk:Fl.obj
 0001:00018490       ?get_mouse@Fl@@SAXAAH0@Z   00419490 f   fltk:Fl.obj
 0001:000184c0       ?event_inside@Fl@@SAHHHHH@Z 004194c0 f   fltk:Fl.obj
 0001:00018510       ?event_inside@Fl@@SAHPBVFl_Widget@@@Z 00419510 f   fltk:Fl.obj
 0001:00018590       ?enable_im@Fl@@SAXXZ       00419590 f   fltk:Fl.obj
 0001:000185d0       ?disable_im@Fl@@SAXXZ      004195d0 f   fltk:Fl.obj
 0001:00018610       ?handle@Fl@@SAHHPAVFl_Window@@@Z 00419610 f   fltk:Fl.obj
 0001:00018650       ?handle_@Fl@@SAHHPAVFl_Window@@@Z 00419650 f   fltk:Fl.obj
 0001:00018d30       ?belowmouse@Fl@@SAXPAVFl_Widget@@@Z 00419d30 f   fltk:Fl.obj
 0001:00018dd0       ?pushed@Fl@@SAXPAVFl_Widget@@@Z 00419dd0 f   fltk:Fl.obj
 0001:00018de0       ?focus@Fl@@SAXPAVFl_Widget@@@Z 00419de0 f   fltk:Fl.obj
 0001:00018ee0       ?add_handler@Fl@@SAXP6AHH@Z@Z 00419ee0 f   fltk:Fl.obj
 0001:00018f20       ?remove_handler@Fl@@SAXP6AHH@Z@Z 00419f20 f   fltk:Fl.obj
 0001:00018fa0       ?add_system_handler@Fl@@SAXP6AHPAX0@Z0@Z 00419fa0 f   fltk:Fl.obj
 0001:00018ff0       ?remove_system_handler@Fl@@SAXP6AHPAX0@Z@Z 00419ff0 f   fltk:Fl.obj
 0001:00019070       ?event_dispatch@Fl@@SAXP6AHHPAVFl_Window@@@Z@Z 0041a070 f   fltk:Fl.obj
 0001:00019080       ?event_dispatch@Fl@@SAP6AHHPAVFl_Window@@@ZXZ 0041a080 f   fltk:Fl.obj
 0001:00019090       ?copy@Fl@@SAXPBDHH0@Z      0041a090 f   fltk:Fl.obj
 0001:000191c0       ?copy@Fl@@SAXPBDHH@Z       0041a1c0 f   fltk:Fl.obj
 0001:000191e0       ?paste@Fl@@SAXAAVFl_Widget@@HPBD@Z 0041a1e0 f   fltk:Fl.obj
 0001:00019ed0       ?paste@Fl@@SAXAAVFl_Widget@@H@Z 0041aed0 f   fltk:Fl.obj
 0001:00019ef0       ?add_clipboard_notify@Fl@@SAXP6AXHPAX@Z0@Z 0041aef0 f   fltk:Fl.obj
 0001:00019f50       ?remove_clipboard_notify@Fl@@SAXP6AXHPAX@Z@Z 0041af50 f   fltk:Fl.obj
 0001:00019fc0       ?clipboard_contains@Fl@@SAHPBD@Z 0041afc0 f   fltk:Fl.obj
 0001:0001a070       ?selection_owner@Fl@@SAXPAVFl_Widget@@@Z 0041b070 f   fltk:Fl.obj
 0001:0001a080       ?selection@Fl@@SAXAAVFl_Widget@@PBDH@Z 0041b080 f   fltk:Fl.obj
 0001:0001a0a0       ?paste@Fl@@SAXAAVFl_Widget@@@Z 0041b0a0 f   fltk:Fl.obj
 0001:0001a0c0       ?x@Fl@@SAHXZ               0041b0c0 f   fltk:Fl.obj
 0001:0001a100       ?y@Fl@@SAHXZ               0041b100 f   fltk:Fl.obj
 0001:0001a140       ?w@Fl@@SAHXZ               0041b140 f   fltk:Fl.obj
 0001:0001a180       ?h@Fl@@SAHXZ               0041b180 f   fltk:Fl.obj
 0001:0001a1c0       ?thread_message@Fl@@SAPAXXZ 0041b1c0 f   fltk:Fl.obj
 0001:0001a1e0       ?delete_widget@Fl@@SAXPAVFl_Widget@@@Z 0041b1e0 f   fltk:Fl.obj
 0001:0001a2e0       ?do_widget_deletion@Fl@@SAXXZ 0041b2e0 f   fltk:Fl.obj
 0001:0001a360       ?watch_widget_pointer@Fl@@SAXAAPAVFl_Widget@@@Z 0041b360 f   fltk:Fl.obj
 0001:0001a400       ?release_widget_pointer@Fl@@SAXAAPAVFl_Widget@@@Z 0041b400 f   fltk:Fl.obj
 0001:0001a480       ?clear_widget_pointer@Fl@@SAXPBVFl_Widget@@@Z 0041b480 f   fltk:Fl.obj
 0001:0001a4f0       ??0Fl_Widget_Tracker@@QAE@PAVFl_Widget@@@Z 0041b4f0 f   fltk:Fl.obj
 0001:0001a520       ??1Fl_Widget_Tracker@@QAE@XZ 0041b520 f   fltk:Fl.obj
 0001:0001a570       ?redraw@Fl_Widget@@QAEXXZ  0041b570 f   fltk:Fl.obj
 0001:0001a590       ?redraw_label@Fl_Widget@@QAEXXZ 0041b590 f   fltk:Fl.obj
 0001:0001ab90       ?damage@Fl_Widget@@QAEXE@Z 0041bb90 f   fltk:Fl.obj
 0001:0001ac50       ?damage@Fl_Widget@@QAEXEHHHH@Z 0041bc50 f   fltk:Fl.obj
 0001:0001ae40       ?size_range_@Fl_Window@@AAEXXZ 0041be40 f   fltk:Fl.obj
 0001:0001ae60       ?fullscreen_x@Fl_Window@@AAEXXZ 0041be60 f   fltk:Fl.obj
 0001:0001aed0       ?fullscreen_off_x@Fl_Window@@AAEXHHHH@Z 0041bed0 f   fltk:Fl.obj
 0001:0001b0b0       ?flush@Fl_Window@@MAEXXZ   0041c0b0 f   fltk:Fl.obj
 0001:0001b120       ?handle@Fl_Window@@UAEHH@Z 0041c120 f   fltk:Fl.obj
 0001:0001b290       ?resize@Fl_Window@@UAEXHHHH@Z 0041c290 f   fltk:Fl.obj
 0001:0001b570       ?label@Fl_Window@@QAEXPBD0@Z 0041c570 f   fltk:Fl.obj
 0001:0001b660       ?default_icons@Fl_Window@@SAXPAUHICON__@@0@Z 0041c660 f   fltk:Fl.obj
 0001:0001b680       ?icons@Fl_Window@@QAEXPAUHICON__@@0@Z 0041c680 f   fltk:Fl.obj
 0001:0001b6e0       ?show@Fl_Window@@UAEXXZ    0041c6e0 f   fltk:Fl.obj
 0001:0001b7a0       ?hide@Fl_Window@@UAEXXZ    0041c7a0 f   fltk:Fl.obj
 0001:0001bc00       ?make_current@Fl_Window@@QAEXXZ 0041cc00 f   fltk:Fl.obj
 0001:0001bc60       ?decorated_w@Fl_Window@@QAEHXZ 0041cc60 f   fltk:Fl.obj
 0001:0001bd30       ?decorated_h@Fl_Window@@QAEHXZ 0041cd30 f   fltk:Fl.obj
 0001:0001be00       ?XRectangleRegion@@YAPAUHRGN__@@HHHH@Z 0041ce00 f   fltk:Fl.obj
 0001:0001beb0       ?fake_X_wm@Fl_X@@SAHPBVFl_Window@@AAH1111@Z 0041ceb0 f   fltk:Fl.obj
 0001:0001c5e0       ?make_fullscreen@Fl_X@@QAEXHHHH@Z 0041d5e0 f   fltk:Fl.obj
 0001:0001c740       ?set_minmax@Fl_X@@QAEXPAUtagMINMAXINFO@@@Z 0041d740 f   fltk:Fl.obj
 0001:0001c830       ?set_default_icons@Fl_X@@SAXQAPBVFl_RGB_Image@@H@Z 0041d830 f   fltk:Fl.obj
 0001:0001c8f0       ?set_default_icons@Fl_X@@SAXPAUHICON__@@0@Z 0041d8f0 f   fltk:Fl.obj
 0001:0001c960       ?set_icons@Fl_X@@QAEXXZ    0041d960 f   fltk:Fl.obj
 0001:0001cb00       ?set_cursor@Fl_X@@QAEHW4Fl_Cursor@@@Z 0041db00 f   fltk:Fl.obj
 0001:0001cc90       ?set_cursor@Fl_X@@QAEHPBVFl_RGB_Image@@HH@Z 0041dc90 f   fltk:Fl.obj
 0001:0001cd10       ?make@Fl_X@@SAPAV1@PAVFl_Window@@@Z 0041dd10 f   fltk:Fl.obj
 0001:0001d9b0       ?fl_release_dc@@YAXPAUHWND__@@PAUHDC__@@@Z 0041e9b0 f   fltk:Fl.obj
 0001:0001da50       ?fl_save_dc@@YAXPAUHWND__@@PAUHDC__@@@Z 0041ea50 f   fltk:Fl.obj
 0001:0001dac0       ?fl_open_display@@YAXXZ    0041eac0 f   fltk:Fl.obj
 0001:0001daf0       ?fl_find@@YAPAVFl_Window@@PAUHWND__@@@Z 0041eaf0 f   fltk:Fl.obj
 0001:0001db70       ?fl_GetDC@@YAPAUHDC__@@PAUHWND__@@@Z 0041eb70 f   fltk:Fl.obj
 0001:0001dc10       ?fl_free_fonts@@YAXXZ      0041ec10 f   fltk:Fl.obj
 0001:0001dcd0       ?fl_cleanup_dc_list@@YAXXZ 0041ecd0 f   fltk:Fl.obj
 0001:0001dda0       ?fl_clipboard_notify_change@@YAXXZ 0041eda0 f   fltk:Fl.obj
 0001:0001de20       ?fl_clipboard_notify_empty@@YA_NXZ 0041ee20 f   fltk:Fl.obj
 0001:0001de50       ?fl_trigger_clipboard_notify@@YAXH@Z 0041ee50 f   fltk:Fl.obj
 0001:0001de90       ?fl_ready@@YAHXZ           0041ee90 f   fltk:Fl.obj
 0001:0001df70       ?fl_wait@@YAHN@Z           0041ef70 f   fltk:Fl.obj
 0001:0001e380       ?fl_send_system_handlers@@YAHPAX@Z 0041f380 f   fltk:Fl.obj
 0001:0001e3e0       ?fl_fix_focus@@YAXXZ       0041f3e0 f   fltk:Fl.obj
 0001:0001e5c0       ?fl_throw_focus@@YAXPAVFl_Widget@@@Z 0041f5c0 f   fltk:Fl.obj
 0001:0001e790       ?fl_clipboard_notify_retarget@@YAXPAUHWND__@@@Z 0041f790 f   fltk:Fl.obj
 0001:0001e7f0       ?fl_update_clipboard@@YAXXZ 0041f7f0 f   fltk:Fl.obj
 0001:0001e900       ?fl_set_status@@YAXHHHH@Z  0041f900 f   fltk:Fl.obj
 0001:0001e910       ?fl_set_spot@@YAXHHHHHHPAVFl_Window@@@Z 0041f910 f   fltk:Fl.obj
 0001:0001ea70       ?fl_reset_spot@@YAXXZ      0041fa70 f   fltk:Fl.obj
 0001:0001ea80       ?print_window@Fl_Paged_Device@@QAEXPAVFl_Window@@HH@Z 0041fa80 f   fltk:Fl.obj
 0001:0001f0b0       ?fl_get_lcid_codepage@@YAIK@Z 004200b0 f   fltk:Fl.obj
 0001:0001f110       ?fl_get_codepage@@YAXXZ    00420110 f   fltk:Fl.obj
 0001:000206d0       ?fl_filename_name@@YAPBDPBD@Z 004216d0 f   fltk:Fl.obj
 0001:00020cd0       ?fl_xid_@@YAPAUHWND__@@PBVFl_Window@@@Z 00421cd0 f   fltk:Fl.obj
 0001:00020d00       ??0Lf2CrlfConvert@@QAE@PBDH@Z 00421d00 f i fltk:Fl.obj
 0001:00020ec0       ??1Fl_Win32_At_Exit@@QAE@XZ 00421ec0 f i fltk:Fl.obj
 0001:00020f30       ??1Lf2CrlfConvert@@QAE@XZ  00421f30 f i fltk:Fl.obj
 0001:00020f60       ??1NameList@@QAE@XZ        00421f60 f i fltk:Fl.obj
 0001:00020fc0       ??_EFl_Device@@UAEPAXI@Z   00421fc0 f i fltk:Fl.obj
 0001:00020fc0       ??_GFl_Device@@UAEPAXI@Z   00421fc0 f i fltk:Fl.obj
 0001:00020ff0       ??_EFl_GDI_Graphics_Driver@@UAEPAXI@Z 00421ff0 f i fltk:Fl.obj
 0001:00020ff0       ??_GFl_GDI_Graphics_Driver@@UAEPAXI@Z 00421ff0 f i fltk:Fl.obj
 0001:00021050       ??_GFl_Graphics_Driver@@UAEPAXI@Z 00422050 f i fltk:Fl.obj
 0001:00021050       ??_EFl_Graphics_Driver@@UAEPAXI@Z 00422050 f i fltk:Fl.obj
 0001:000210b0       ??_GFl_Image@@UAEPAXI@Z    004220b0 f i fltk:Fl.obj
 0001:000210b0       ??_EFl_Image@@UAEPAXI@Z    004220b0 f i fltk:Fl.obj
 0001:000210e0       ??_GFl_RGB_Image@@UAEPAXI@Z 004220e0 f i fltk:Fl.obj
 0001:000210e0       ??_EFl_RGB_Image@@UAEPAXI@Z 004220e0 f i fltk:Fl.obj
 0001:00021110       ??_GFl_Surface_Device@@UAEPAXI@Z 00422110 f i fltk:Fl.obj
 0001:00021110       ??_EFl_Surface_Device@@UAEPAXI@Z 00422110 f i fltk:Fl.obj
 0001:00021150       ?add_name@NameList@@QAEXPBD@Z 00422150 f i fltk:Fl.obj
 0001:000211d0       ?class_name@Fl_Device@@UAEPBDXZ 004221d0 f i fltk:Fl.obj
 0001:000211e0       ?class_name@Fl_GDI_Graphics_Driver@@UAEPBDXZ 004221e0 f i fltk:Fl.obj
 0001:000211f0       ?class_name@Fl_Graphics_Driver@@UAEPBDXZ 004221f0 f i fltk:Fl.obj
 0001:00021200       ?class_name@Fl_Surface_Device@@UAEPBDXZ 00422200 f i fltk:Fl.obj
 0001:00021210       ?color@Fl_Graphics_Driver@@MAEXEEE@Z 00422210 f i fltk:Fl.obj
 0001:00021220       ?color@Fl_Graphics_Driver@@MAEXI@Z 00422220 f i fltk:Fl.obj
 0001:00021240       ?descent@Fl_Graphics_Driver@@UAEHXZ 00422240 f i fltk:Fl.obj
 0001:00021250       ?draw@Fl_Graphics_Driver@@MAEXHPBDHHH@Z 00422250 f i fltk:Fl.obj
 0001:00021260       ?draw@Fl_Graphics_Driver@@MAEXPAVFl_Bitmap@@HHHHHH@Z 00422260 f i fltk:Fl.obj
 0001:00021270       ?draw@Fl_Graphics_Driver@@MAEXPAVFl_Pixmap@@HHHHHH@Z 00422270 f i fltk:Fl.obj
 0001:00021280       ?draw@Fl_Graphics_Driver@@MAEXPAVFl_RGB_Image@@HHHHHH@Z 00422280 f i fltk:Fl.obj
 0001:00021290       ?draw@Fl_Graphics_Driver@@MAEXPBDHHH@Z 00422290 f i fltk:Fl.obj
 0001:000212a0       ?draw_image@Fl_Graphics_Driver@@MAEXP6AXPAXHHHPAE@Z0HHHHH@Z 004222a0 f i fltk:Fl.obj
 0001:000212b0       ?draw_image@Fl_Graphics_Driver@@MAEXPBEHHHHHH@Z 004222b0 f i fltk:Fl.obj
 0001:000212c0       ?draw_image_mono@Fl_Graphics_Driver@@MAEXP6AXPAXHHHPAE@Z0HHHHH@Z 004222c0 f i fltk:Fl.obj
 0001:000212d0       ?draw_image_mono@Fl_Graphics_Driver@@MAEXPBEHHHHHH@Z 004222d0 f i fltk:Fl.obj
 0001:000212e0       ?font@Fl_Graphics_Driver@@UAEXHH@Z 004222e0 f i fltk:Fl.obj
 0001:00021300       ?height@Fl_Graphics_Driver@@UAEHXZ 00422300 f i fltk:Fl.obj
 0001:00021320       ?rtl_draw@Fl_Graphics_Driver@@MAEXPBDHHH@Z 00422320 f i fltk:Fl.obj
 0001:00021330       ?width@Fl_Graphics_Driver@@UAENI@Z 00422330 f i fltk:Fl.obj
 0001:00021360       ?width@Fl_Graphics_Driver@@UAENPBDH@Z 00422360 f i fltk:Fl.obj
 0001:00021370       ?fl_beep@@YAXH@Z           00422370 f   fltk:fl_ask.obj
 0001:000213e0       ?fl_message@@YAXPBDZZ      004223e0 f   fltk:fl_ask.obj
 0001:00021440       ?fl_alert@@YAXPBDZZ        00422440 f   fltk:fl_ask.obj
 0001:000214a0       ?fl_ask@@YAHPBDZZ          004224a0 f   fltk:fl_ask.obj
 0001:000214f0       ?fl_choice@@YAHPBD000ZZ    004224f0 f   fltk:fl_ask.obj
 0001:00021540       ?fl_input@@YAPBDPBD0ZZ     00422540 f   fltk:fl_ask.obj
 0001:00021590       ?fl_password@@YAPBDPBD0ZZ  00422590 f   fltk:fl_ask.obj
 0001:000215e0       ?fl_message_icon@@YAPAVFl_Widget@@XZ 004225e0 f   fltk:fl_ask.obj
 0001:000215f0       ?fl_message_hotspot@@YAXH@Z 004225f0 f   fltk:fl_ask.obj
 0001:00021620       ?fl_message_hotspot@@YAHXZ 00422620 f   fltk:fl_ask.obj
 0001:00021630       ?fl_message_title@@YAXPBD@Z 00422630 f   fltk:fl_ask.obj
 0001:00021650       ?fl_message_title_default@@YAXPBD@Z 00422650 f   fltk:fl_ask.obj
 0001:000224d0       ??$__vcrt_va_start_verify_argument_type@PBD@@YAXXZ 004234d0 f i fltk:fl_ask.obj
 0001:000224e0       ?default_atclose@Fl@@SAXPAVFl_Window@@PAX@Z 004234e0 f   fltk:Fl_Window.obj
 0001:00022510       ?window@Fl_Widget@@QBEPAVFl_Window@@XZ 00423510 f   fltk:Fl_Window.obj
 0001:00022560       ?top_window@Fl_Widget@@QBEPAVFl_Window@@XZ 00423560 f   fltk:Fl_Window.obj
 0001:000225a0       ?top_window_offset@Fl_Widget@@QBEPAVFl_Window@@AAH0@Z 004235a0 f   fltk:Fl_Window.obj
 0001:00022620       ?_Fl_Window@Fl_Window@@AAEXXZ 00423620 f   fltk:Fl_Window.obj
 0001:00022710       ?free_icons@Fl_Window@@IAEXXZ 00423710 f   fltk:Fl_Window.obj
 0001:00022820       ??0Fl_Window@@QAE@HHPBD@Z  00423820 f   fltk:Fl_Window.obj
 0001:000228c0       ??0Fl_Window@@QAE@HHHHPBD@Z 004238c0 f   fltk:Fl_Window.obj
 0001:00022960       ??1Fl_Window@@UAE@XZ       00423960 f   fltk:Fl_Window.obj
 0001:00022a50       ?label@Fl_Window@@QAEXPBD@Z 00423a50 f   fltk:Fl_Window.obj
 0001:00022a80       ?iconlabel@Fl_Window@@QAEXPBD@Z 00423a80 f   fltk:Fl_Window.obj
 0001:00022ab0       ?copy_label@Fl_Window@@QAEXPBD@Z 00423ab0 f   fltk:Fl_Window.obj
 0001:00022af0       ?default_xclass@Fl_Window@@SAXPBD@Z 00423af0 f   fltk:Fl_Window.obj
 0001:00022b30       ?default_xclass@Fl_Window@@SAPBDXZ 00423b30 f   fltk:Fl_Window.obj
 0001:00022b50       ?xclass@Fl_Window@@QBEPBDXZ 00423b50 f   fltk:Fl_Window.obj
 0001:00022b80       ?xclass@Fl_Window@@QAEXPBD@Z 00423b80 f   fltk:Fl_Window.obj
 0001:00022be0       ?default_icon@Fl_Window@@SAXPBVFl_RGB_Image@@@Z 00423be0 f   fltk:Fl_Window.obj
 0001:00022c00       ?default_icons@Fl_Window@@SAXQAPBVFl_RGB_Image@@H@Z 00423c00 f   fltk:Fl_Window.obj
 0001:00022c20       ?icon@Fl_Window@@QAEXPBVFl_RGB_Image@@@Z 00423c20 f   fltk:Fl_Window.obj
 0001:00022c40       ?icons@Fl_Window@@QAEXQAPBVFl_RGB_Image@@H@Z 00423c40 f   fltk:Fl_Window.obj
 0001:00022d10       ?icon@Fl_Window@@QBEPBXXZ  00423d10 f   fltk:Fl_Window.obj
 0001:00022d30       ?icon@Fl_Window@@QAEXPBX@Z 00423d30 f   fltk:Fl_Window.obj
 0001:00022d50       ?wait_for_expose@Fl_Window@@QAEXXZ 00423d50 f   fltk:Fl_Window.obj
 0001:00022da0       ?x_root@Fl_Window@@QBEHXZ  00423da0 f   fltk:Fl_Window.obj
 0001:00022de0       ?y_root@Fl_Window@@QBEHXZ  00423de0 f   fltk:Fl_Window.obj
 0001:00022e20       ?current@Fl_Window@@SAPAV1@XZ 00423e20 f   fltk:Fl_Window.obj
 0001:00022e30       ?default_callback@Fl_Window@@SAXPAV1@PAX@Z 00423e30 f   fltk:Fl_Window.obj
 0001:00022e50       ??_GFl_Window@@UAEPAXI@Z   00423e50 f i fltk:Fl_Window.obj
 0001:00022e50       ??_EFl_Window@@UAEPAXI@Z   00423e50 f i fltk:Fl_Window.obj
 0001:00022e90       ?as_gl_window@Fl_Widget@@UAEPAVFl_Gl_Window@@XZ 00423e90 f i fltk:Fl_Window.obj
 0001:00022ea0       ?navigation@Fl_Group@@AAEHH@Z 00423ea0 f   fltk:Fl_Group.obj
 0001:00023060       ?draw@Fl_Group@@MAEXXZ     00424060 f   fltk:Fl_Group.obj
 0001:000230a0       ?draw_child@Fl_Group@@IBEXAAVFl_Widget@@@Z 004240a0 f   fltk:Fl_Group.obj
 0001:00023150       ?draw_children@Fl_Group@@IAEXXZ 00424150 f   fltk:Fl_Group.obj
 0001:00023330       ?draw_outside_label@Fl_Group@@IBEXABVFl_Widget@@@Z 00424330 f   fltk:Fl_Group.obj
 0001:000235c0       ?update_child@Fl_Group@@IBEXAAVFl_Widget@@@Z 004245c0 f   fltk:Fl_Group.obj
 0001:00023680       ?sizes@Fl_Group@@IAEPAHXZ  00424680 f   fltk:Fl_Group.obj
 0001:000239c0       ?handle@Fl_Group@@UAEHH@Z  004249c0 f   fltk:Fl_Group.obj
 0001:00024380       ?begin@Fl_Group@@QAEXXZ    00425380 f   fltk:Fl_Group.obj
 0001:000243a0       ?end@Fl_Group@@QAEXXZ      004253a0 f   fltk:Fl_Group.obj
 0001:000243c0       ?current@Fl_Group@@SAPAV1@XZ 004253c0 f   fltk:Fl_Group.obj
 0001:000243d0       ?current@Fl_Group@@SAXPAV1@@Z 004253d0 f   fltk:Fl_Group.obj
 0001:000243e0       ?find@Fl_Group@@QBEHPBVFl_Widget@@@Z 004253e0 f   fltk:Fl_Group.obj
[...]
 0003:00002dbc       ?s_wsock_select@@3P6GHHPAUfd_set@@00PBUtimeval@@@ZA 0048ddbc     fltk:Fl.obj
 0003:00002dc0       ?fl_wsk_fd_is_set@@3P6GHIPAUfd_set@@@ZA 0048ddc0     fltk:Fl.obj
 0003:00002dec       ?s_imm_module@@3PAUHINSTANCE__@@A 0048ddec     fltk:Fl.obj
 0003:00002df0       ?flImmAssociateContextEx@@3P6GHPAUHWND__@@PAUHIMC__@@K@ZA 0048ddf0     fltk:Fl.obj
 0003:00002df5       ?dnd_flag@@3DA             0048ddf5     fltk:Fl.obj
 0003:00002df8       ?flImmGetContext@@3P6GPAUHIMC__@@PAUHWND__@@@ZA 0048ddf8     fltk:Fl.obj
 0003:00002e00       ?flImmSetCompositionWindow@@3P6GHPAUHIMC__@@PAUtagCOMPOSITIONFORM@@@ZA 0048de00     fltk:Fl.obj
 0003:00002e04       ?flImmReleaseContext@@3P6GHPAUHWND__@@PAUHIMC__@@@ZA 0048de04     fltk:Fl.obj
 0003:00002e08       ?sys_handlers@@3PAUsystem_handler_link@@A 0048de08     fltk:Fl.obj
 0003:00002e0c       ?track_mouse_win@@3PAVFl_Window@@A 0048de0c     fltk:Fl.obj
 0003:00002e10       ?maxfd@@3HA                0048de10     fltk:Fl.obj
 0003:00002e14       ?nfds@@3HA                 0048de14     fltk:Fl.obj
 0003:00002e18       ?fd_array_size@@3HA        0048de18     fltk:Fl.obj
 0003:00002e44       ?fd@@3PAUFD@@A             0048de44     fltk:Fl.obj
 0003:00002ea4       ?default_big_icon@@3PAUHICON__@@A 0048dea4     fltk:Fl.obj
 0003:00002ea8       ?default_small_icon@@3PAUHICON__@@A 0048dea8     fltk:Fl.obj
 0003:00002eac       ?win_DC_list@@3PAUWin_DC_List@@A 0048deac     fltk:Fl.obj
 0003:00002eb8       ?num_dwidgets@@3HA         0048deb8     fltk:Fl.obj
 0003:00002ebc       ?alloc_dwidgets@@3HA       0048debc     fltk:Fl.obj
 0003:00002ec0       ?dwidgets@@3PAPAVFl_Widget@@A 0048dec0     fltk:Fl.obj
 0003:00002ec4       ?widget_watch@@3PAPAPAVFl_Widget@@A 0048dec4     fltk:Fl.obj
 0003:00002ec8       ?num_widget_watch@@3HA     0048dec8     fltk:Fl.obj
 0003:00002ecc       ?max_widget_watch@@3HA     0048decc     fltk:Fl.obj
 0003:00002ed8       ?win32_at_exit@@3VFl_Win32_At_Exit@@A 0048ded8     fltk:Fl.obj
 0003:00002edc       ?fl_gdi_display@@3VFl_Display_Device@@A 0048dedc     fltk:Fl.obj
 0003:00002ee8       ?fl_gdi_driver@@3VFl_GDI_Graphics_Driver@@A 0048dee8     fltk:Fl.obj
 0003:000035d0       ?first_check@@3PAUCheck@@A 0048e5d0     fltk:Fl.obj
 0003:000035d4       ?next_check@@3PAUCheck@@A  0048e5d4     fltk:Fl.obj
 0003:000035d8       ?free_check@@3PAUCheck@@A  0048e5d8     fltk:Fl.obj
 0003:000035dc       ?thread_message_@@3PAXA    0048e5dc     fltk:Fl.obj
 0003:000035e0       ?fdsets@@3PAUfd_set@@A     0048e5e0     fltk:Fl.obj
 0003:000038ec       ?win32_timers@@3PAUWin32Timer@@A 0048e8ec     fltk:Fl.obj
 0003:000038f0       ?win32_timer_alloc@@3HA    0048e8f0     fltk:Fl.obj
 0003:000038f4       ?win32_timer_used@@3HA     0048e8f4     fltk:Fl.obj
 0003:000038f8       ?s_TimerWnd@@3PAUHWND__@@A 0048e8f8     fltk:Fl.obj
 0003:000038fc       ?resize_bug_fix@@3PAVFl_Window@@A 0048e8fc     fltk:Fl.obj
 0003:00003900       ?in_idle@?1??fl_wait@@YAHN@Z@4DA 0048e900     fltk:Fl.obj
 0003:00003901       ?beenHereDoneThat@?1??fl_open_display@@YAXXZ@4DA 0048e901     fltk:Fl.obj
 0003:00003904       ?px@?1??mouse_event@@YAHPAVFl_Window@@HHIJ@Z@4HA 0048e904     fltk:Fl.obj
 0003:00003908       ?py@?1??mouse_event@@YAHPAVFl_Window@@HHIJ@Z@4HA 0048e908     fltk:Fl.obj
 0003:0000390c       ?pmx@?1??mouse_event@@YAHPAVFl_Window@@HHIJ@Z@4HA 0048e90c     fltk:Fl.obj
 0003:00003910       ?pmy@?1??mouse_event@@YAHPAVFl_Window@@HHIJ@Z@4HA 0048e910     fltk:Fl.obj
 0003:00003918       ?vklut@?1??ms2fltk@@YAHIH@Z@4PAGA 0048e918     fltk:Fl.obj
 0003:00003b18       ?extendedlut@?1??ms2fltk@@YAHIH@Z@4PAGA 0048eb18     fltk:Fl.obj
 0003:00003d18       ?buffer@?DH@??WndProc@@YGJPAUHWND__@@IIJ@Z@4PADA 0048ed18     fltk:Fl.obj
 0003:00004118       ?delta@?GG@??WndProc@@YGJPAUHWND__@@IIJ@Z@4HA 0048f118     fltk:Fl.obj
 0003:0000411c       ?delta@?GJ@??WndProc@@YGJPAUHWND__@@IIJ@Z@4HA 0048f11c     fltk:Fl.obj
 0003:00004120       ?class_name_list@?1??make@Fl_X@@SAPAV2@PAVFl_Window@@@Z@4VNameList@@A 0048f120     fltk:Fl.obj
 0003:0000412c       ?$TSS0@?1??make@Fl_X@@SAPAV2@PAVFl_Window@@@Z@4HA 0048f12c     fltk:Fl.obj
 0003:00004130       ?first_class_name@?1??make@Fl_X@@SAPAV2@PAVFl_Window@@@Z@4PBDB 0048f130     fltk:Fl.obj
 0003:00004134       ?avoidRecursion@@3DA       0048f134     fltk:fl_ask.obj
 0003:0000413c       ?message_form@@3PAVFl_Window@@A 0048f13c     fltk:fl_ask.obj
 0003:00004140       ?message@@3PAVFl_Box@@A    0048f140     fltk:fl_ask.obj
 0003:00004144       ?icon@@3PAVFl_Box@@A       0048f144     fltk:fl_ask.obj
 0003:00004148       ?button@@3PAPAVFl_Button@@A 0048f148     fltk:fl_ask.obj
 0003:00004154       ?input@@3PAVFl_Input@@A    0048f154     fltk:fl_ask.obj
 0003:00004158       ?ret_val@@3HA              0048f158     fltk:fl_ask.obj
 0003:0000415c       ?message_title_default@@3PBDB 0048f15c     fltk:fl_ask.obj
 0003:00004170       ?fc@@3PAVFl_File_Chooser@@A 0048f170     fltk:fl_file_dir.obj
 0003:00004174       ?current_callback@@3P6AXPBD@ZA 0048f174     fltk:fl_file_dir.obj
 0003:00004178       ?current_label@@3PBDB      0048f178     fltk:fl_file_dir.obj
 0003:00004180       ?retname@?1??fl_file_chooser@@YAPADPBD00H@Z@4PADA 0048f180     fltk:fl_file_dir.obj
 0003:00004980       ?retname@?1??fl_dir_chooser@@YAPADPBD0H@Z@4PADA 0048f980     fltk:fl_file_dir.obj
 0003:00005180       ?fl_gmi@@3P6GHPAUHMONITOR__@@PAUtagMONITORINFO@@@ZA 00490180     fltk:screen_xywh.obj
 0003:00005188       ?screens@@3PAUtagRECT@@A   00490188     fltk:screen_xywh.obj
 0003:00005288       ?work_area@@3PAUtagRECT@@A 00490288     fltk:screen_xywh.obj
 0003:00005388       ?dpi@@3PAY01MA             00490388     fltk:screen_xywh.obj
 0003:00005438       ?main_thread@@3KA          00490438     fltk:Fl_lock.obj
 0003:00005440       ?measure@@3PAP6AXPBUFl_Label@@AAH1@ZA 00490440     fltk:fl_labeltype.obj
 0003:00005480       ?obj_queue@@3PAPAVFl_Widget@@A 00490480     fltk:Fl_Widget.obj
 0003:000054d0       ?obj_head@@3HA             004904d0     fltk:Fl_Widget.obj
 0003:000054d4       ?obj_tail@@3HA             004904d4     fltk:Fl_Widget.obj
 0003:000054e4       ?window@@3PAVFl_TooltipBox@@A 004904e4     fltk:Fl_Tooltip.obj
 0003:000054ec       ?tip@@3PBDB                004904ec     fltk:Fl_Tooltip.obj
 0003:000054f0       ?Y@@3HA                    004904f0     fltk:Fl_Tooltip.obj
 0003:000054f4       ?H@@3HA                    004904f4     fltk:Fl_Tooltip.obj
 0003:000054f8       ?recent_tooltip@@3DA       004904f8     fltk:Fl_Tooltip.obj
 0003:000054f9       ?recursion@@3DA            004904f9     fltk:Fl_Tooltip.obj
 0003:000054fa       ?beenhere@?1??set_enter_exit_once_@Fl_Tooltip@@CAXXZ@4DA 004904fa     fltk:Fl_Tooltip.obj
 0003:00006108       ?tmppen@@3PAXA             00491108     fltk:fl_color.obj
 0003:0000610c       ?savepen@@3PAUHPEN__@@A    0049110c     fltk:fl_color.obj
 0003:00006110       ?xmap@?1??color@Fl_GDI_Graphics_Driver@@UAEXEEE@Z@4UFl_XMap@@A 00491110     fltk:fl_color.obj
 0003:00006120       ?brushes@?1??fl_brush_action@@YAPAUHBRUSH__@@H@Z@4PAUFl_Brush@?1??1@YAPAU2@H@Z@A 00491120     fltk:fl_color.obj
 0003:000061e0       ?beenhere@?1??fl_select_palette@@YAPAUHPALETTE__@@XZ@4DA 004911e0     fltk:fl_color.obj
 0003:000061e4       ?fl_alpha_blend@@3P6GHPAUHDC__@@HHHH0HHHHUFL_BLENDFUNCTION@@@ZA 004911e4     fltk:Fl_Double_Window.obj
 0003:000061e8       ?been_here@?1??fl_can_do_alpha_blending@@YADXZ@4DA 004911e8     fltk:Fl_Double_Window.obj
 0003:000061e9       ?can_do@?1??fl_can_do_alpha_blending@@YADXZ@4DA 004911e9     fltk:Fl_Double_Window.obj
 0003:0000629c       ?hMod@?1??newUUID@Fl_Preferences@@SAPBDXZ@4PAUHINSTANCE__@@A 0049129c     fltk:Fl_Preferences.obj
 0003:000062ac       ?fl_angle_@@3HA            004912ac     fltk:fl_font.obj
 0003:000062b0       ?wstr@@3PAGA               004912b0     fltk:fl_font.obj
 0003:000062b4       ?wstr_len@@3HA             004912b4     fltk:fl_font.obj
 0003:000062b8       ?fl_GetGlyphIndices@@3P6GKPAUHDC__@@PB_WHPAGK@ZA 004912b8     fltk:fl_font.obj
 0003:000062bc       ?have_loaded_GetGlyphIndices@@3HA 004912bc     fltk:fl_font.obj
 0003:000062c0       ?ext_buff@?1??text_extents@Fl_GDI_Graphics_Driver@@UAEXPBDHAAH111@Z@4PAGA 004912c0     fltk:fl_font.obj
 0003:000062c4       ?w_buff@?1??text_extents@Fl_GDI_Graphics_Driver@@UAEXPBDHAAH111@Z@4PAGA 004912c4     fltk:fl_font.obj
 0003:000062c8       ?wc_len@?1??text_extents@Fl_GDI_Graphics_Driver@@UAEXPBDHAAH111@Z@4IA 004912c8     fltk:fl_font.obj
 0003:000062d8       ?hMod@?1??draw@Fl_GDI_Printer_Graphics_Driver@@UAEXPAVFl_Pixmap@@HHHHHH@Z@4PAUHINSTANCE__@@A 004912d8     fltk:Fl_Pixmap.obj
 0003:000062dc       ?fl_TransparentBlt@?1??draw@Fl_GDI_Printer_Graphics_Driver@@UAEXPAVFl_Pixmap@@HHHHHH@Z@4P6GHPAUHDC__@@HHHH1HHHHI@ZA 004912dc     fltk:Fl_Pixmap.obj
 0003:000062e0       ?fl_TransparentBlt@?1??draw@Fl_GDI_Printer_Graphics_Driver@@UAEXPAVFl_Bitmap@@HHHHHH@Z@4P6GHPAUHDC__@@HHHH1HHHHI@ZA 004912e0     fltk:Fl_Bitmap.obj
 0003:000062e4       ?hMod@?1??draw@Fl_GDI_Printer_Graphics_Driver@@UAEXPAVFl_Bitmap@@HHHHHH@Z@4PAUHINSTANCE__@@A 004912e4     fltk:Fl_Bitmap.obj
 0003:000062e8       ?ri@?1??dither@@YAXPAEPBEHH@Z@4HA 004912e8     fltk:fl_draw_image.obj
 0003:000062ec       ?gi@?1??dither@@YAXPAEPBEHH@Z@4HA 004912ec     fltk:fl_draw_image.obj
 0003:000062f0       ?bi@?1??dither@@YAXPAEPBEHH@Z@4HA 004912f0     fltk:fl_draw_image.obj
 0003:000062f4       ?dir@?1??dither@@YAXPAEPBEHH@Z@4HA 004912f4     fltk:fl_draw_image.obj
 0003:000062f8       ?ri@?1??monodither@@YAXPAEPBEHH@Z@4HA 004912f8     fltk:fl_draw_image.obj
 0003:000062fc       ?dir@?1??monodither@@YAXPAEPBEHH@Z@4HA 004912fc     fltk:fl_draw_image.obj
 0003:00006300       ?bmibuffer@?1??innards@@YAXPBEHHHHHHHP6AXPAXHHHPAE@Z1@Z@4PAIA 00491300     fltk:fl_draw_image.obj
 0003:00006730       ?buffer@?1??innards@@YAXPBEHHHHHHHP6AXPAXHHHPAE@Z1@Z@4PAIA 00491730     fltk:fl_draw_image.obj
 0003:00006734       ?buffer_size@?1??innards@@YAXPBEHHHHHHHP6AXPAXHHHPAE@Z1@Z@4JA 00491734     fltk:fl_draw_image.obj
 0003:00006738       ?line_buffer@?1??innards@@YAXPBEHHHHHHHP6AXPAXHHHPAE@Z1@Z@4PAIA 00491738     fltk:fl_draw_image.obj
 0003:0000673c       ?line_buf_size@?CH@??innards@@YAXPBEHHHHHHHP6AXPAXHHHPAE@Z1@Z@4HA 0049173c     fltk:fl_draw_image.obj
 0003:00006748       ?fl_bg_set@@3DA            00491748     fltk:Fl_get_system_colors.obj
 0003:00006749       ?fl_bg2_set@@3DA           00491749     fltk:Fl_get_system_colors.obj
 0003:0000674a       ?fl_fg_set@@3DA            0049174a     fltk:Fl_get_system_colors.obj
 0003:00006758       ?tile@@3VFl_Pixmap@@A      00491758     fltk:Fl_get_system_colors.obj
 0003:00006780       ?e@?1??scheme@Fl@@SAHPBD@Z@4PADA 00491780     fltk:Fl_get_system_colors.obj
 0003:00006bb8       ?mbwbuf@@3PA_WA            00491bb8     fltk:fl_utf8.obj
 0003:00006bc0       ?buf@@3PADA                00491bc0     fltk:fl_utf8.obj
 0003:00006bc4       ?buf_len@@3HA              00491bc4     fltk:fl_utf8.obj
 0003:00006bc8       ?wbufa@@3PAGA              00491bc8     fltk:fl_utf8.obj
 0003:00006bcc       ?wbuf@@3PA_WA              00491bcc     fltk:fl_utf8.obj
 0003:00006bd0       ?wbuf1@@3PA_WA             00491bd0     fltk:fl_utf8.obj
 0003:00006bd4       ?table@?1??Toupper@@YAHH@Z@4PAGA 00491bd4     fltk:fl_utf8.obj
 0003:00006bd8       ?buf@?1??fl_utf2mbcs@@9@4PADA 00491bd8     fltk:fl_utf8.obj
 0003:00006bdc       ?buf@?1??fl_getenv@@9@4PADA 00491bdc     fltk:fl_utf8.obj
 0003:00006be0       ?wbuf@?1??fl_getcwd@@9@4PA_WA 00491be0     fltk:fl_utf8.obj
 0003:00006be4       ?buf@?1??fl_shortcut_label@@YAPBDIPAPBD@Z@4PADA 00491be4     fltk:fl_shortcut.obj
 0003:00006c1c       ?l_secret@@3HA             00491c1c     fltk:Fl_Input_.obj
 0003:00006c20       ?undobuffer@@3PADA         00491c20     fltk:Fl_Input_.obj
 0003:00006c24       ?undobufferlength@@3HA     00491c24     fltk:Fl_Input_.obj
 0003:00006c28       ?undowidget@@3PAVFl_Input_@@A 00491c28     fltk:Fl_Input_.obj
 0003:00006c2c       ?undoat@@3HA               00491c2c     fltk:Fl_Input_.obj
 0003:00006c30       ?undocut@@3HA              00491c30     fltk:Fl_Input_.obj
 0003:00006c34       ?undoinsert@@3HA           00491c34     fltk:Fl_Input_.obj
 0003:00006c38       ?yankcut@@3HA              00491c38     fltk:Fl_Input_.obj
 0003:00006c3c       ?legal_fp_chars@@3PBDB     00491c3c     fltk:Fl_Input.obj
 0003:00006c40       ?dnd_save_position@?1??handle@Fl_Input@@UAEHH@Z@4HA 00491c40     fltk:Fl_Input.obj
 0003:00006c44       ?dnd_save_mark@?1??handle@Fl_Input@@UAEHH@Z@4HA 00491c44     fltk:Fl_Input.obj
 0003:00006c48       ?newpos@?1??handle@Fl_Input@@UAEHH@Z@4HA 00491c48     fltk:Fl_Input.obj
 0003:00006c4c       ?dnd_save_focus@?1??handle@Fl_Input@@UAEHH@Z@4PAVFl_Widget@@A 00491c4c     fltk:Fl_Input.obj
 0003:00006c54       ?underline_at@@3PADA       00491c54     fltk:fl_draw.obj
 0003:00006c58       ?local_buf@?1??expand_text_@@YAPBDPBDAAPADHNAAHAANHH@Z@4PADA 00491c58     fltk:fl_draw.obj
 0003:00006c5c       ?$TSS0@?1??expand_text_@@YAPBDPBDAAPADHNAAHAANHH@Z@4HA 00491c5c     fltk:fl_draw.obj
 0003:00006c64       ?pressed_menu_button_@@3PAVFl_Menu_Button@@A 00491c64     fltk:Fl_Menu_Button.obj
 0003:00006c68       ?p@@3PAUmenustate@@A       00491c68     fltk:Fl_Menu.obj
 0003:00006c6c       ?button@@3PBVFl_Menu_@@B   00491c6c     fltk:Fl_Menu.obj
 0003:00006c70       ?dummy@?1??popup@Fl_Menu_Item@@QBEPBU2@HHPBDPBU2@PBVFl_Menu_@@@Z@4U2@A 00491c70     fltk:Fl_Menu.obj
 0003:00006c94       ?local_array@@3PAUFl_Menu_Item@@A 00491c94     fltk:Fl_Menu_add.obj
 0003:00006c98       ?local_array_alloc@@3HA    00491c98     fltk:Fl_Menu_add.obj
 0003:00006c9c       ?local_array_size@@3HA     00491c9c     fltk:Fl_Menu_add.obj
 0003:00006ca0       ?offcenter@?9??handle@Fl_Slider@@IAEHHHHHH@Z@4HA 00491ca0     fltk:Fl_Slider.obj
 0003:00006ca4       ?image_new@@3VFl_Bitmap@@A 00491ca4     fltk:Fl_File_Chooser.obj
 0003:00006cd8       ?pathname@?1??value@Fl_File_Chooser@@QAEPBDH@Z@4PADA 00491cd8     fltk:Fl_File_Chooser2.obj
 0003:000074e0       ?ncolors@@3HA              004924e0     fltk:fl_draw_pixmap.obj
 0003:000074e4       ?chars_per_pixel@@3HA      004924e4     fltk:fl_draw_pixmap.obj
 0003:000074e8       ?color_count@@3HA          004924e8     fltk:fl_draw_pixmap.obj
 0003:000074ec       ?used_colors@@3PAUUsedColor@@A 004924ec     fltk:fl_draw_pixmap.obj
 0003:000074f0       ?table@?1??XUtf8Toupper@@9@9 004924f0     fltk:case.obj
 0003:000074f8       ?symbols@@3PAUSYMBOL@@A    004924f8     fltk:fl_symbols.obj
 0003:00007edc       ?beenhere@?1??fl_init_symbols@@YAXXZ@4DA 00492edc     fltk:fl_symbols.obj
 0003:00007ee0       ?cursor@?1??set_cursor@@YAXPAVFl_Tile@@W4Fl_Cursor@@@Z@4W43@A 00492ee0     fltk:Fl_Tile.obj
 0003:00007ee4       ?sdrag@?1??handle@Fl_Tile@@UAEHH@Z@4HA 00492ee4     fltk:Fl_Tile.obj
 0003:00007ee8       ?sdx@?1??handle@Fl_Tile@@UAEHH@Z@4HA 00492ee8     fltk:Fl_Tile.obj
 0003:00007eec       ?sdy@?1??handle@Fl_Tile@@UAEHH@Z@4HA 00492eec     fltk:Fl_Tile.obj
 0003:00007ef0       ?sx@?1??handle@Fl_Tile@@UAEHH@Z@4HA 00492ef0     fltk:Fl_Tile.obj
 0003:00007ef4       ?sy@?1??handle@Fl_Tile@@UAEHH@Z@4HA 00492ef4     fltk:Fl_Tile.obj
 0003:00007ef8       ?change@?1??handle@Fl_Browser_@@UAEHH@Z@4DA 00492ef8     fltk:Fl_Browser_.obj
 0003:00007ef9       ?whichway@?1??handle@Fl_Browser_@@UAEHH@Z@4DA 00492ef9     fltk:Fl_Browser_.obj
 0003:00007efc       ?py@?1??handle@Fl_Browser_@@UAEHH@Z@4HA 00492efc     fltk:Fl_Browser_.obj
 0003:00007f00       ?inButtonBar@?1??handle@Fl_File_Input@@UAEHH@Z@4DA 00492f00     fltk:Fl_File_Input.obj
 0003:00007f20       ?SWAP_TYPE@@3DA            00492f20     fltkgl:Fl_Gl_Window.obj
 0003:00007f28       ?ortho_context@?DG@??flush@Fl_Gl_Window@@UAEXXZ@4PAUHGLRC__@@A 00492f28     fltkgl:Fl_Gl_Window.obj
 0003:00007f2c       ?ortho_window@?DG@??flush@Fl_Gl_Window@@UAEXXZ@4PAV2@A 00492f2c     fltkgl:Fl_Gl_Window.obj
 0003:00007f30       ?context_list@@3PAPAUHGLRC__@@A 00492f30     fltkgl:Fl_Gl_Choice.obj
 0003:00007f34       ?nContext@@3HA             00492f34     fltkgl:Fl_Gl_Choice.obj
 0003:00007f38       ?NContext@@3HA             00492f38     fltkgl:Fl_Gl_Choice.obj
 0003:00007f3c       ?first@@3PAVFl_Gl_Choice@@A 00492f3c     fltkgl:Fl_Gl_Choice.obj
 0003:00007f40       ?cached_context@@3PAUHGLRC__@@A 00492f40     fltkgl:Fl_Gl_Choice.obj
 0003:00007f44       ?cached_window@@3PAVFl_Window@@A 00492f44     fltkgl:Fl_Gl_Choice.obj
 0003:00007f4c       ?Gl_Device_Plugin@@3VFl_Gl_Device_Plugin@@A 00492f4c     fltkgl:Fl_Gl_Device_Plugin.obj
 0003:00007f54       ?gl_fontsize@@3PAVFl_Font_Descriptor@@A 00492f54     fltkgl:gl_draw.obj
 0003:00007f58       ?buf@?1??gl_draw@@YAXPBDH@Z@4PA_WA 00492f58     fltkgl:gl_draw.obj
 0003:00007f5c       ?l@?1??gl_draw@@YAXPBDH@Z@4HA 00492f5c     fltkgl:gl_draw.obj
 0003:00007f60       _GS_ExceptionRecord        00492f60     MSVCRT:gs_report.obj
 0003:00007fb0       _GS_ContextRecord          00492fb0     MSVCRT:gs_report.obj
 0003:00008290       ?module_local_atexit_table@@3U_onexit_table_t@@A 00493290     MSVCRT:utility.obj
 0003:0000829c       ?module_local_at_quick_exit_table@@3U_onexit_table_t@@A 0049329c     MSVCRT:utility.obj
 0003:000082a8       ?is_initialized_as_dll@@3_NA 004932a8     MSVCRT:utility.obj
 0003:000082ac       ?_Tss_mutex@@3U_RTL_CRITICAL_SECTION@@A 004932ac     MSVCRT:thread_safe_statics.obj
 0003:000082c4       ?_Tss_cv@@3U_RTL_CONDITION_VARIABLE@@A 004932c4     MSVCRT:thread_safe_statics.obj
 0003:000082c8       ?_Tss_event@@3PAXA         004932c8     MSVCRT:thread_safe_statics.obj
 0003:000082cc       ?encoded_sleep_condition_variable_cs@@3P6GHPAU_RTL_CONDITION_VARIABLE@@PAU_RTL_CRITICAL_SECTION@@K@ZA 004932cc     MSVCRT:thread_safe_statics.obj
 0003:000082d0       ?encoded_wake_all_condition_variable@@3P6GXPAU_RTL_CONDITION_VARIABLE@@@ZA 004932d0     MSVCRT:thread_safe_statics.obj
 0003:000082e4       ?_Fac_head@std@@3PAU_Fac_node@1@A 004932e4     msvcprt:locale0_implib.obj
 0003:000082e8       ?_Fac_tidy_reg@std@@3U_Fac_tidy_reg_t@1@B 004932e8     msvcprt:locale0_implib.obj
 0003:000082ec       ?mbwbuf@?1??mbcs2utf@@9@9  004932ec     fltk:fl_call_main.obj
 0004:00000000       __guard_fids__             00494000     MSVCRT:std_type_info_static.obj
 0004:00000004       __guard_fids__             00494004     MSVCRT:exe_winmain.obj
 0004:00000008       __guard_fids__             00494008     MSVCRT:exe_winmain.obj
 0004:0000000c       __guard_fids__             0049400c     MSVCRT:exe_winmain.obj
 0004:00000010       __guard_fids_?pre_c_initialization@@YAHXZ 00494010     MSVCRT:exe_winmain.obj
 0004:00000018       __guard_fids__             00494018     MSVCRT:thread_safe_statics.obj
 0004:0000001c       __guard_fids_?__scrt_initialize_thread_safe_statics@@YAHXZ 0049401c     MSVCRT:thread_safe_statics.obj
 0004:00000020       __guard_fids__             00494020     MSVCRT:throw_bad_alloc.obj
 0004:00000028       __guard_fids__             00494028     MSVCRT:throw_bad_alloc.obj
 0004:00000030       __guard_fids__             00494030     MSVCRT:throw_bad_alloc.obj
 0004:00000034       __guard_fids__             00494034     MSVCRT:throw_bad_alloc.obj
 0004:00000038       __guard_fids__             00494038     MSVCRT:throw_bad_alloc.obj
 0004:0000003c       __guard_fids__             0049403c     MSVCRT:throw_bad_alloc.obj
 0004:00000040       __guard_fids____scrt_set_unhandled_exception_filter 00494040     MSVCRT:utility_desktop.obj
 0004:00000044       __guard_fids___except_handler4 00494044     MSVCRT:_chandler4gs_.obj
 0004:00000048       __guard_fids__             00494048     MSVCRT:guard_support.obj
 0004:0000004c       __guard_fids___guard_icall_checks_enforced 0049404c     MSVCRT:guard_support.obj
 0004:00000050       __guard_fids_??__E_Fac_tidy_reg@std@@YAXXZ 00494050     msvcprt:locale0_implib.obj
 0004:00000054       __guard_fids__             00494054     msvcprt:locale0_implib.obj
 0006:00000060       $R000000                   00496060     * linker generated manifest res *
