 ray

 Timestamp is 58ef92e7 (Thu Apr 13 23:01:59 2017)

 Preferred load address is 00400000

 Start         Length     Name                   Class
 0001:00000000 000001e0H .text$di                CODE
 0001:000001e0 00078090H .text$mn                CODE
 0001:00078270 00002a60H .text$x                 CODE
 0001:0007acd0 000000d9H .text$yd                CODE
 0002:00000000 000006d4H .idata$5                DATA
 0002:000006d4 00000004H .00cfg                  DATA
 0002:000006d8 00000004H .CRT$XCA                DATA
 0002:000006dc 00000004H .CRT$XCAA               DATA
 0002:000006e0 00000004H .CRT$XCL                DATA
 0002:000006e4 0000002cH .CRT$XCU                DATA
 0002:00000710 00000004H .CRT$XCZ                DATA
 0002:00000714 00000004H .CRT$XIA                DATA
 0002:00000718 00000004H .CRT$XIAA               DATA
 0002:0000071c 00000004H .CRT$XIAC               DATA
 0002:00000720 00000004H .CRT$XIC                DATA
 0002:00000724 00000004H .CRT$XIZ                DATA
 0002:00000728 00000004H .CRT$XLA                DATA
 0002:0000072c 00000004H .CRT$XLZ                DATA
 0002:00000730 00000004H .CRT$XPA                DATA
 0002:00000734 00000004H .CRT$XPZ                DATA
 0002:00000738 00000004H .CRT$XTA                DATA
 0002:0000073c 00000004H .CRT$XTZ                DATA
 0002:00000740 00007ef4H .rdata                  DATA
 0002:00008634 00000018H .rdata$T                DATA
 0002:0000864c 00002598H .rdata$r                DATA
 0002:0000abe4 000003bcH .rdata$zzzdbg           DATA
 0002:0000afa0 00000004H .rtc$IAA                DATA
 0002:0000afa4 00000004H .rtc$IZZ                DATA
 0002:0000afa8 00000004H .rtc$TAA                DATA
 0002:0000afac 00000004H .rtc$TZZ                DATA
 0002:0000afb0 0000284cH .xdata$x                DATA
 0002:0000d7fc 00000000H .edata                  DATA
 0002:0000d7fc 000001b8H .idata$2                DATA
 0002:0000d9b4 00000014H .idata$3                DATA
 0002:0000d9c8 000006d4H .idata$4                DATA
 0002:0000e09c 00002500H .idata$6                DATA
 0003:00000000 00001ed8H .data                   DATA
 0003:00001ed8 00000eb0H .data$r                 DATA
 0003:00002d88 000055e0H .bss                    DATA
 0004:00000000 00000058H .gfids$y                DATA
 0005:00000000 00000004H .tls                    DATA
 0005:00000004 00000004H .tls$                   DATA
 0005:00000008 00000001H .tls$ZZZ                DATA
 0006:00000000 00000060H .rsrc$01                DATA
 0006:00000060 00000180H .rsrc$02                DATA

  Address         Publics by Value              Rva+Base       Lib:Object

 0000:00000000       ___guard_fids_table        00000000     <absolute>
 0000:00000000       ___dynamic_value_reloc_table 00000000     <absolute>
 0000:00000000       ___guard_iat_count         00000000     <absolute>
 0000:00000000       ___guard_longjmp_table     00000000     <absolute>
 0000:00000000       ___safe_se_handler_count   00000000     <absolute>
 0000:00000000       ___safe_se_handler_table   00000000     <absolute>
 0000:00000000       ___guard_longjmp_count     00000000     <absolute>
 0000:00000000       ___guard_fids_count        00000000     <absolute>
 0000:00000000       ___guard_iat_table         00000000     <absolute>
 0000:0000002c       __tls_array                0000002c     <absolute>
 0000:00000100       ___guard_flags             00000100     <absolute>
 0000:00000000       ___ImageBase               00400000     <linker-defined>
 0001:000001e0       ?GetOption@@YAHHPAPADPAD0@Z 004011e0 f   getopt.obj
 0001:000002c0       ?getopt@@YAHHPAPADPAD@Z    004012c0 f   getopt.obj
 0001:00000300       ??$__vcrt_va_start_verify_argument_type@QBD@@YAXXZ 00401300 f i main.obj
 0001:00000310       ??_H@YGXPAXIIP6EPAX0@Z@Z   00401310 f i main.obj
 0001:00000340       ?processArgs@@YA_NHPAPAD@Z 00401340 f   main.obj
 0001:00000430       ?usage@@YAXXZ              00401430 f   main.obj
 0001:00000450       ___local_stdio_printf_options 00401450 f i main.obj
 0001:00000460       _fprintf                   00401460 f i main.obj
 0001:00000490       _main                      00401490 f   main.obj
 0001:00000710       ??0RayTracer@@QAE@XZ       00401710 f   RayTracer.obj
 0001:00000750       ??0mat4f@@QAE@ABVvec4f@@000@Z 00401750 f i RayTracer.obj
 0001:00000820       ??0vec3f@@QAE@XZ           00401820 f i RayTracer.obj
 0001:00000830       ??0vec4f@@QAE@XZ           00401830 f i RayTracer.obj
 0001:00000840       ??1?$basic_string@DU?$char_traits@D@std@@V?$allocator@D@2@@std@@QAE@XZ 00401840 f i RayTracer.obj
 0001:00000880       ??1ParseError@@QAE@XZ      00401880 f i RayTracer.obj
 0001:000008c0       ??1RayTracer@@QAE@XZ       004018c0 f   RayTracer.obj
 0001:000008f0       ??1isect@@QAE@XZ           004018f0 f i RayTracer.obj
 0001:00000920       ?_Copy@?$basic_string@DU?$char_traits@D@std@@V?$allocator@D@2@@std@@QAEXII@Z 00401920 f i RayTracer.obj
 0001:00000ad0       ?_Deallocate@std@@YAXPAXII@Z 00401ad0 f i RayTracer.obj
 0001:00000b40       ?allocate@?$_Wrap_alloc@V?$allocator@D@std@@@std@@QAEPADI@Z 00401b40 f i RayTracer.obj
 0001:00000ba0       ?aspectRatio@RayTracer@@QAENXZ 00401ba0 f   RayTracer.obj
 0001:00000be0       ?assign@?$basic_string@DU?$char_traits@D@std@@V?$allocator@D@2@@std@@QAEAAV12@ABV12@II@Z 00401be0 f i RayTracer.obj
 0001:00000d00       ?assign@?$basic_string@DU?$char_traits@D@std@@V?$allocator@D@2@@std@@QAEAAV12@PBDI@Z 00401d00 f i RayTracer.obj
 0001:00000e00       ?clearBackground@RayTracer@@QAEXXZ 00401e00 f   RayTracer.obj
 0001:00000e30       ?erase@?$basic_string@DU?$char_traits@D@std@@V?$allocator@D@2@@std@@QAEAAV12@II@Z 00401e30 f i RayTracer.obj
 0001:00000ed0       ?getBackgroundImage@RayTracer@@QAE?AVvec3f@@NN@Z 00401ed0 f   RayTracer.obj
 0001:00000fa0       ?getBuffer@RayTracer@@QAEXAAPAEAAH1@Z 00401fa0 f   RayTracer.obj
 0001:00000fc0       ?loadBackground@RayTracer@@QAEXPAD@Z 00401fc0 f   RayTracer.obj
 0001:00001000       ?loadScene@RayTracer@@QAE_NPAD@Z 00402000 f   RayTracer.obj
 0001:00001150       ?sceneLoaded@RayTracer@@QAE_NXZ 00402150 f   RayTracer.obj
 0001:00001160       ?trace@RayTracer@@QAE?AVvec3f@@PAVScene@@NN@Z 00402160 f   RayTracer.obj
 0001:000016d0       ?traceLines@RayTracer@@QAEXHH@Z 004026d0 f   RayTracer.obj
 0001:00001ba0       ?tracePixel@RayTracer@@QAEXHH@Z 00402ba0 f   RayTracer.obj
 0001:00002070       ?traceRay@RayTracer@@QAE?AVvec3f@@PAVScene@@ABVray@@ABV2@H@Z 00403070 f   RayTracer.obj
 0001:00003010       ?traceSetup@RayTracer@@QAEXHH@Z 00404010 f   RayTracer.obj
 0001:00003070       ??0TraceGLWindow@@QAE@HHHHPBD@Z 00404070 f   TraceGLWindow.obj
 0001:000030f0       ??_GFl_Gl_Window@@UAEPAXI@Z 004040f0 f i TraceGLWindow.obj
 0001:000030f0       ??_EFl_Gl_Window@@UAEPAXI@Z 004040f0 f i TraceGLWindow.obj
 0001:00003120       ??_GTraceGLWindow@@UAEPAXI@Z 00404120 f i TraceGLWindow.obj
 0001:00003120       ??_ETraceGLWindow@@UAEPAXI@Z 00404120 f i TraceGLWindow.obj
 0001:00003150       ?as_gl_window@Fl_Gl_Window@@UAEPAV1@XZ 00404150 f i TraceGLWindow.obj
 0001:00003160       ?as_group@Fl_Group@@UAEPAV1@XZ 00404160 f i TraceGLWindow.obj
 0001:00003170       ?as_window@Fl_Window@@UAEPAV1@XZ 00404170 f i TraceGLWindow.obj
 0001:00003180       ?draw@TraceGLWindow@@UAEXXZ 00404180 f   TraceGLWindow.obj
 0001:00003260       ?handle@TraceGLWindow@@UAEHH@Z 00404260 f   TraceGLWindow.obj
 0001:00003270       ?refresh@TraceGLWindow@@QAEXXZ 00404270 f   TraceGLWindow.obj
 0001:00003280       ?resizeWindow@TraceGLWindow@@QAEXHH@Z 00404280 f   TraceGLWindow.obj
 0001:000032b0       ?saveImage@TraceGLWindow@@QAEXPAD@Z 004042b0 f   TraceGLWindow.obj
 0001:00003300       ?setRayTracer@TraceGLWindow@@QAEXPAVRayTracer@@@Z 00404300 f   TraceGLWindow.obj
 0001:00003310       ?cb_load_scene@TraceUI@@CAXPAVFl_Menu_@@PAX@Z 00404310 f   TraceUI.obj
 0001:000033b0       ?cb_save_image@TraceUI@@CAXPAVFl_Menu_@@PAX@Z 004043b0 f   TraceUI.obj
 0001:000033f0       ?cb_exit@TraceUI@@CAXPAVFl_Menu_@@PAX@Z 004043f0 f   TraceUI.obj
 0001:00003420       ?cb_about@TraceUI@@CAXPAVFl_Menu_@@PAX@Z 00404420 f   TraceUI.obj
 0001:00003430       ?cb_load_background@TraceUI@@CAXPAVFl_Menu_@@PAX@Z 00404430 f   TraceUI.obj
 0001:00003470       ?cb_clear_background@TraceUI@@CAXPAVFl_Menu_@@PAX@Z 00404470 f   TraceUI.obj
 0001:00003490       ??0TraceUI@@QAE@XZ         00404490 f   TraceUI.obj
 0001:00003c40       ?cb_ATSlides@TraceUI@@CAXPAVFl_Widget@@PAX@Z 00404c40 f   TraceUI.obj
 0001:00003c60       ?cb_DOF@TraceUI@@CAXPAVFl_Widget@@PAX@Z 00404c60 f   TraceUI.obj
 0001:00003c80       ?cb_DOFSlides@TraceUI@@CAXPAVFl_Widget@@PAX@Z 00404c80 f   TraceUI.obj
 0001:00003ca0       ?cb_ambientSlides@TraceUI@@CAXPAVFl_Widget@@PAX@Z 00404ca0 f   TraceUI.obj
 0001:00003cc0       ?cb_antialiasing@TraceUI@@CAXPAVFl_Widget@@PAX@Z 00404cc0 f   TraceUI.obj
 0001:00003ce0       ?cb_antialiasingRangeSlides@TraceUI@@CAXPAVFl_Widget@@PAX@Z 00404ce0 f   TraceUI.obj
 0001:00003d00       ?cb_depthSlides@TraceUI@@CAXPAVFl_Widget@@PAX@Z 00404d00 f   TraceUI.obj
 0001:00003d20       ?cb_exit2@TraceUI@@CAXPAVFl_Widget@@PAX@Z 00404d20 f   TraceUI.obj
 0001:00003d50       ?cb_glossyReflection@TraceUI@@CAXPAVFl_Widget@@PAX@Z 00404d50 f   TraceUI.obj
 0001:00003d70       ?cb_jittering@TraceUI@@CAXPAVFl_Widget@@PAX@Z 00404d70 f   TraceUI.obj
 0001:00003d90       ?cb_render@TraceUI@@CAXPAVFl_Widget@@PAX@Z 00404d90 f   TraceUI.obj
 0001:00003fa0       ?cb_sizeSlides@TraceUI@@CAXPAVFl_Widget@@PAX@Z 00404fa0 f   TraceUI.obj
 0001:00003ff0       ?cb_stop@TraceUI@@CAXPAVFl_Widget@@PAX@Z 00404ff0 f   TraceUI.obj
 0001:00004000       ?getAT@TraceUI@@QAENXZ     00405000 f   TraceUI.obj
 0001:00004010       ?getAmbient@TraceUI@@QAENXZ 00405010 f   TraceUI.obj
 0001:00004020       ?getAntialiasing@TraceUI@@QAEHXZ 00405020 f   TraceUI.obj
 0001:00004030       ?getAntialiasingRange@TraceUI@@QAEHXZ 00405030 f   TraceUI.obj
 0001:00004040       ?getDOF@TraceUI@@QAEHXZ    00405040 f   TraceUI.obj
 0001:00004050       ?getDepth@TraceUI@@QAEHXZ  00405050 f   TraceUI.obj
 0001:00004060       ?getFocalLength@TraceUI@@QAEHXZ 00405060 f   TraceUI.obj
 0001:00004070       ?getGlossyReflection@TraceUI@@QAEHXZ 00405070 f   TraceUI.obj
 0001:00004080       ?getJittering@TraceUI@@QAEHXZ 00405080 f   TraceUI.obj
 0001:00004090       ?getSize@TraceUI@@QAEHXZ   00405090 f   TraceUI.obj
 0001:000040a0       ?setRayTracer@TraceUI@@QAEXPAVRayTracer@@@Z 004050a0 f   TraceUI.obj
 0001:000040c0       ?show@TraceUI@@QAEXXZ      004050c0 f   TraceUI.obj
 0001:000040d0       ?whoami@TraceUI@@CAPAV1@PAVFl_Menu_@@@Z 004050d0 f   TraceUI.obj
 0001:000040e0       _sprintf                   004050e0 f i TraceUI.obj
 0001:00004120       ?readBMP@@YAPAEPADAAH1@Z   00405120 f   bitmap.obj
 0001:00004290       ?writeBMP@@YAXPADHHPAE@Z   00405290 f   bitmap.obj
 0001:00004420       ??$?0U?$_Wrap_alloc@V?$allocator@U?$_Tree_node@U?$pair@$$CBV?$basic_string@DU?$char_traits@D@std@@V?$allocator@D@2@@std@@PAVObj@@@std@@PAX@std@@@std@@@std@@@?$_Tree@V?$_Tmap_traits@V?$basic_string@DU?$char_traits@D@std@@V?$allocator@D@2@@std@@PAVObj@@U?$less@V?$basic_string@DU?$char_traits@D@std@@V?$allocator@D@2@@std@@@2@V?$allocator@U?$pair@$$CBV?$basic_string@DU?$char_traits@D@std@@V?$allocator@D@2@@std@@PAVObj@@@std@@@2@$0A@@std@@@std@@QAE@ABV01@$$QAU?$_Wrap_alloc@V?$allocator@U?$_Tree_node@U?$pair@$$CBV?$basic_string@DU?$char_traits@D@std@@V?$allocator@D@2@@std@@PAVObj@@@std@@PAX@std@@@std@@@1@@Z 00405420 f i parse.obj
 0001:000044b0       ??$?6DU?$char_traits@D@std@@V?$allocator@D@1@@std@@YAAAV?$basic_ostream@DU?$char_traits@D@std@@@0@AAV10@ABV?$basic_string@DU?$char_traits@D@std@@V?$allocator@D@2@@0@@Z 004054b0 f i parse.obj
 0001:000046b0       ??$?6U?$char_traits@D@std@@@std@@YAAAV?$basic_ostream@DU?$char_traits@D@std@@@0@AAV10@D@Z 004056b0 f i parse.obj
 0001:000048c0       ??$?6U?$char_traits@D@std@@@std@@YAAAV?$basic_ostream@DU?$char_traits@D@std@@@0@AAV10@PBD@Z 004058c0 f i parse.obj
 0001:00004b00       ??$?8DU?$char_traits@D@std@@V?$allocator@D@1@@std@@YA_NABV?$basic_string@DU?$char_traits@D@std@@V?$allocator@D@2@@0@PBD@Z 00405b00 f i parse.obj
 0001:00004b70       ??$?HDU?$char_traits@D@std@@V?$allocator@D@1@@std@@YA?AV?$basic_string@DU?$char_traits@D@std@@V?$allocator@D@2@@0@$$QAV10@0@Z 00405b70 f i parse.obj
 0001:00004be0       ??$?HDU?$char_traits@D@std@@V?$allocator@D@1@@std@@YA?AV?$basic_string@DU?$char_traits@D@std@@V?$allocator@D@2@@0@$$QAV10@ABV10@@Z 00405be0 f i parse.obj
 0001:00004c20       ??$_Buynode@AAU?$pair@$$CBV?$basic_string@DU?$char_traits@D@std@@V?$allocator@D@2@@std@@PAVObj@@@std@@@?$_Tree_comp_alloc@V?$_Tmap_traits@V?$basic_string@DU?$char_traits@D@std@@V?$allocator@D@2@@std@@PAVObj@@U?$less@V?$basic_string@DU?$char_traits@D@std@@V?$allocator@D@2@@std@@@2@V?$allocator@U?$pair@$$CBV?$basic_string@DU?$char_traits@D@std@@V?$allocator@D@2@@std@@PAVObj@@@std@@@2@$0A@@std@@@std@@QAEPAU?$_Tree_node@U?$pair@$$CBV?$basic_string@DU?$char_traits@D@std@@V?$allocator@D@2@@std@@PAVObj@@@std@@PAX@1@AAU?$pair@$$CBV?$basic_string@DU?$char_traits@D@std@@V?$allocator@D@2@@std@@PAVObj@@@1@@Z 00405c20 f i parse.obj
 0001:00004ce0       ??$_Buynode@ABUpiecewise_construct_t@std@@V?$tuple@ABV?$basic_string@DU?$char_traits@D@std@@V?$allocator@D@2@@std@@@2@V?$tuple@$$V@2@@?$_Tree_comp_alloc@V?$_Tmap_traits@V?$basic_string@DU?$char_traits@D@std@@V?$allocator@D@2@@std@@PAVObj@@U?$less@V?$basic_string@DU?$char_traits@D@std@@V?$allocator@D@2@@std@@@2@V?$allocator@U?$pair@$$CBV?$basic_string@DU?$char_traits@D@std@@V?$allocator@D@2@@std@@PAVObj@@@std@@@2@$0A@@std@@@std@@QAEPAU?$_Tree_node@U?$pair@$$CBV?$basic_string@DU?$char_traits@D@std@@V?$allocator@D@2@@std@@PAVObj@@@std@@PAX@1@ABUpiecewise_construct_t@1@$$QAV?$tuple@ABV?$basic_string@DU?$char_traits@D@std@@V?$allocator@D@2@@std@@@1@$$QAV?$tuple@$$V@1@@Z 00405ce0 f i parse.obj
 0001:00004da0       ??$_Copy@U_Copy_tag@?$_Tree@V?$_Tmap_traits@V?$basic_string@DU?$char_traits@D@std@@V?$allocator@D@2@@std@@PAVObj@@U?$less@V?$basic_string@DU?$char_traits@D@std@@V?$allocator@D@2@@std@@@2@V?$allocator@U?$pair@$$CBV?$basic_string@DU?$char_traits@D@std@@V?$allocator@D@2@@std@@PAVObj@@@std@@@2@$0A@@std@@@std@@@?$_Tree@V?$_Tmap_traits@V?$basic_string@DU?$char_traits@D@std@@V?$allocator@D@2@@std@@PAVObj@@U?$less@V?$basic_string@DU?$char_traits@D@std@@V?$allocator@D@2@@std@@@2@V?$allocator@U?$pair@$$CBV?$basic_string@DU?$char_traits@D@std@@V?$allocator@D@2@@std@@PAVObj@@@std@@@2@$0A@@std@@@std@@IAEXABV01@U_Copy_tag@01@@Z 00405da0 f i parse.obj
 0001:00004e20       ??$_Copy_nodes@U_Copy_tag@?$_Tree@V?$_Tmap_traits@V?$basic_string@DU?$char_traits@D@std@@V?$allocator@D@2@@std@@PAVObj@@U?$less@V?$basic_string@DU?$char_traits@D@std@@V?$allocator@D@2@@std@@@2@V?$allocator@U?$pair@$$CBV?$basic_string@DU?$char_traits@D@std@@V?$allocator@D@2@@std@@PAVObj@@@std@@@2@$0A@@std@@@std@@@?$_Tree@V?$_Tmap_traits@V?$basic_string@DU?$char_traits@D@std@@V?$allocator@D@2@@std@@PAVObj@@U?$less@V?$basic_string@DU?$char_traits@D@std@@V?$allocator@D@2@@std@@@2@V?$allocator@U?$pair@$$CBV?$basic_string@DU?$char_traits@D@std@@V?$allocator@D@2@@std@@PAVObj@@@std@@@2@$0A@@std@@@std@@IAEPAU?$_Tree_node@U?$pair@$$CBV?$basic_string@DU?$char_traits@D@std@@V?$allocator@D@2@@std@@PAVObj@@@std@@PAX@1@PAU21@0U_Copy_tag@01@@Z 00405e20 f i parse.obj
 0001:00004ee0       ??$_Insert_at@AAU?$pair@$$CBV?$basic_string@DU?$char_traits@D@std@@V?$allocator@D@2@@std@@PAVObj@@@std@@PAU?$_Tree_node@U?$pair@$$CBV?$basic_string@DU?$char_traits@D@std@@V?$allocator@D@2@@std@@PAVObj@@@std@@PAX@2@@?$_Tree@V?$_Tmap_traits@V?$basic_string@DU?$char_traits@D@std@@V?$allocator@D@2@@std@@PAVObj@@U?$less@V?$basic_string@DU?$char_traits@D@std@@V?$allocator@D@2@@std@@@2@V?$allocator@U?$pair@$$CBV?$basic_string@DU?$char_traits@D@std@@V?$allocator@D@2@@std@@PAVObj@@@std@@@2@$0A@@std@@@std@@IAE?AV?$_Tree_iterator@V?$_Tree_val@U?$_Tree_simple_types@U?$pair@$$CBV?$basic_string@DU?$char_traits@D@std@@V?$allocator@D@2@@std@@PAVObj@@@std@@@std@@@std@@@1@_NPAU?$_Tree_node@U?$pair@$$CBV?$basic_string@DU?$char_traits@D@std@@V?$allocator@D@2@@std@@PAVObj@@@std@@PAX@1@AAU?$pair@$$CBV?$basic_string@DU?$char_traits@D@std@@V?$allocator@D@2@@std@@PAVObj@@@1@1@Z 00405ee0 f i parse.obj
 0001:000050b0       ??$_Insert_hint@AAU?$pair@$$CBV?$basic_string@DU?$char_traits@D@std@@V?$allocator@D@2@@std@@PAVObj@@@std@@PAU?$_Tree_node@U?$pair@$$CBV?$basic_string@DU?$char_traits@D@std@@V?$allocator@D@2@@std@@PAVObj@@@std@@PAX@2@@?$_Tree@V?$_Tmap_traits@V?$basic_string@DU?$char_traits@D@std@@V?$allocator@D@2@@std@@PAVObj@@U?$less@V?$basic_string@DU?$char_traits@D@std@@V?$allocator@D@2@@std@@@2@V?$allocator@U?$pair@$$CBV?$basic_string@DU?$char_traits@D@std@@V?$allocator@D@2@@std@@PAVObj@@@std@@@2@$0A@@std@@@std@@IAE?AV?$_Tree_iterator@V?$_Tree_val@U?$_Tree_simple_types@U?$pair@$$CBV?$basic_string@DU?$char_traits@D@std@@V?$allocator@D@2@@std@@PAVObj@@@std@@@std@@@std@@@1@V?$_Tree_const_iterator@V?$_Tree_val@U?$_Tree_simple_types@U?$pair@$$CBV?$basic_string@DU?$char_traits@D@std@@V?$allocator@D@2@@std@@PAVObj@@@std@@@std@@@std@@@1@AAU?$pair@$$CBV?$basic_string@DU?$char_traits@D@std@@V?$allocator@D@2@@std@@PAVObj@@@1@PAU?$_Tree_node@U?$pair@$$CBV?$basic_string@DU?$char_traits@D@std@@V?$allocator@D@2@@std@@PAVObj@@@std@@PAX@1@@Z 004060b0 f i parse.obj
 0001:00005310       ??$_Insert_nohint@AAU?$pair@$$CBV?$basic_string@DU?$char_traits@D@std@@V?$allocator@D@2@@std@@PAVObj@@@std@@PAU?$_Tree_node@U?$pair@$$CBV?$basic_string@DU?$char_traits@D@std@@V?$allocator@D@2@@std@@PAVObj@@@std@@PAX@2@@?$_Tree@V?$_Tmap_traits@V?$basic_string@DU?$char_traits@D@std@@V?$allocator@D@2@@std@@PAVObj@@U?$less@V?$basic_string@DU?$char_traits@D@std@@V?$allocator@D@2@@std@@@2@V?$allocator@U?$pair@$$CBV?$basic_string@DU?$char_traits@D@std@@V?$allocator@D@2@@std@@PAVObj@@@std@@@2@$0A@@std@@@std@@IAE?AU?$pair@V?$_Tree_iterator@V?$_Tree_val@U?$_Tree_simple_types@U?$pair@$$CBV?$basic_string@DU?$char_traits@D@std@@V?$allocator@D@2@@std@@PAVObj@@@std@@@std@@@std@@@std@@_N@1@_NAAU?$pair@$$CBV?$basic_string@DU?$char_traits@D@std@@V?$allocator@D@2@@std@@PAVObj@@@1@PAU?$_Tree_node@U?$pair@$$CBV?$basic_string@DU?$char_traits@D@std@@V?$allocator@D@2@@std@@PAVObj@@@std@@PAX@1@@Z 00406310 f i parse.obj
 0001:00005580       ??$_Lbound@V?$basic_string@DU?$char_traits@D@std@@V?$allocator@D@2@@std@@@?$_Tree@V?$_Tmap_traits@V?$basic_string@DU?$char_traits@D@std@@V?$allocator@D@2@@std@@PAVObj@@U?$less@V?$basic_string@DU?$char_traits@D@std@@V?$allocator@D@2@@std@@@2@V?$allocator@U?$pair@$$CBV?$basic_string@DU?$char_traits@D@std@@V?$allocator@D@2@@std@@PAVObj@@@std@@@2@$0A@@std@@@std@@IBEPAU?$_Tree_node@U?$pair@$$CBV?$basic_string@DU?$char_traits@D@std@@V?$allocator@D@2@@std@@PAVObj@@@std@@PAX@1@ABV?$basic_string@DU?$char_traits@D@std@@V?$allocator@D@2@@1@@Z 00406580 f i parse.obj
 0001:00005660       ??$_Try_emplace@ABV?$basic_string@DU?$char_traits@D@std@@V?$allocator@D@2@@std@@$$V@?$map@V?$basic_string@DU?$char_traits@D@std@@V?$allocator@D@2@@std@@PAVObj@@U?$less@V?$basic_string@DU?$char_traits@D@std@@V?$allocator@D@2@@std@@@2@V?$allocator@U?$pair@$$CBV?$basic_string@DU?$char_traits@D@std@@V?$allocator@D@2@@std@@PAVObj@@@std@@@2@@std@@QAE?AU?$pair@V?$_Tree_iterator@V?$_Tree_val@U?$_Tree_simple_types@U?$pair@$$CBV?$basic_string@DU?$char_traits@D@std@@V?$allocator@D@2@@std@@PAVObj@@@std@@@std@@@std@@@std@@_N@1@ABV?$basic_string@DU?$char_traits@D@std@@V?$allocator@D@2@@1@@Z 00406660 f i parse.obj
 0001:00005710       ??0?$basic_string@DU?$char_traits@D@std@@V?$allocator@D@2@@std@@QAE@PBD@Z 00406710 f i parse.obj
 0001:00005770       ??0?$vector@PAVObj@@V?$allocator@PAVObj@@@std@@@std@@QAE@ABV01@@Z 00406770 f i parse.obj
 0001:00005800       ??0Exception@@QAE@ABV0@@Z  00406800 f i parse.obj
 0001:00005830       ??0IdObj@@QAE@ABV?$basic_string@DU?$char_traits@D@std@@V?$allocator@D@2@@std@@@Z 00406830 f i parse.obj
 0001:000058a0       ??0NamedObj@@QAE@ABV?$basic_string@DU?$char_traits@D@std@@V?$allocator@D@2@@std@@PAVObj@@@Z 004068a0 f i parse.obj
 0001:00005910       ??0ObjTypeMismatch@@QAE@ABV0@@Z 00406910 f i parse.obj
 0001:00005940       ??0ObjTypeMismatch@@QAE@V?$basic_string@DU?$char_traits@D@std@@V?$allocator@D@2@@std@@0@Z 00406940 f i parse.obj
 0001:00005bf0       ??0ParseError@@QAE@ABV0@@Z 00406bf0 f i parse.obj
 0001:00005c20       ??1?$_Tree_comp_alloc@V?$_Tmap_traits@V?$basic_string@DU?$char_traits@D@std@@V?$allocator@D@2@@std@@PAVObj@@U?$less@V?$basic_string@DU?$char_traits@D@std@@V?$allocator@D@2@@std@@@2@V?$allocator@U?$pair@$$CBV?$basic_string@DU?$char_traits@D@std@@V?$allocator@D@2@@std@@PAVObj@@@std@@@2@$0A@@std@@@std@@QAE@XZ 00406c20 f i parse.obj
 0001:00005c30       ??1?$map@V?$basic_string@DU?$char_traits@D@std@@V?$allocator@D@2@@std@@PAVObj@@U?$less@V?$basic_string@DU?$char_traits@D@std@@V?$allocator@D@2@@std@@@2@V?$allocator@U?$pair@$$CBV?$basic_string@DU?$char_traits@D@std@@V?$allocator@D@2@@std@@PAVObj@@@std@@@2@@std@@QAE@XZ 00406c30 f i parse.obj
 0001:00005c90       ??1?$vector@PAVObj@@V?$allocator@PAVObj@@@std@@@std@@QAE@XZ 00406c90 f i parse.obj
 0001:00005cd0       ??1BooleanObj@@UAE@XZ      00406cd0 f i parse.obj
 0001:00005ce0       ??1DictObj@@UAE@XZ         00406ce0 f i parse.obj
 0001:00005db0       ??1IdObj@@UAE@XZ           00406db0 f i parse.obj
 0001:00005e00       ??1NamedObj@@UAE@XZ        00406e00 f i parse.obj
 0001:00005e60       ??1Obj@@UAE@XZ             00406e60 f i parse.obj
 0001:00005e70       ??1ObjTypeMismatch@@QAE@XZ 00406e70 f i parse.obj
 0001:00005eb0       ??1ScalarObj@@UAE@XZ       00406eb0 f i parse.obj
 0001:00005ec0       ??1StringObj@@UAE@XZ       00406ec0 f i parse.obj
 0001:00005f10       ??1TupleObj@@UAE@XZ        00406f10 f i parse.obj
 0001:00005fc0       ??1_Sentry_base@?$basic_ostream@DU?$char_traits@D@std@@@std@@QAE@XZ 00406fc0 f i parse.obj
 0001:00006010       ??1sentry@?$basic_ostream@DU?$char_traits@D@std@@@std@@QAE@XZ 00407010 f i parse.obj
 0001:00006080       ??3@YAXPAX0@Z              00407080 f i parse.obj
 0001:00006090       ??E?$_Tree_unchecked_const_iterator@V?$_Tree_val@U?$_Tree_simple_types@U?$pair@$$CBV?$basic_string@DU?$char_traits@D@std@@V?$allocator@D@2@@std@@PAVObj@@@std@@@std@@@std@@U_Iterator_base0@2@@std@@QAEAAV01@XZ 00407090 f i parse.obj
 0001:000060e0       ??F?$_Tree_unchecked_const_iterator@V?$_Tree_val@U?$_Tree_simple_types@U?$pair@$$CBV?$basic_string@DU?$char_traits@D@std@@V?$allocator@D@2@@std@@PAVObj@@@std@@@std@@@std@@U_Iterator_base0@2@@std@@QAEAAV01@XZ 004070e0 f i parse.obj
 0001:00006140       ??R?$less@V?$basic_string@DU?$char_traits@D@std@@V?$allocator@D@2@@std@@@std@@QBE_NABV?$basic_string@DU?$char_traits@D@std@@V?$allocator@D@2@@1@0@Z 00407140 f i parse.obj
 0001:000061a0       ??_EBooleanObj@@UAEPAXI@Z  004071a0 f i parse.obj
 0001:000061a0       ??_GBooleanObj@@UAEPAXI@Z  004071a0 f i parse.obj
 0001:000061d0       ??_GDictObj@@UAEPAXI@Z     004071d0 f i parse.obj
 0001:000061d0       ??_EDictObj@@UAEPAXI@Z     004071d0 f i parse.obj
 0001:00006200       ??_GIdObj@@UAEPAXI@Z       00407200 f i parse.obj
 0001:00006200       ??_EIdObj@@UAEPAXI@Z       00407200 f i parse.obj
 0001:00006260       ??_GNamedObj@@UAEPAXI@Z    00407260 f i parse.obj
 0001:00006260       ??_ENamedObj@@UAEPAXI@Z    00407260 f i parse.obj
 0001:00006290       ??_GObj@@UAEPAXI@Z         00407290 f i parse.obj
 0001:00006290       ??_EObj@@UAEPAXI@Z         00407290 f i parse.obj
 0001:000062c0       ??_EScalarObj@@UAEPAXI@Z   004072c0 f i parse.obj
 0001:000062c0       ??_GScalarObj@@UAEPAXI@Z   004072c0 f i parse.obj
 0001:000062f0       ??_GStringObj@@UAEPAXI@Z   004072f0 f i parse.obj
 0001:000062f0       ??_EStringObj@@UAEPAXI@Z   004072f0 f i parse.obj
 0001:00006350       ??_GTupleObj@@UAEPAXI@Z    00407350 f i parse.obj
 0001:00006350       ??_ETupleObj@@UAEPAXI@Z    00407350 f i parse.obj
 0001:00006380       ?_Assign_rv@?$basic_string@DU?$char_traits@D@std@@V?$allocator@D@2@@std@@QAEX$$QAV12@@Z 00407380 f i parse.obj
 0001:000063f0       ?_Buyheadnode@?$_Tree_comp_alloc@V?$_Tmap_traits@V?$basic_string@DU?$char_traits@D@std@@V?$allocator@D@2@@std@@PAVObj@@U?$less@V?$basic_string@DU?$char_traits@D@std@@V?$allocator@D@2@@std@@@2@V?$allocator@U?$pair@$$CBV?$basic_string@DU?$char_traits@D@std@@V?$allocator@D@2@@std@@PAVObj@@@std@@@2@$0A@@std@@@std@@QAEPAU?$_Tree_node@U?$pair@$$CBV?$basic_string@DU?$char_traits@D@std@@V?$allocator@D@2@@std@@PAVObj@@@std@@PAX@2@XZ 004073f0 f i parse.obj
 0001:00006420       ?_Buynode0@?$_Tree_comp_alloc@V?$_Tmap_traits@V?$basic_string@DU?$char_traits@D@std@@V?$allocator@D@2@@std@@PAVObj@@U?$less@V?$basic_string@DU?$char_traits@D@std@@V?$allocator@D@2@@std@@@2@V?$allocator@U?$pair@$$CBV?$basic_string@DU?$char_traits@D@std@@V?$allocator@D@2@@std@@PAVObj@@@std@@@2@$0A@@std@@@std@@QAEPAU?$_Tree_node@U?$pair@$$CBV?$basic_string@DU?$char_traits@D@std@@V?$allocator@D@2@@std@@PAVObj@@@std@@PAX@2@XZ 00407420 f i parse.obj
 0001:00006460       ?_Chassign@?$basic_string@DU?$char_traits@D@std@@V?$allocator@D@2@@std@@QAEXIID@Z 00407460 f i parse.obj
 0001:000064b0       ?_Destroy_if_not_nil@?$_Tree@V?$_Tmap_traits@V?$basic_string@DU?$char_traits@D@std@@V?$allocator@D@2@@std@@PAVObj@@U?$less@V?$basic_string@DU?$char_traits@D@std@@V?$allocator@D@2@@std@@@2@V?$allocator@U?$pair@$$CBV?$basic_string@DU?$char_traits@D@std@@V?$allocator@D@2@@std@@PAVObj@@@std@@@2@$0A@@std@@@std@@IAEXPAU?$_Tree_node@U?$pair@$$CBV?$basic_string@DU?$char_traits@D@std@@V?$allocator@D@2@@std@@PAVObj@@@std@@PAX@2@@Z 004074b0 f i parse.obj
 0001:00006500       ?_Erase@?$_Tree@V?$_Tmap_traits@V?$basic_string@DU?$char_traits@D@std@@V?$allocator@D@2@@std@@PAVObj@@U?$less@V?$basic_string@DU?$char_traits@D@std@@V?$allocator@D@2@@std@@@2@V?$allocator@U?$pair@$$CBV?$basic_string@DU?$char_traits@D@std@@V?$allocator@D@2@@std@@PAVObj@@@std@@@2@$0A@@std@@@std@@IAEXPAU?$_Tree_node@U?$pair@$$CBV?$basic_string@DU?$char_traits@D@std@@V?$allocator@D@2@@std@@PAVObj@@@std@@PAX@2@@Z 00407500 f i parse.obj
 0001:000065b0       ?_Lrotate@?$_Tree@V?$_Tmap_traits@V?$basic_string@DU?$char_traits@D@std@@V?$allocator@D@2@@std@@PAVObj@@U?$less@V?$basic_string@DU?$char_traits@D@std@@V?$allocator@D@2@@std@@@2@V?$allocator@U?$pair@$$CBV?$basic_string@DU?$char_traits@D@std@@V?$allocator@D@2@@std@@PAVObj@@@std@@@2@$0A@@std@@@std@@IAEXPAU?$_Tree_node@U?$pair@$$CBV?$basic_string@DU?$char_traits@D@std@@V?$allocator@D@2@@std@@PAVObj@@@std@@PAX@2@@Z 004075b0 f i parse.obj
 0001:00006610       ?_Reallocate@?$vector@PAVObj@@V?$allocator@PAVObj@@@std@@@std@@IAEXI@Z 00407610 f i parse.obj
 0001:00006670       ?_Reserve@?$vector@PAVObj@@V?$allocator@PAVObj@@@std@@@std@@IAEXI@Z 00407670 f i parse.obj
 0001:000066e0       ?_Rrotate@?$_Tree@V?$_Tmap_traits@V?$basic_string@DU?$char_traits@D@std@@V?$allocator@D@2@@std@@PAVObj@@U?$less@V?$basic_string@DU?$char_traits@D@std@@V?$allocator@D@2@@std@@@2@V?$allocator@U?$pair@$$CBV?$basic_string@DU?$char_traits@D@std@@V?$allocator@D@2@@std@@PAVObj@@@std@@@2@$0A@@std@@@std@@IAEXPAU?$_Tree_node@U?$pair@$$CBV?$basic_string@DU?$char_traits@D@std@@V?$allocator@D@2@@std@@PAVObj@@@std@@PAX@2@@Z 004076e0 f i parse.obj
 0001:00006740       ?allocate@?$allocator@PAVObj@@@std@@QAEPAPAVObj@@I@Z 00407740 f i parse.obj
 0001:000067b0       ?append@?$basic_string@DU?$char_traits@D@std@@V?$allocator@D@2@@std@@QAEAAV12@ABV12@II@Z 004077b0 f i parse.obj
 0001:000068a0       ?append@?$basic_string@DU?$char_traits@D@std@@V?$allocator@D@2@@std@@QAEAAV12@ID@Z 004078a0 f i parse.obj
 0001:00006950       ?compare@?$char_traits@D@std@@SAHPBD0I@Z 00407950 f i parse.obj
 0001:00006c00       ?erase@?$_Tree@V?$_Tmap_traits@V?$basic_string@DU?$char_traits@D@std@@V?$allocator@D@2@@std@@PAVObj@@U?$less@V?$basic_string@DU?$char_traits@D@std@@V?$allocator@D@2@@std@@@2@V?$allocator@U?$pair@$$CBV?$basic_string@DU?$char_traits@D@std@@V?$allocator@D@2@@std@@PAVObj@@@std@@@2@$0A@@std@@@std@@QAE?AV?$_Tree_iterator@V?$_Tree_val@U?$_Tree_simple_types@U?$pair@$$CBV?$basic_string@DU?$char_traits@D@std@@V?$allocator@D@2@@std@@PAVObj@@@std@@@std@@@std@@@2@V?$_Tree_const_iterator@V?$_Tree_val@U?$_Tree_simple_types@U?$pair@$$CBV?$basic_string@DU?$char_traits@D@std@@V?$allocator@D@2@@std@@PAVObj@@@std@@@std@@@std@@@2@0@Z 00407c00 f i parse.obj
 0001:00006cf0       ?erase@?$_Tree@V?$_Tmap_traits@V?$basic_string@DU?$char_traits@D@std@@V?$allocator@D@2@@std@@PAVObj@@U?$less@V?$basic_string@DU?$char_traits@D@std@@V?$allocator@D@2@@std@@@2@V?$allocator@U?$pair@$$CBV?$basic_string@DU?$char_traits@D@std@@V?$allocator@D@2@@std@@PAVObj@@@std@@@2@$0A@@std@@@std@@QAE?AV?$_Tree_iterator@V?$_Tree_val@U?$_Tree_simple_types@U?$pair@$$CBV?$basic_string@DU?$char_traits@D@std@@V?$allocator@D@2@@std@@PAVObj@@@std@@@std@@@std@@@2@V?$_Tree_const_iterator@V?$_Tree_val@U?$_Tree_simple_types@U?$pair@$$CBV?$basic_string@DU?$char_traits@D@std@@V?$allocator@D@2@@std@@PAVObj@@@std@@@std@@@std@@@2@@Z 00407cf0 f i parse.obj
 0001:00006fe0       ?getBoolean@BooleanObj@@UBE_NXZ 00407fe0 f i parse.obj
 0001:00006ff0       ?getBoolean@Obj@@UBE_NXZ   00407ff0 f i parse.obj
 0001:00007080       ?getChild@NamedObj@@UBEPAVObj@@XZ 00408080 f i parse.obj
 0001:00007090       ?getChild@Obj@@UBEPAV1@XZ  00408090 f i parse.obj
 0001:00007120       ?getDict@DictObj@@UBEABV?$map@V?$basic_string@DU?$char_traits@D@std@@V?$allocator@D@2@@std@@PAVObj@@U?$less@V?$basic_string@DU?$char_traits@D@std@@V?$allocator@D@2@@std@@@2@V?$allocator@U?$pair@$$CBV?$basic_string@DU?$char_traits@D@std@@V?$allocator@D@2@@std@@PAVObj@@@std@@@2@@std@@XZ 00408120 f i parse.obj
 0001:00007130       ?getDict@Obj@@UBEABV?$map@V?$basic_string@DU?$char_traits@D@std@@V?$allocator@D@2@@std@@PAVObj@@U?$less@V?$basic_string@DU?$char_traits@D@std@@V?$allocator@D@2@@std@@@2@V?$allocator@U?$pair@$$CBV?$basic_string@DU?$char_traits@D@std@@V?$allocator@D@2@@std@@PAVObj@@@std@@@2@@std@@XZ 00408130 f i parse.obj
 0001:000071c0       ?getID@IdObj@@UBE?AV?$basic_string@DU?$char_traits@D@std@@V?$allocator@D@2@@std@@XZ 004081c0 f i parse.obj
 0001:00007200       ?getID@Obj@@UBE?AV?$basic_string@DU?$char_traits@D@std@@V?$allocator@D@2@@std@@XZ 00408200 f i parse.obj
 0001:00007290       ?getName@NamedObj@@UBE?AV?$basic_string@DU?$char_traits@D@std@@V?$allocator@D@2@@std@@XZ 00408290 f i parse.obj
 0001:000072d0       ?getName@Obj@@UBE?AV?$basic_string@DU?$char_traits@D@std@@V?$allocator@D@2@@std@@XZ 004082d0 f i parse.obj
 0001:00007360       ?getScalar@Obj@@UBENXZ     00408360 f i parse.obj
 0001:000073f0       ?getScalar@ScalarObj@@UBENXZ 004083f0 f i parse.obj
 0001:00007400       ?getString@Obj@@UBE?AV?$basic_string@DU?$char_traits@D@std@@V?$allocator@D@2@@std@@XZ 00408400 f i parse.obj
 0001:00007490       ?getString@StringObj@@UBE?AV?$basic_string@DU?$char_traits@D@std@@V?$allocator@D@2@@std@@XZ 00408490 f i parse.obj
 0001:000074d0       ?getTuple@Obj@@UBEABV?$vector@PAVObj@@V?$allocator@PAVObj@@@std@@@std@@XZ 004084d0 f i parse.obj
 0001:00007560       ?getTuple@TupleObj@@UBEABV?$vector@PAVObj@@V?$allocator@PAVObj@@@std@@@std@@XZ 00408560 f i parse.obj
 0001:00007570       ?getTypeName@BooleanObj@@UBE?AV?$basic_string@DU?$char_traits@D@std@@V?$allocator@D@2@@std@@XZ 00408570 f i parse.obj
 0001:000075b0       ?getTypeName@DictObj@@UBE?AV?$basic_string@DU?$char_traits@D@std@@V?$allocator@D@2@@std@@XZ 004085b0 f i parse.obj
 0001:000075f0       ?getTypeName@IdObj@@UBE?AV?$basic_string@DU?$char_traits@D@std@@V?$allocator@D@2@@std@@XZ 004085f0 f i parse.obj
 0001:00007630       ?getTypeName@NamedObj@@UBE?AV?$basic_string@DU?$char_traits@D@std@@V?$allocator@D@2@@std@@XZ 00408630 f i parse.obj
 0001:00007670       ?getTypeName@Obj@@UBE?AV?$basic_string@DU?$char_traits@D@std@@V?$allocator@D@2@@std@@XZ 00408670 f i parse.obj
 0001:000076b0       ?getTypeName@ScalarObj@@UBE?AV?$basic_string@DU?$char_traits@D@std@@V?$allocator@D@2@@std@@XZ 004086b0 f i parse.obj
 0001:000076f0       ?getTypeName@StringObj@@UBE?AV?$basic_string@DU?$char_traits@D@std@@V?$allocator@D@2@@std@@XZ 004086f0 f i parse.obj
 0001:00007730       ?getTypeName@TupleObj@@UBE?AV?$basic_string@DU?$char_traits@D@std@@V?$allocator@D@2@@std@@XZ 00408730 f i parse.obj
 0001:00007770       ?insert@?$basic_string@DU?$char_traits@D@std@@V?$allocator@D@2@@std@@QAEAAV12@IABV12@II@Z 00408770 f i parse.obj
 0001:00007900       ?printOn@BooleanObj@@UBEXAAV?$basic_ostream@DU?$char_traits@D@std@@@std@@@Z 00408900 f i parse.obj
 0001:00007930       ?printOn@DictObj@@UBEXAAV?$basic_ostream@DU?$char_traits@D@std@@@std@@@Z 00408930 f i parse.obj
 0001:00007a00       ?printOn@IdObj@@UBEXAAV?$basic_ostream@DU?$char_traits@D@std@@@std@@@Z 00408a00 f i parse.obj
 0001:00007a20       ?printOn@NamedObj@@UBEXAAV?$basic_ostream@DU?$char_traits@D@std@@@std@@@Z 00408a20 f i parse.obj
 0001:00007a50       ?printOn@Obj@@UBEXAAV?$basic_ostream@DU?$char_traits@D@std@@@std@@@Z 00408a50 f i parse.obj
 0001:00007a60       ?printOn@ScalarObj@@UBEXAAV?$basic_ostream@DU?$char_traits@D@std@@@std@@@Z 00408a60 f i parse.obj
 0001:00007a80       ?printOn@StringObj@@UBEXAAV?$basic_ostream@DU?$char_traits@D@std@@@std@@@Z 00408a80 f i parse.obj
 0001:00007ab0       ?printOn@TupleObj@@UBEXAAV?$basic_ostream@DU?$char_traits@D@std@@@std@@@Z 00408ab0 f i parse.obj
 0001:00007e70       ?readFile@@YAPAVObj@@AAV?$basic_istream@DU?$char_traits@D@std@@@std@@@Z 00408e70 f   parse.obj
 0001:000086f0       ??$?HDU?$char_traits@D@std@@V?$allocator@D@1@@std@@YA?AV?$basic_string@DU?$char_traits@D@std@@V?$allocator@D@2@@0@$$QAV10@PBD@Z 004096f0 f i read.obj
 0001:00008750       ??$_Buynode@ABQAVGeometry@@@?$_List_buy@PAVGeometry@@V?$allocator@PAVGeometry@@@std@@@std@@QAEPAU?$_List_node@PAVGeometry@@PAX@1@PAU21@0ABQAVGeometry@@@Z 00409750 f i read.obj
 0001:00008770       ??$_Buynode@ABQAVLight@@@?$_List_buy@PAVLight@@V?$allocator@PAVLight@@@std@@@std@@QAEPAU?$_List_node@PAVLight@@PAX@1@PAU21@0ABQAVLight@@@Z 00409770 f i read.obj
 0001:00008790       ??$_Buynode@ABQAVTransformNode@@@?$_List_buy@PAVTransformNode@@V?$allocator@PAVTransformNode@@@std@@@std@@QAEPAU?$_List_node@PAVTransformNode@@PAX@1@PAU21@0ABQAVTransformNode@@@Z 00409790 f i read.obj
 0001:000087b0       ??$_Buynode@ABUpiecewise_construct_t@std@@V?$tuple@ABV?$basic_string@DU?$char_traits@D@std@@V?$allocator@D@2@@std@@@2@V?$tuple@$$V@2@@?$_Tree_comp_alloc@V?$_Tmap_traits@V?$basic_string@DU?$char_traits@D@std@@V?$allocator@D@2@@std@@PAVMaterial@@U?$less@V?$basic_string@DU?$char_traits@D@std@@V?$allocator@D@2@@std@@@2@V?$allocator@U?$pair@$$CBV?$basic_string@DU?$char_traits@D@std@@V?$allocator@D@2@@std@@PAVMaterial@@@std@@@2@$0A@@std@@@std@@QAEPAU?$_Tree_node@U?$pair@$$CBV?$basic_string@DU?$char_traits@D@std@@V?$allocator@D@2@@std@@PAVMaterial@@@std@@PAX@1@ABUpiecewise_construct_t@1@$$QAV?$tuple@ABV?$basic_string@DU?$char_traits@D@std@@V?$allocator@D@2@@std@@@1@$$QAV?$tuple@$$V@1@@Z 004097b0 f i read.obj
 0001:00008870       ??$_Insert_at@AAU?$pair@$$CBV?$basic_string@DU?$char_traits@D@std@@V?$allocator@D@2@@std@@PAVMaterial@@@std@@PAU?$_Tree_node@U?$pair@$$CBV?$basic_string@DU?$char_traits@D@std@@V?$allocator@D@2@@std@@PAVMaterial@@@std@@PAX@2@@?$_Tree@V?$_Tmap_traits@V?$basic_string@DU?$char_traits@D@std@@V?$allocator@D@2@@std@@PAVMaterial@@U?$less@V?$basic_string@DU?$char_traits@D@std@@V?$allocator@D@2@@std@@@2@V?$allocator@U?$pair@$$CBV?$basic_string@DU?$char_traits@D@std@@V?$allocator@D@2@@std@@PAVMaterial@@@std@@@2@$0A@@std@@@std@@IAE?AV?$_Tree_iterator@V?$_Tree_val@U?$_Tree_simple_types@U?$pair@$$CBV?$basic_string@DU?$char_traits@D@std@@V?$allocator@D@2@@std@@PAVMaterial@@@std@@@std@@@std@@@1@_NPAU?$_Tree_node@U?$pair@$$CBV?$basic_string@DU?$char_traits@D@std@@V?$allocator@D@2@@std@@PAVMaterial@@@std@@PAX@1@AAU?$pair@$$CBV?$basic_string@DU?$char_traits@D@std@@V?$allocator@D@2@@std@@PAVMaterial@@@1@1@Z 00409870 f i read.obj
 0001:00008a40       ??$_Insert_hint@AAU?$pair@$$CBV?$basic_string@DU?$char_traits@D@std@@V?$allocator@D@2@@std@@PAVMaterial@@@std@@PAU?$_Tree_node@U?$pair@$$CBV?$basic_string@DU?$char_traits@D@std@@V?$allocator@D@2@@std@@PAVMaterial@@@std@@PAX@2@@?$_Tree@V?$_Tmap_traits@V?$basic_string@DU?$char_traits@D@std@@V?$allocator@D@2@@std@@PAVMaterial@@U?$less@V?$basic_string@DU?$char_traits@D@std@@V?$allocator@D@2@@std@@@2@V?$allocator@U?$pair@$$CBV?$basic_string@DU?$char_traits@D@std@@V?$allocator@D@2@@std@@PAVMaterial@@@std@@@2@$0A@@std@@@std@@IAE?AV?$_Tree_iterator@V?$_Tree_val@U?$_Tree_simple_types@U?$pair@$$CBV?$basic_string@DU?$char_traits@D@std@@V?$allocator@D@2@@std@@PAVMaterial@@@std@@@std@@@std@@@1@V?$_Tree_const_iterator@V?$_Tree_val@U?$_Tree_simple_types@U?$pair@$$CBV?$basic_string@DU?$char_traits@D@std@@V?$allocator@D@2@@std@@PAVMaterial@@@std@@@std@@@std@@@1@AAU?$pair@$$CBV?$basic_string@DU?$char_traits@D@std@@V?$allocator@D@2@@std@@PAVMaterial@@@1@PAU?$_Tree_node@U?$pair@$$CBV?$basic_string@DU?$char_traits@D@std@@V?$allocator@D@2@@std@@PAVMaterial@@@std@@PAX@1@@Z 00409a40 f i read.obj
 0001:00008ca0       ??$_Insert_nohint@AAU?$pair@$$CBV?$basic_string@DU?$char_traits@D@std@@V?$allocator@D@2@@std@@PAVMaterial@@@std@@PAU?$_Tree_node@U?$pair@$$CBV?$basic_string@DU?$char_traits@D@std@@V?$allocator@D@2@@std@@PAVMaterial@@@std@@PAX@2@@?$_Tree@V?$_Tmap_traits@V?$basic_string@DU?$char_traits@D@std@@V?$allocator@D@2@@std@@PAVMaterial@@U?$less@V?$basic_string@DU?$char_traits@D@std@@V?$allocator@D@2@@std@@@2@V?$allocator@U?$pair@$$CBV?$basic_string@DU?$char_traits@D@std@@V?$allocator@D@2@@std@@PAVMaterial@@@std@@@2@$0A@@std@@@std@@IAE?AU?$pair@V?$_Tree_iterator@V?$_Tree_val@U?$_Tree_simple_types@U?$pair@$$CBV?$basic_string@DU?$char_traits@D@std@@V?$allocator@D@2@@std@@PAVMaterial@@@std@@@std@@@std@@@std@@_N@1@_NAAU?$pair@$$CBV?$basic_string@DU?$char_traits@D@std@@V?$allocator@D@2@@std@@PAVMaterial@@@1@PAU?$_Tree_node@U?$pair@$$CBV?$basic_string@DU?$char_traits@D@std@@V?$allocator@D@2@@std@@PAVMaterial@@@std@@PAX@1@@Z 00409ca0 f i read.obj
 0001:00008f10       ??$_Lbound@V?$basic_string@DU?$char_traits@D@std@@V?$allocator@D@2@@std@@@?$_Tree@V?$_Tmap_traits@V?$basic_string@DU?$char_traits@D@std@@V?$allocator@D@2@@std@@PAVMaterial@@U?$less@V?$basic_string@DU?$char_traits@D@std@@V?$allocator@D@2@@std@@@2@V?$allocator@U?$pair@$$CBV?$basic_string@DU?$char_traits@D@std@@V?$allocator@D@2@@std@@PAVMaterial@@@std@@@2@$0A@@std@@@std@@IBEPAU?$_Tree_node@U?$pair@$$CBV?$basic_string@DU?$char_traits@D@std@@V?$allocator@D@2@@std@@PAVMaterial@@@std@@PAX@1@ABV?$basic_string@DU?$char_traits@D@std@@V?$allocator@D@2@@1@@Z 00409f10 f i read.obj
 0001:00008ff0       ??$_Try_emplace@ABV?$basic_string@DU?$char_traits@D@std@@V?$allocator@D@2@@std@@$$V@?$map@V?$basic_string@DU?$char_traits@D@std@@V?$allocator@D@2@@std@@PAVMaterial@@U?$less@V?$basic_string@DU?$char_traits@D@std@@V?$allocator@D@2@@std@@@2@V?$allocator@U?$pair@$$CBV?$basic_string@DU?$char_traits@D@std@@V?$allocator@D@2@@std@@PAVMaterial@@@std@@@2@@std@@QAE?AU?$pair@V?$_Tree_iterator@V?$_Tree_val@U?$_Tree_simple_types@U?$pair@$$CBV?$basic_string@DU?$char_traits@D@std@@V?$allocator@D@2@@std@@PAVMaterial@@@std@@@std@@@std@@@std@@_N@1@ABV?$basic_string@DU?$char_traits@D@std@@V?$allocator@D@2@@1@@Z 00409ff0 f i read.obj
 0001:000090a0       ??$endl@DU?$char_traits@D@std@@@std@@YAAAV?$basic_ostream@DU?$char_traits@D@std@@@0@AAV10@@Z 0040a0a0 f i read.obj
 0001:000090d0       ??$ends@DU?$char_traits@D@std@@@std@@YAAAV?$basic_ostream@DU?$char_traits@D@std@@@0@AAV10@@Z 0040a0d0 f i read.obj
 0001:000090f0       ??$use_facet@V?$codecvt@DDU_Mbstatet@@@std@@@std@@YAABV?$codecvt@DDU_Mbstatet@@@0@ABVlocale@0@@Z 0040a0f0 f i read.obj
 0001:000091f0       ??0?$basic_ifstream@DU?$char_traits@D@std@@@std@@QAE@PBDHH@Z 0040a1f0 f i read.obj
 0001:00009300       ??0?$basic_string@DU?$char_traits@D@std@@V?$allocator@D@2@@std@@QAE@ABV01@@Z 0040a300 f i read.obj
 0001:00009330       ??0?$fpos@U_Mbstatet@@@std@@QAE@U_Mbstatet@@_J@Z 0040a330 f i read.obj
 0001:00009360       ??0AreaLight@@QAE@PAVScene@@ABVvec3f@@1ABN221@Z 0040a360 f i read.obj
 0001:000095e0       ??0PointLight@@QAE@PAVScene@@ABVvec3f@@1ABN22@Z 0040a5e0 f i read.obj
 0001:00009670       ??0Scene@@QAE@XZ           0040a670 f i read.obj
 0001:00009810       ??0SpotLight@@QAE@PAVScene@@ABVvec3f@@1ABN1222@Z 0040a810 f i read.obj
 0001:000098d0       ??0TransformNode@@IAE@PAV0@ABVmat4f@@@Z 0040a8d0 f i read.obj
 0001:00009cd0       ??0bad_cast@std@@QAE@ABV01@@Z 0040acd0 f i read.obj
 0001:00009d10       ??0exception@std@@QAE@ABV01@@Z 0040ad10 f i read.obj
 0001:00009d40       ??0ostrstream@std@@QAE@XZ  0040ad40 f i read.obj
 0001:00009e30       ??1?$basic_filebuf@DU?$char_traits@D@std@@@std@@UAE@XZ 0040ae30 f i read.obj
 0001:00009eb0       ??1?$basic_ifstream@DU?$char_traits@D@std@@@std@@UAE@XZ 0040aeb0 f i read.obj
 0001:00009f60       ??1?$list@PAVGeometry@@V?$allocator@PAVGeometry@@@std@@@std@@QAE@XZ 0040af60 f i read.obj
 0001:00009fb0       ??1?$list@PAVLight@@V?$allocator@PAVLight@@@std@@@std@@QAE@XZ 0040afb0 f i read.obj
 0001:0000a000       ??1?$list@PAVTransformNode@@V?$allocator@PAVTransformNode@@@std@@@std@@QAE@XZ 0040b000 f i read.obj
 0001:0000a050       ??1?$map@V?$basic_string@DU?$char_traits@D@std@@V?$allocator@D@2@@std@@PAVMaterial@@U?$less@V?$basic_string@DU?$char_traits@D@std@@V?$allocator@D@2@@std@@@2@V?$allocator@U?$pair@$$CBV?$basic_string@DU?$char_traits@D@std@@V?$allocator@D@2@@std@@PAVMaterial@@@std@@@2@@std@@QAE@XZ 0040b050 f i read.obj
 0001:0000a0b0       ??1MaterialSceneObject@@UAE@XZ 0040b0b0 f i read.obj
 0001:0000a0f0       ??1SceneElement@@UAE@XZ    0040b0f0 f i read.obj
 0001:0000a100       ??1TransformNode@@QAE@XZ   0040b100 f i read.obj
 0001:0000a190       ??1TransformRoot@@QAE@XZ   0040b190 f i read.obj
 0001:0000a1a0       ??1bad_cast@std@@UAE@XZ    0040b1a0 f i read.obj
 0001:0000a1c0       ??1exception@std@@UAE@XZ   0040b1c0 f i read.obj
 0001:0000a1e0       ??1locale@std@@QAE@XZ      0040b1e0 f i read.obj
 0001:0000a230       ??1ostrstream@std@@UAE@XZ  0040b230 f i read.obj
 0001:0000a2d0       ??1strstreambuf@std@@UAE@XZ 0040b2d0 f i read.obj
 0001:0000a340       ??4?$basic_string@DU?$char_traits@D@std@@V?$allocator@D@2@@std@@QAEAAV01@$$QAV01@@Z 0040b340 f i read.obj
 0001:0000a3c0       ??6@YAAAV?$basic_ostream@DU?$char_traits@D@std@@@std@@AAV01@ABVException@@@Z 0040b3c0 f i read.obj
 0001:0000a440       ??D@YA?AVmat4f@@ABV0@0@Z   0040b440 f i read.obj
 0001:0000a8f0       ??E?$_Tree_unchecked_const_iterator@V?$_Tree_val@U?$_Tree_simple_types@U?$pair@$$CBV?$basic_string@DU?$char_traits@D@std@@V?$allocator@D@2@@std@@PAVMaterial@@@std@@@std@@@std@@U_Iterator_base0@2@@std@@QAEAAV01@XZ 0040b8f0 f i read.obj
 0001:0000a940       ??F?$_Tree_unchecked_const_iterator@V?$_Tree_val@U?$_Tree_simple_types@U?$pair@$$CBV?$basic_string@DU?$char_traits@D@std@@V?$allocator@D@2@@std@@PAVMaterial@@@std@@@std@@@std@@U_Iterator_base0@2@@std@@QAEAAV01@XZ 0040b940 f i read.obj
 0001:0000a9a0       ??_D?$basic_ifstream@DU?$char_traits@D@std@@@std@@QAEXXZ 0040b9a0 f i read.obj
 0001:0000a9c0       ??_Dostrstream@std@@QAEXXZ 0040b9c0 f i read.obj
 0001:0000a9d4       ??_E?$basic_ifstream@DU?$char_traits@D@std@@@std@@$4PPPPPPPM@A@AEPAXI@Z 0040b9d4 f i read.obj
 0001:0000a9dc       ??_Eostrstream@std@@$4PPPPPPPM@A@AEPAXI@Z 0040b9dc f i read.obj
 0001:0000a9f0       ??_E?$basic_filebuf@DU?$char_traits@D@std@@@std@@UAEPAXI@Z 0040b9f0 f i read.obj
 0001:0000a9f0       ??_G?$basic_filebuf@DU?$char_traits@D@std@@@std@@UAEPAXI@Z 0040b9f0 f i read.obj
 0001:0000aa90       ??_E?$basic_ifstream@DU?$char_traits@D@std@@@std@@UAEPAXI@Z 0040ba90 f i read.obj
 0001:0000aa90       ??_G?$basic_ifstream@DU?$char_traits@D@std@@@std@@UAEPAXI@Z 0040ba90 f i read.obj
 0001:0000aad0       ??_EAmbientLight@@UAEPAXI@Z 0040bad0 f i read.obj
 0001:0000aad0       ??_GAmbientLight@@UAEPAXI@Z 0040bad0 f i read.obj
 0001:0000ab00       ??_EAreaLight@@UAEPAXI@Z   0040bb00 f i read.obj
 0001:0000ab00       ??_GAreaLight@@UAEPAXI@Z   0040bb00 f i read.obj
 0001:0000ab50       ??_EBox@@UAEPAXI@Z         0040bb50 f i read.obj
 0001:0000ab50       ??_GBox@@UAEPAXI@Z         0040bb50 f i read.obj
 0001:0000abb0       ??_GCone@@UAEPAXI@Z        0040bbb0 f i read.obj
 0001:0000abb0       ??_ECone@@UAEPAXI@Z        0040bbb0 f i read.obj
 0001:0000ac10       ??_ECylinder@@UAEPAXI@Z    0040bc10 f i read.obj
 0001:0000ac10       ??_GCylinder@@UAEPAXI@Z    0040bc10 f i read.obj
 0001:0000ac70       ??_EDirectionalLight@@UAEPAXI@Z 0040bc70 f i read.obj
 0001:0000ac70       ??_GDirectionalLight@@UAEPAXI@Z 0040bc70 f i read.obj
 0001:0000aca0       ??_GGeometry@@UAEPAXI@Z    0040bca0 f i read.obj
 0001:0000aca0       ??_EGeometry@@UAEPAXI@Z    0040bca0 f i read.obj
 0001:0000acd0       ??_GLight@@UAEPAXI@Z       0040bcd0 f i read.obj
 0001:0000acd0       ??_ELight@@UAEPAXI@Z       0040bcd0 f i read.obj
 0001:0000ad00       ??_GMaterialSceneObject@@UAEPAXI@Z 0040bd00 f i read.obj
 0001:0000ad00       ??_EMaterialSceneObject@@UAEPAXI@Z 0040bd00 f i read.obj
 0001:0000ad60       ??_GPointLight@@UAEPAXI@Z  0040bd60 f i read.obj
 0001:0000ad60       ??_EPointLight@@UAEPAXI@Z  0040bd60 f i read.obj
 0001:0000ad90       ??_EScene@@UAEPAXI@Z       0040bd90 f i read.obj
 0001:0000ad90       ??_GScene@@UAEPAXI@Z       0040bd90 f i read.obj
 0001:0000adc0       ??_ESceneElement@@UAEPAXI@Z 0040bdc0 f i read.obj
 0001:0000adc0       ??_GSceneElement@@UAEPAXI@Z 0040bdc0 f i read.obj
 0001:0000adf0       ??_ESceneObject@@UAEPAXI@Z 0040bdf0 f i read.obj
 0001:0000adf0       ??_GSceneObject@@UAEPAXI@Z 0040bdf0 f i read.obj
 0001:0000ae20       ??_GSphere@@UAEPAXI@Z      0040be20 f i read.obj
 0001:0000ae20       ??_ESphere@@UAEPAXI@Z      0040be20 f i read.obj
 0001:0000ae80       ??_GSpotLight@@UAEPAXI@Z   0040be80 f i read.obj
 0001:0000ae80       ??_ESpotLight@@UAEPAXI@Z   0040be80 f i read.obj
 0001:0000aeb0       ??_ESquare@@UAEPAXI@Z      0040beb0 f i read.obj
 0001:0000aeb0       ??_GSquare@@UAEPAXI@Z      0040beb0 f i read.obj
 0001:0000af10       ??_GTrimesh@@UAEPAXI@Z     0040bf10 f i read.obj
 0001:0000af10       ??_ETrimesh@@UAEPAXI@Z     0040bf10 f i read.obj
 0001:0000af40       ??_Gbad_cast@std@@UAEPAXI@Z 0040bf40 f i read.obj
 0001:0000af40       ??_Ebad_cast@std@@UAEPAXI@Z 0040bf40 f i read.obj
 0001:0000af80       ??_Gexception@std@@UAEPAXI@Z 0040bf80 f i read.obj
 0001:0000af80       ??_Eexception@std@@UAEPAXI@Z 0040bf80 f i read.obj
 0001:0000afc0       ??_Eostrstream@std@@UAEPAXI@Z 0040bfc0 f i read.obj
 0001:0000afc0       ??_Gostrstream@std@@UAEPAXI@Z 0040bfc0 f i read.obj
 0001:0000b000       ??_Estrstreambuf@std@@UAEPAXI@Z 0040c000 f i read.obj
 0001:0000b000       ??_Gstrstreambuf@std@@UAEPAXI@Z 0040c000 f i read.obj
 0001:0000b090       ?ComputeBoundingBox@Geometry@@UAEXXZ 0040c090 f i read.obj
 0001:0000b6d0       ?ComputeLocalBoundingBox@Box@@UAE?AVBoundingBox@@XZ 0040c6d0 f i read.obj
 0001:0000b710       ?ComputeLocalBoundingBox@Cone@@UAE?AVBoundingBox@@XZ 0040c710 f i read.obj
 0001:0000b770       ?ComputeLocalBoundingBox@Cylinder@@UAE?AVBoundingBox@@XZ 0040c770 f i read.obj
 0001:0000b7b0       ?ComputeLocalBoundingBox@Geometry@@UAE?AVBoundingBox@@XZ 0040c7b0 f i read.obj
 0001:0000b7e0       ?ComputeLocalBoundingBox@Sphere@@UAE?AVBoundingBox@@XZ 0040c7e0 f i read.obj
 0001:0000b820       ?ComputeLocalBoundingBox@Square@@UAE?AVBoundingBox@@XZ 0040c820 f i read.obj
 0001:0000b870       ?_Buyheadnode@?$_Tree_comp_alloc@V?$_Tmap_traits@V?$basic_string@DU?$char_traits@D@std@@V?$allocator@D@2@@std@@PAVMaterial@@U?$less@V?$basic_string@DU?$char_traits@D@std@@V?$allocator@D@2@@std@@@2@V?$allocator@U?$pair@$$CBV?$basic_string@DU?$char_traits@D@std@@V?$allocator@D@2@@std@@PAVMaterial@@@std@@@2@$0A@@std@@@std@@QAEPAU?$_Tree_node@U?$pair@$$CBV?$basic_string@DU?$char_traits@D@std@@V?$allocator@D@2@@std@@PAVMaterial@@@std@@PAX@2@XZ 0040c870 f i read.obj
 0001:0000b8a0       ?_Buynode0@?$_List_alloc@U?$_List_base_types@PAVGeometry@@V?$allocator@PAVGeometry@@@std@@@std@@@std@@QAEPAU?$_List_node@PAVGeometry@@PAX@2@PAU32@0@Z 0040c8a0 f i read.obj
 0001:0000b8e0       ?_Buynode0@?$_List_alloc@U?$_List_base_types@PAVLight@@V?$allocator@PAVLight@@@std@@@std@@@std@@QAEPAU?$_List_node@PAVLight@@PAX@2@PAU32@0@Z 0040c8e0 f i read.obj
 0001:0000b920       ?_Buynode0@?$_List_alloc@U?$_List_base_types@PAVTransformNode@@V?$allocator@PAVTransformNode@@@std@@@std@@@std@@QAEPAU?$_List_node@PAVTransformNode@@PAX@2@PAU32@0@Z 0040c920 f i read.obj
 0001:0000b960       ?_Buynode0@?$_Tree_comp_alloc@V?$_Tmap_traits@V?$basic_string@DU?$char_traits@D@std@@V?$allocator@D@2@@std@@PAVMaterial@@U?$less@V?$basic_string@DU?$char_traits@D@std@@V?$allocator@D@2@@std@@@2@V?$allocator@U?$pair@$$CBV?$basic_string@DU?$char_traits@D@std@@V?$allocator@D@2@@std@@PAVMaterial@@@std@@@2@$0A@@std@@@std@@QAEPAU?$_Tree_node@U?$pair@$$CBV?$basic_string@DU?$char_traits@D@std@@V?$allocator@D@2@@std@@PAVMaterial@@@std@@PAX@2@XZ 0040c960 f i read.obj
 0001:0000b9a0       ?_Destroy_if_not_nil@?$_Tree@V?$_Tmap_traits@V?$basic_string@DU?$char_traits@D@std@@V?$allocator@D@2@@std@@PAVMaterial@@U?$less@V?$basic_string@DU?$char_traits@D@std@@V?$allocator@D@2@@std@@@2@V?$allocator@U?$pair@$$CBV?$basic_string@DU?$char_traits@D@std@@V?$allocator@D@2@@std@@PAVMaterial@@@std@@@2@$0A@@std@@@std@@IAEXPAU?$_Tree_node@U?$pair@$$CBV?$basic_string@DU?$char_traits@D@std@@V?$allocator@D@2@@std@@PAVMaterial@@@std@@PAX@2@@Z 0040c9a0 f i read.obj
 0001:0000b9f0       ?_Endwrite@?$basic_filebuf@DU?$char_traits@D@std@@@std@@IAE_NXZ 0040c9f0 f i read.obj
 0001:0000bb60       ?_Erase@?$_Tree@V?$_Tmap_traits@V?$basic_string@DU?$char_traits@D@std@@V?$allocator@D@2@@std@@PAVMaterial@@U?$less@V?$basic_string@DU?$char_traits@D@std@@V?$allocator@D@2@@std@@@2@V?$allocator@U?$pair@$$CBV?$basic_string@DU?$char_traits@D@std@@V?$allocator@D@2@@std@@PAVMaterial@@@std@@@2@$0A@@std@@@std@@IAEXPAU?$_Tree_node@U?$pair@$$CBV?$basic_string@DU?$char_traits@D@std@@V?$allocator@D@2@@std@@PAVMaterial@@@std@@PAX@2@@Z 0040cb60 f i read.obj
 0001:0000bc10       ?_Init@?$basic_filebuf@DU?$char_traits@D@std@@@std@@IAEXPAU_iobuf@@W4_Initfl@12@@Z 0040cc10 f i read.obj
 0001:0000bca0       ?_Lock@?$basic_filebuf@DU?$char_traits@D@std@@@std@@UAEXXZ 0040cca0 f i read.obj
 0001:0000bcb0       ?_Lrotate@?$_Tree@V?$_Tmap_traits@V?$basic_string@DU?$char_traits@D@std@@V?$allocator@D@2@@std@@PAVMaterial@@U?$less@V?$basic_string@DU?$char_traits@D@std@@V?$allocator@D@2@@std@@@2@V?$allocator@U?$pair@$$CBV?$basic_string@DU?$char_traits@D@std@@V?$allocator@D@2@@std@@PAVMaterial@@@std@@@2@$0A@@std@@@std@@IAEXPAU?$_Tree_node@U?$pair@$$CBV?$basic_string@DU?$char_traits@D@std@@V?$allocator@D@2@@std@@PAVMaterial@@@std@@PAX@2@@Z 0040ccb0 f i read.obj
 0001:0000bd10       ?_Reset_back@?$basic_filebuf@DU?$char_traits@D@std@@@std@@AAEXXZ 0040cd10 f i read.obj
 0001:0000bd40       ?_Rrotate@?$_Tree@V?$_Tmap_traits@V?$basic_string@DU?$char_traits@D@std@@V?$allocator@D@2@@std@@PAVMaterial@@U?$less@V?$basic_string@DU?$char_traits@D@std@@V?$allocator@D@2@@std@@@2@V?$allocator@U?$pair@$$CBV?$basic_string@DU?$char_traits@D@std@@V?$allocator@D@2@@std@@PAVMaterial@@@std@@@2@$0A@@std@@@std@@IAEXPAU?$_Tree_node@U?$pair@$$CBV?$basic_string@DU?$char_traits@D@std@@V?$allocator@D@2@@std@@PAVMaterial@@@std@@PAX@2@@Z 0040cd40 f i read.obj
 0001:0000bda0       ?_Set_back@?$basic_filebuf@DU?$char_traits@D@std@@@std@@AAEXXZ 0040cda0 f i read.obj
 0001:0000bde0       ?_Unlock@?$basic_filebuf@DU?$char_traits@D@std@@@std@@UAEXXZ 0040cde0 f i read.obj
 0001:0000bdf0       ?add@Scene@@QAEXPAVGeometry@@@Z 0040cdf0 f i read.obj
 0001:0000be50       ?add@Scene@@QAEXPAVLight@@@Z 0040ce50 f i read.obj
 0001:0000bea0       ?allow2Dmap3D@Box@@UBE_NXZ 0040cea0 f i read.obj
 0001:0000beb0       ?allow2Dmap3D@Cone@@UBE_NXZ 0040ceb0 f i read.obj
 0001:0000bec0       ?allow2Dmap3D@Cylinder@@UBE_NXZ 0040cec0 f i read.obj
 0001:0000bed0       ?allow2Dmap3D@SceneObject@@UBE_NXZ 0040ced0 f i read.obj
 0001:0000bee0       ?allow2Dmap3D@Sphere@@UBE_NXZ 0040cee0 f i read.obj
 0001:0000bef0       ?allow2Dmap3D@Square@@UBE_NXZ 0040cef0 f i read.obj
 0001:0000bf00       ?append@?$basic_string@DU?$char_traits@D@std@@V?$allocator@D@2@@std@@QAEAAV12@PBDI@Z 0040cf00 f i read.obj
 0001:0000c020       ?close@?$basic_filebuf@DU?$char_traits@D@std@@@std@@QAEPAV12@XZ 0040d020 f i read.obj
 0001:0000c090       ?createChild@TransformNode@@QAEPAV1@ABVmat4f@@@Z 0040d090 f i read.obj
 0001:0000c150       ?do2Dmap3D@SceneObject@@UBEXABVray@@ABVisect@@AAH2@Z 0040d150 f i read.obj
 0001:0000c160       ?erase@?$_Tree@V?$_Tmap_traits@V?$basic_string@DU?$char_traits@D@std@@V?$allocator@D@2@@std@@PAVMaterial@@U?$less@V?$basic_string@DU?$char_traits@D@std@@V?$allocator@D@2@@std@@@2@V?$allocator@U?$pair@$$CBV?$basic_string@DU?$char_traits@D@std@@V?$allocator@D@2@@std@@PAVMaterial@@@std@@@2@$0A@@std@@@std@@QAE?AV?$_Tree_iterator@V?$_Tree_val@U?$_Tree_simple_types@U?$pair@$$CBV?$basic_string@DU?$char_traits@D@std@@V?$allocator@D@2@@std@@PAVMaterial@@@std@@@std@@@std@@@2@V?$_Tree_const_iterator@V?$_Tree_val@U?$_Tree_simple_types@U?$pair@$$CBV?$basic_string@DU?$char_traits@D@std@@V?$allocator@D@2@@std@@PAVMaterial@@@std@@@std@@@std@@@2@0@Z 0040d160 f i read.obj
 0001:0000c250       ?erase@?$_Tree@V?$_Tmap_traits@V?$basic_string@DU?$char_traits@D@std@@V?$allocator@D@2@@std@@PAVMaterial@@U?$less@V?$basic_string@DU?$char_traits@D@std@@V?$allocator@D@2@@std@@@2@V?$allocator@U?$pair@$$CBV?$basic_string@DU?$char_traits@D@std@@V?$allocator@D@2@@std@@PAVMaterial@@@std@@@2@$0A@@std@@@std@@QAE?AV?$_Tree_iterator@V?$_Tree_val@U?$_Tree_simple_types@U?$pair@$$CBV?$basic_string@DU?$char_traits@D@std@@V?$allocator@D@2@@std@@PAVMaterial@@@std@@@std@@@std@@@2@V?$_Tree_const_iterator@V?$_Tree_val@U?$_Tree_simple_types@U?$pair@$$CBV?$basic_string@DU?$char_traits@D@std@@V?$allocator@D@2@@std@@PAVMaterial@@@std@@@std@@@std@@@2@@Z 0040d250 f i read.obj
 0001:0000c540       ?find@?$_Tree@V?$_Tmap_traits@V?$basic_string@DU?$char_traits@D@std@@V?$allocator@D@2@@std@@PAVMaterial@@U?$less@V?$basic_string@DU?$char_traits@D@std@@V?$allocator@D@2@@std@@@2@V?$allocator@U?$pair@$$CBV?$basic_string@DU?$char_traits@D@std@@V?$allocator@D@2@@std@@PAVMaterial@@@std@@@2@$0A@@std@@@std@@QBE?AV?$_Tree_const_iterator@V?$_Tree_val@U?$_Tree_simple_types@U?$pair@$$CBV?$basic_string@DU?$char_traits@D@std@@V?$allocator@D@2@@std@@PAVMaterial@@@std@@@std@@@std@@@2@ABV?$basic_string@DU?$char_traits@D@std@@V?$allocator@D@2@@2@@Z 0040d540 f i read.obj
 0001:0000c5d0       ?find@?$_Tree@V?$_Tmap_traits@V?$basic_string@DU?$char_traits@D@std@@V?$allocator@D@2@@std@@PAVObj@@U?$less@V?$basic_string@DU?$char_traits@D@std@@V?$allocator@D@2@@std@@@2@V?$allocator@U?$pair@$$CBV?$basic_string@DU?$char_traits@D@std@@V?$allocator@D@2@@std@@PAVObj@@@std@@@2@$0A@@std@@@std@@QBE?AV?$_Tree_const_iterator@V?$_Tree_val@U?$_Tree_simple_types@U?$pair@$$CBV?$basic_string@DU?$char_traits@D@std@@V?$allocator@D@2@@std@@PAVObj@@@std@@@std@@@std@@@2@ABV?$basic_string@DU?$char_traits@D@std@@V?$allocator@D@2@@2@@Z 0040d5d0 f i read.obj
 0001:0000caa0       ?getMaterial@MaterialSceneObject@@UBEABVMaterial@@XZ 0040daa0 f i read.obj
 0001:0000cab0       ?getMsg@Exception@@QBE?AV?$basic_string@DU?$char_traits@D@std@@V?$allocator@D@2@@std@@XZ 0040dab0 f i read.obj
 0001:0000caf0       ?hasBoundingBoxCapability@Box@@UBE_NXZ 0040daf0 f i read.obj
 0001:0000cb00       ?hasBoundingBoxCapability@Cone@@UBE_NXZ 0040db00 f i read.obj
 0001:0000cb10       ?hasBoundingBoxCapability@Cylinder@@UBE_NXZ 0040db10 f i read.obj
 0001:0000cb20       ?hasBoundingBoxCapability@Sphere@@UBE_NXZ 0040db20 f i read.obj
 0001:0000cb30       ?hasBoundingBoxCapability@Square@@UBE_NXZ 0040db30 f i read.obj
 0001:0000cb70       ?imbue@?$basic_filebuf@DU?$char_traits@D@std@@@std@@MAEXABVlocale@2@@Z 0040db70 f i read.obj
 0001:0000cc70       ?open@?$basic_filebuf@DU?$char_traits@D@std@@@std@@QAEPAV12@PBDHH@Z 0040dc70 f i read.obj
 0001:0000cd50       ?overflow@?$basic_filebuf@DU?$char_traits@D@std@@@std@@MAEHH@Z 0040dd50 f i read.obj
 0001:0000cf60       ?overflow@strstreambuf@std@@MAEHH@Z 0040df60 f i read.obj
 0001:0000d110       ?pbackfail@?$basic_filebuf@DU?$char_traits@D@std@@@std@@MAEHH@Z 0040e110 f i read.obj
 0001:0000d1a0       ?pbackfail@strstreambuf@std@@MAEHH@Z 0040e1a0 f i read.obj
 0001:00011090       ?readScene@@YAPAVScene@@AAV?$basic_istream@DU?$char_traits@D@std@@@std@@@Z 00412090 f   read.obj
 0001:00011330       ?readScene@@YAPAVScene@@ABV?$basic_string@DU?$char_traits@D@std@@V?$allocator@D@2@@std@@@Z 00412330 f   read.obj
 0001:00011460       ?rotate@mat4f@@SA?AV1@ABVvec3f@@N@Z 00412460 f i read.obj
 0001:00011660       ?seekoff@?$basic_filebuf@DU?$char_traits@D@std@@@std@@MAE?AV?$fpos@U_Mbstatet@@@2@_JHH@Z 00412660 f i read.obj
 0001:00011760       ?seekoff@strstreambuf@std@@MAE?AV?$fpos@U_Mbstatet@@@2@_JHH@Z 00412760 f i read.obj
 0001:000118c0       ?seekpos@?$basic_filebuf@DU?$char_traits@D@std@@@std@@MAE?AV?$fpos@U_Mbstatet@@@2@V32@H@Z 004128c0 f i read.obj
 0001:000119a0       ?seekpos@strstreambuf@std@@MAE?AV?$fpos@U_Mbstatet@@@2@V32@H@Z 004129a0 f i read.obj
 0001:00011a90       ?setMaterial@MaterialSceneObject@@UAEXPAVMaterial@@@Z 00412a90 f i read.obj
 0001:00011aa0       ?setbuf@?$basic_filebuf@DU?$char_traits@D@std@@@std@@MAEPAV?$basic_streambuf@DU?$char_traits@D@std@@@2@PAD_J@Z 00412aa0 f i read.obj
 0001:00011af0       ?str@ostrstream@std@@QAEPADXZ 00412af0 f i read.obj
 0001:00011b30       ?sync@?$basic_filebuf@DU?$char_traits@D@std@@@std@@MAEHXZ 00412b30 f i read.obj
 0001:00011bd0       ?uflow@?$basic_filebuf@DU?$char_traits@D@std@@@std@@MAEHXZ 00412bd0 f i read.obj
 0001:00011dd0       ?underflow@?$basic_filebuf@DU?$char_traits@D@std@@@std@@MAEHXZ 00412dd0 f i read.obj
 0001:00011e10       ?underflow@strstreambuf@std@@MAEHXZ 00412e10 f i read.obj
 0001:00011fe0       ?what@exception@std@@UBEPBDXZ 00412fe0 f i read.obj
 0001:00012090       _printf                    00413090 f i read.obj
 0001:000120c0       ?inverse@mat3f@@QBE?AV1@XZ 004130c0 f   vecmath.obj
 0001:000124c0       ?inverse@mat4f@@QBE?AV1@XZ 004134c0 f   vecmath.obj
 0001:00012920       ??0Camera@@QAE@XZ          00413920 f   camera.obj
 0001:000129c0       ?rayThrough@Camera@@QAEXNNAAVray@@@Z 004139c0 f   camera.obj
 0001:00012ae0       ?rayThroughDOF@Camera@@QAEXNNNNAAVray@@NN@Z 00413ae0 f   camera.obj
 0001:00012dc0       ?setAspectRatio@Camera@@QAEXN@Z 00413dc0 f   camera.obj
 0001:00012f60       ?setEye@Camera@@QAEXABVvec3f@@@Z 00413f60 f   camera.obj
 0001:00012f90       ?setFOV@Camera@@QAEXN@Z    00413f90 f   camera.obj
 0001:00013150       ?setLook@Camera@@QAEXABVvec3f@@0@Z 00414150 f   camera.obj
 0001:00013390       ?setLook@Camera@@QAEXNNNN@Z 00414390 f   camera.obj
 0001:00013630       ?update@Camera@@AAEXXZ     00414630 f   camera.obj
 0001:000137c0       ?distanceAttenuation@AmbientLight@@UBENABVvec3f@@@Z 004147c0 f   light.obj
 0001:000137d0       ?distanceAttenuation@AreaLight@@UBENABVvec3f@@@Z 004147d0 f   light.obj
 0001:00013830       ?distanceAttenuation@DirectionalLight@@UBENABVvec3f@@@Z 00414830 f   light.obj
 0001:00013840       ?distanceAttenuation@PointLight@@UBENABVvec3f@@@Z 00414840 f   light.obj
 0001:000138d0       ?distanceAttenuation@SpotLight@@UBENABVvec3f@@@Z 004148d0 f   light.obj
 0001:00013960       ?getColor@AmbientLight@@UBE?AVvec3f@@ABV2@@Z 00414960 f   light.obj
 0001:00013980       ?getColor@AreaLight@@UBE?AVvec3f@@ABV2@@Z 00414980 f   light.obj
 0001:000139a0       ?getColor@DirectionalLight@@UBE?AVvec3f@@ABV2@@Z 004149a0 f   light.obj
 0001:000139c0       ?getColor@PointLight@@UBE?AVvec3f@@ABV2@@Z 004149c0 f   light.obj
 0001:000139e0       ?getColor@SpotLight@@UBE?AVvec3f@@ABV2@@Z 004149e0 f   light.obj
 0001:00013a00       ?getDirection@AmbientLight@@UBE?AVvec3f@@ABV2@@Z 00414a00 f   light.obj
 0001:00013a20       ?getDirection@AreaLight@@UBE?AVvec3f@@ABV2@@Z 00414a20 f   light.obj
 0001:00013ab0       ?getDirection@DirectionalLight@@UBE?AVvec3f@@ABV2@@Z 00414ab0 f   light.obj
 0001:00013ae0       ?getDirection@PointLight@@UBE?AVvec3f@@ABV2@@Z 00414ae0 f   light.obj
 0001:00013b70       ?getDirection@SpotLight@@UBE?AVvec3f@@ABV2@@Z 00414b70 f   light.obj
 0001:00013c00       ?shadowAttenuation@AmbientLight@@UBE?AVvec3f@@ABV2@@Z 00414c00 f   light.obj
 0001:00013c20       ?shadowAttenuation@AreaLight@@UBE?AVvec3f@@ABV2@@Z 00414c20 f   light.obj
 0001:00013d00       ?shadowAttenuation@DirectionalLight@@UBE?AVvec3f@@ABV2@@Z 00414d00 f   light.obj
 0001:00013fb0       ?shadowAttenuation@PointLight@@UBE?AVvec3f@@ABV2@@Z 00414fb0 f   light.obj
 0001:00014390       ?shadowAttenuation@SpotLight@@UBE?AVvec3f@@ABV2@@Z 00415390 f   light.obj
 0001:00014770       ?shade@Material@@UBE?AVvec3f@@PAVScene@@ABVray@@ABVisect@@@Z 00415770 f   material.obj
 0001:00015130       ?getMaterial@isect@@QBEABVMaterial@@XZ 00416130 f   ray.obj
 0001:00015140       ??0Material@@QAE@ABV0@@Z   00416140 f i scene.obj
 0001:00015260       ??1Scene@@UAE@XZ           00416260 f   scene.obj
 0001:00015440       ??4BoundingBox@@QAEXABV0@@Z 00416440 f   scene.obj
 0001:00015490       ??4Material@@QAEAAV0@ABV0@@Z 00416490 f i scene.obj
 0001:000155b0       ??4isect@@QAEAAV0@ABV0@@Z  004165b0 f i scene.obj
 0001:00015650       ?hasBoundingBoxCapability@Geometry@@UBE_NXZ 00416650 f   scene.obj
 0001:00015660       ?initScene@Scene@@QAEXXZ   00416660 f   scene.obj
 0001:00015830       ?intersect@BoundingBox@@QBE_NABVray@@AAN1@Z 00416830 f   scene.obj
 0001:00015940       ?intersect@Geometry@@UBE_NABVray@@AAVisect@@@Z 00416940 f   scene.obj
 0001:00015c90       ?intersect@Scene@@QBE_NABVray@@AAVisect@@@Z 00416c90 f   scene.obj
 0001:00015e50       ?intersectLocal@Geometry@@UBE_NABVray@@AAVisect@@@Z 00416e50 f   scene.obj
 0001:00015e60       ?intersects@BoundingBox@@QBE_NABV1@@Z 00416e60 f   scene.obj
 0001:00015ef0       ?intersects@BoundingBox@@QBE_NABVvec3f@@@Z 00416ef0 f   scene.obj
 0001:00015f70       ?do2Dmap3D@Box@@UBEXABVray@@ABVisect@@AAH2@Z 00416f70 f   Box.obj
 0001:00016120       ?intersectLocal@Box@@UBE_NABVray@@AAVisect@@@Z 00417120 f   Box.obj
 0001:00016490       ?do2Dmap3D@Cone@@UBEXABVray@@ABVisect@@AAH2@Z 00417490 f   Cone.obj
 0001:000165f0       ?intersectBody@Cone@@QBE_NABVray@@AAVisect@@@Z 004175f0 f   Cone.obj
 0001:000168e0       ?intersectCaps@Cone@@QBE_NABVray@@AAVisect@@@Z 004178e0 f   Cone.obj
 0001:00016a80       ?intersectLocal@Cone@@UBE_NABVray@@AAVisect@@@Z 00417a80 f   Cone.obj
 0001:00016b70       ?do2Dmap3D@Cylinder@@UBEXABVray@@ABVisect@@AAH2@Z 00417b70 f   Cylinder.obj
 0001:00016cd0       ?intersectBody@Cylinder@@QBE_NABVray@@AAVisect@@@Z 00417cd0 f   Cylinder.obj
 0001:00016fb0       ?intersectCaps@Cylinder@@QBE_NABVray@@AAVisect@@@Z 00417fb0 f   Cylinder.obj
 0001:00017170       ?intersectLocal@Cylinder@@UBE_NABVray@@AAVisect@@@Z 00418170 f   Cylinder.obj
 0001:00017260       ?do2Dmap3D@Sphere@@UBEXABVray@@ABVisect@@AAH2@Z 00418260 f   Sphere.obj
 0001:00017450       ?intersectLocal@Sphere@@UBE_NABVray@@AAVisect@@@Z 00418450 f   Sphere.obj
 0001:00017640       ?do2Dmap3D@Square@@UBEXABVray@@ABVisect@@AAH2@Z 00418640 f   Square.obj
 0001:00017740       ?intersectLocal@Square@@UBE_NABVray@@AAVisect@@@Z 00418740 f   Square.obj
 0001:00017810       ??$_Uninitialized_default_fill_n1@PAVvec3f@@IV?$allocator@Vvec3f@@@std@@@std@@YAXPAVvec3f@@IAAU?$_Wrap_alloc@V?$allocator@Vvec3f@@@std@@@0@U?$integral_constant@_N$0A@@0@@Z 00418810 f i trimesh.obj
 0001:00017840       ??$_Uninitialized_move_al_unchecked1@PAVvec3f@@PAV1@V?$allocator@Vvec3f@@@std@@@std@@YAPAVvec3f@@PAV1@00AAU?$_Wrap_alloc@V?$allocator@Vvec3f@@@std@@@0@U_General_ptr_iterator_tag@0@U_Any_tag@0@@Z 00418840 f i trimesh.obj
 0001:00017880       ??0Material@@QAE@XZ        00418880 f i trimesh.obj
 0001:000178f0       ??1Trimesh@@UAE@XZ         004188f0 f   trimesh.obj
 0001:00017b70       ??D@YA?AVMaterial@@NV0@@Z  00418b70 f i trimesh.obj
 0001:00017c40       ??YMaterial@@QAEAAV0@ABV0@@Z 00418c40 f i trimesh.obj
 0001:00017db0       ??_GTrimeshFace@@UAEPAXI@Z 00418db0 f i trimesh.obj
 0001:00017db0       ??_ETrimeshFace@@UAEPAXI@Z 00418db0 f i trimesh.obj
 0001:00017e10       ?ComputeLocalBoundingBox@TrimeshFace@@UAE?AVBoundingBox@@XZ 00418e10 f i trimesh.obj
 0001:00017f30       ?_Reallocate@?$vector@PAVMaterial@@V?$allocator@PAVMaterial@@@std@@@std@@IAEXI@Z 00418f30 f i trimesh.obj
 0001:00017f90       ?_Reallocate@?$vector@PAVTrimeshFace@@V?$allocator@PAVTrimeshFace@@@std@@@std@@IAEXI@Z 00418f90 f i trimesh.obj
 0001:00017ff0       ?_Reallocate@?$vector@Vvec3f@@V?$allocator@Vvec3f@@@std@@@std@@IAEXI@Z 00418ff0 f i trimesh.obj
 0001:000180d0       ?_Reserve@?$vector@PAVMaterial@@V?$allocator@PAVMaterial@@@std@@@std@@IAEXI@Z 004190d0 f i trimesh.obj
 0001:00018140       ?_Reserve@?$vector@PAVTrimeshFace@@V?$allocator@PAVTrimeshFace@@@std@@@std@@IAEXI@Z 00419140 f i trimesh.obj
 0001:000181b0       ?_Reserve@?$vector@Vvec3f@@V?$allocator@Vvec3f@@@std@@@std@@IAEXI@Z 004191b0 f i trimesh.obj
 0001:00018250       ?_Tidy@?$vector@Vvec3f@@V?$allocator@Vvec3f@@@std@@@std@@IAEXXZ 00419250 f i trimesh.obj
 0001:000182a0       ?addFace@Trimesh@@QAE_NHHH@Z 004192a0 f   trimesh.obj
 0001:000183c0       ?addMaterial@Trimesh@@QAEXPAVMaterial@@@Z 004193c0 f   trimesh.obj
 0001:000183e0       ?addNormal@Trimesh@@QAEXABVvec3f@@@Z 004193e0 f   trimesh.obj
 0001:000183f0       ?addVertex@Trimesh@@QAEXABVvec3f@@@Z 004193f0 f   trimesh.obj
 0001:00018400       ?allocate@?$allocator@PAVMaterial@@@std@@QAEPAPAVMaterial@@I@Z 00419400 f i trimesh.obj
 0001:00018470       ?allocate@?$allocator@PAVTrimeshFace@@@std@@QAEPAPAVTrimeshFace@@I@Z 00419470 f i trimesh.obj
 0001:000184e0       ?allocate@?$allocator@Vvec3f@@@std@@QAEPAVvec3f@@I@Z 004194e0 f i trimesh.obj
 0001:00018550       ?doubleCheck@Trimesh@@QAEPADXZ 00419550 f   trimesh.obj
 0001:000185f0       ?generateNormals@Trimesh@@QAEXXZ 004195f0 f   trimesh.obj
 0001:00018880       ?hasBoundingBoxCapability@TrimeshFace@@UBE_NXZ 00419880 f i trimesh.obj
 0001:00018890       ?intersectLocal@TrimeshFace@@UBE_NABVray@@AAVisect@@@Z 00419890 f   trimesh.obj
 0001:00018fa0       ?push_back@?$vector@PAVMaterial@@V?$allocator@PAVMaterial@@@std@@@std@@QAEXABQAVMaterial@@@Z 00419fa0 f i trimesh.obj
 0001:00019010       ?push_back@?$vector@PAVTrimeshFace@@V?$allocator@PAVTrimeshFace@@@std@@@std@@QAEXABQAVTrimeshFace@@@Z 0041a010 f i trimesh.obj
 0001:00019080       ?push_back@?$vector@Vvec3f@@V?$allocator@Vvec3f@@@std@@@std@@QAEXABVvec3f@@@Z 0041a080 f i trimesh.obj
 0001:00019130       ?resize@?$vector@Vvec3f@@V?$allocator@Vvec3f@@@std@@@std@@QAEXI@Z 0041a130 f i trimesh.obj
 0001:00019230       ?setMaterial@isect@@QAEXPAVMaterial@@@Z 0041a230 f i trimesh.obj
 0001:00019270       ?visual@Fl@@SAHH@Z         0041a270 f   fltk:Fl_visual.obj
 0001:000192d0       ?option@Fl@@SA_NW4Fl_Option@1@@Z 0041a2d0 f   fltk:Fl.obj
 0001:00019560       ?option@Fl@@SAXW4Fl_Option@1@_N@Z 0041a560 f   fltk:Fl.obj
 0001:000195a0       ?version@Fl@@SANXZ         0041a5a0 f   fltk:Fl.obj
 0001:000195b0       ?scrollbar_size@Fl@@SAHXZ  0041a5b0 f   fltk:Fl.obj
 0001:000195c0       ?scrollbar_size@Fl@@SAXH@Z 0041a5c0 f   fltk:Fl.obj
 0001:000195d0       ?wait@Fl@@SAHXZ            0041a5d0 f   fltk:Fl.obj
 0001:00019620       ?wait@Fl@@SANN@Z           0041a620 f   fltk:Fl.obj
 0001:00019650       ?check@Fl@@SAHXZ           0041a650 f   fltk:Fl.obj
 0001:00019690       ?ready@Fl@@SAHXZ           0041a690 f   fltk:Fl.obj
 0001:000196a0       ?run@Fl@@SAHXZ             0041a6a0 f   fltk:Fl.obj
 0001:000196d0       ?add_timeout@Fl@@SAXNP6AXPAX@Z0@Z 0041a6d0 f   fltk:Fl.obj
 0001:00019700       ?repeat_timeout@Fl@@SAXNP6AXPAX@Z0@Z 0041a700 f   fltk:Fl.obj
 0001:000198b0       ?has_timeout@Fl@@SAHP6AXPAX@Z0@Z 0041a8b0 f   fltk:Fl.obj
 0001:00019910       ?remove_timeout@Fl@@SAXP6AXPAX@Z0@Z 0041a910 f   fltk:Fl.obj
 0001:00019980       ?add_check@Fl@@SAXP6AXPAX@Z0@Z 0041a980 f   fltk:Fl.obj
 0001:00019a00       ?has_check@Fl@@SAHP6AXPAX@Z0@Z 0041aa00 f   fltk:Fl.obj
 0001:00019a50       ?remove_check@Fl@@SAXP6AXPAX@Z0@Z 0041aa50 f   fltk:Fl.obj
 0001:00019ad0       ?add_fd@Fl@@SAXHHP6AXHPAX@Z0@Z 0041aad0 f   fltk:Fl.obj
 0001:00019da0       ?add_fd@Fl@@SAXHP6AXHPAX@Z0@Z 0041ada0 f   fltk:Fl.obj
 0001:00019dc0       ?remove_fd@Fl@@SAXHH@Z     0041adc0 f   fltk:Fl.obj
 0001:0001a0c0       ?remove_fd@Fl@@SAXH@Z      0041b0c0 f   fltk:Fl.obj
 0001:0001a0e0       ?redraw@Fl@@SAXXZ          0041b0e0 f   fltk:Fl.obj
 0001:0001a110       ?flush@Fl@@SAXXZ           0041b110 f   fltk:Fl.obj
 0001:0001a1e0       ?first_window@Fl@@SAPAVFl_Window@@XZ 0041b1e0 f   fltk:Fl.obj
 0001:0001a210       ?first_window@Fl@@SAXPAVFl_Window@@@Z 0041b210 f   fltk:Fl.obj
 0001:0001a260       ?next_window@Fl@@SAPAVFl_Window@@PBV2@@Z 0041b260 f   fltk:Fl.obj
 0001:0001a2a0       ?get_mouse@Fl@@SAXAAH0@Z   0041b2a0 f   fltk:Fl.obj
 0001:0001a2d0       ?event_inside@Fl@@SAHHHHH@Z 0041b2d0 f   fltk:Fl.obj
 0001:0001a320       ?event_inside@Fl@@SAHPBVFl_Widget@@@Z 0041b320 f   fltk:Fl.obj
 0001:0001a3a0       ?enable_im@Fl@@SAXXZ       0041b3a0 f   fltk:Fl.obj
 0001:0001a3e0       ?disable_im@Fl@@SAXXZ      0041b3e0 f   fltk:Fl.obj
 0001:0001a420       ?handle@Fl@@SAHHPAVFl_Window@@@Z 0041b420 f   fltk:Fl.obj
 0001:0001a460       ?handle_@Fl@@SAHHPAVFl_Window@@@Z 0041b460 f   fltk:Fl.obj
 0001:0001ab40       ?belowmouse@Fl@@SAXPAVFl_Widget@@@Z 0041bb40 f   fltk:Fl.obj
 0001:0001abe0       ?pushed@Fl@@SAXPAVFl_Widget@@@Z 0041bbe0 f   fltk:Fl.obj
 0001:0001abf0       ?focus@Fl@@SAXPAVFl_Widget@@@Z 0041bbf0 f   fltk:Fl.obj
 0001:0001acf0       ?add_handler@Fl@@SAXP6AHH@Z@Z 0041bcf0 f   fltk:Fl.obj
 0001:0001ad30       ?remove_handler@Fl@@SAXP6AHH@Z@Z 0041bd30 f   fltk:Fl.obj
 0001:0001adb0       ?add_system_handler@Fl@@SAXP6AHPAX0@Z0@Z 0041bdb0 f   fltk:Fl.obj
 0001:0001ae00       ?remove_system_handler@Fl@@SAXP6AHPAX0@Z@Z 0041be00 f   fltk:Fl.obj
 0001:0001ae80       ?event_dispatch@Fl@@SAXP6AHHPAVFl_Window@@@Z@Z 0041be80 f   fltk:Fl.obj
 0001:0001ae90       ?event_dispatch@Fl@@SAP6AHHPAVFl_Window@@@ZXZ 0041be90 f   fltk:Fl.obj
 0001:0001aea0       ?copy@Fl@@SAXPBDHH0@Z      0041bea0 f   fltk:Fl.obj
 0001:0001afd0       ?copy@Fl@@SAXPBDHH@Z       0041bfd0 f   fltk:Fl.obj
 0001:0001aff0       ?paste@Fl@@SAXAAVFl_Widget@@HPBD@Z 0041bff0 f   fltk:Fl.obj
 0001:0001bce0       ?paste@Fl@@SAXAAVFl_Widget@@H@Z 0041cce0 f   fltk:Fl.obj
 0001:0001bd00       ?add_clipboard_notify@Fl@@SAXP6AXHPAX@Z0@Z 0041cd00 f   fltk:Fl.obj
 0001:0001bd60       ?remove_clipboard_notify@Fl@@SAXP6AXHPAX@Z@Z 0041cd60 f   fltk:Fl.obj
 0001:0001bdd0       ?clipboard_contains@Fl@@SAHPBD@Z 0041cdd0 f   fltk:Fl.obj
 0001:0001be80       ?selection_owner@Fl@@SAXPAVFl_Widget@@@Z 0041ce80 f   fltk:Fl.obj
 0001:0001be90       ?selection@Fl@@SAXAAVFl_Widget@@PBDH@Z 0041ce90 f   fltk:Fl.obj
 0001:0001beb0       ?paste@Fl@@SAXAAVFl_Widget@@@Z 0041ceb0 f   fltk:Fl.obj
 0001:0001bed0       ?x@Fl@@SAHXZ               0041ced0 f   fltk:Fl.obj
 0001:0001bf10       ?y@Fl@@SAHXZ               0041cf10 f   fltk:Fl.obj
 0001:0001bf50       ?w@Fl@@SAHXZ               0041cf50 f   fltk:Fl.obj
 0001:0001bf90       ?h@Fl@@SAHXZ               0041cf90 f   fltk:Fl.obj
 0001:0001bfd0       ?thread_message@Fl@@SAPAXXZ 0041cfd0 f   fltk:Fl.obj
 0001:0001bff0       ?delete_widget@Fl@@SAXPAVFl_Widget@@@Z 0041cff0 f   fltk:Fl.obj
 0001:0001c0f0       ?do_widget_deletion@Fl@@SAXXZ 0041d0f0 f   fltk:Fl.obj
 0001:0001c170       ?watch_widget_pointer@Fl@@SAXAAPAVFl_Widget@@@Z 0041d170 f   fltk:Fl.obj
 0001:0001c210       ?release_widget_pointer@Fl@@SAXAAPAVFl_Widget@@@Z 0041d210 f   fltk:Fl.obj
 0001:0001c290       ?clear_widget_pointer@Fl@@SAXPBVFl_Widget@@@Z 0041d290 f   fltk:Fl.obj
 0001:0001c300       ??0Fl_Widget_Tracker@@QAE@PAVFl_Widget@@@Z 0041d300 f   fltk:Fl.obj
 0001:0001c330       ??1Fl_Widget_Tracker@@QAE@XZ 0041d330 f   fltk:Fl.obj
 0001:0001c380       ?redraw@Fl_Widget@@QAEXXZ  0041d380 f   fltk:Fl.obj
 0001:0001c3a0       ?redraw_label@Fl_Widget@@QAEXXZ 0041d3a0 f   fltk:Fl.obj
 0001:0001c9a0       ?damage@Fl_Widget@@QAEXE@Z 0041d9a0 f   fltk:Fl.obj
 0001:0001ca60       ?damage@Fl_Widget@@QAEXEHHHH@Z 0041da60 f   fltk:Fl.obj
 0001:0001cc50       ?size_range_@Fl_Window@@AAEXXZ 0041dc50 f   fltk:Fl.obj
 0001:0001cc70       ?fullscreen_x@Fl_Window@@AAEXXZ 0041dc70 f   fltk:Fl.obj
 0001:0001cce0       ?fullscreen_off_x@Fl_Window@@AAEXHHHH@Z 0041dce0 f   fltk:Fl.obj
 0001:0001cec0       ?flush@Fl_Window@@MAEXXZ   0041dec0 f   fltk:Fl.obj
 0001:0001cf30       ?handle@Fl_Window@@UAEHH@Z 0041df30 f   fltk:Fl.obj
 0001:0001d0a0       ?resize@Fl_Window@@UAEXHHHH@Z 0041e0a0 f   fltk:Fl.obj
 0001:0001d380       ?label@Fl_Window@@QAEXPBD0@Z 0041e380 f   fltk:Fl.obj
 0001:0001d470       ?default_icons@Fl_Window@@SAXPAUHICON__@@0@Z 0041e470 f   fltk:Fl.obj
 0001:0001d490       ?icons@Fl_Window@@QAEXPAUHICON__@@0@Z 0041e490 f   fltk:Fl.obj
 0001:0001d4f0       ?show@Fl_Window@@UAEXXZ    0041e4f0 f   fltk:Fl.obj
 0001:0001d5b0       ?hide@Fl_Window@@UAEXXZ    0041e5b0 f   fltk:Fl.obj
 0001:0001da10       ?make_current@Fl_Window@@QAEXXZ 0041ea10 f   fltk:Fl.obj
 0001:0001da70       ?decorated_w@Fl_Window@@QAEHXZ 0041ea70 f   fltk:Fl.obj
 0001:0001db40       ?decorated_h@Fl_Window@@QAEHXZ 0041eb40 f   fltk:Fl.obj
 0001:0001dc10       ?XRectangleRegion@@YAPAUHRGN__@@HHHH@Z 0041ec10 f   fltk:Fl.obj
 0001:0001dcc0       ?fake_X_wm@Fl_X@@SAHPBVFl_Window@@AAH1111@Z 0041ecc0 f   fltk:Fl.obj
 0001:0001e3f0       ?make_fullscreen@Fl_X@@QAEXHHHH@Z 0041f3f0 f   fltk:Fl.obj
 0001:0001e550       ?set_minmax@Fl_X@@QAEXPAUtagMINMAXINFO@@@Z 0041f550 f   fltk:Fl.obj
 0001:0001e640       ?set_default_icons@Fl_X@@SAXQAPBVFl_RGB_Image@@H@Z 0041f640 f   fltk:Fl.obj
 0001:0001e700       ?set_default_icons@Fl_X@@SAXPAUHICON__@@0@Z 0041f700 f   fltk:Fl.obj
 0001:0001e770       ?set_icons@Fl_X@@QAEXXZ    0041f770 f   fltk:Fl.obj
 0001:0001e910       ?set_cursor@Fl_X@@QAEHW4Fl_Cursor@@@Z 0041f910 f   fltk:Fl.obj
 0001:0001eaa0       ?set_cursor@Fl_X@@QAEHPBVFl_RGB_Image@@HH@Z 0041faa0 f   fltk:Fl.obj
 0001:0001eb20       ?make@Fl_X@@SAPAV1@PAVFl_Window@@@Z 0041fb20 f   fltk:Fl.obj
 0001:0001f7c0       ?fl_release_dc@@YAXPAUHWND__@@PAUHDC__@@@Z 004207c0 f   fltk:Fl.obj
 0001:0001f860       ?fl_save_dc@@YAXPAUHWND__@@PAUHDC__@@@Z 00420860 f   fltk:Fl.obj
 0001:0001f8d0       ?fl_open_display@@YAXXZ    004208d0 f   fltk:Fl.obj
 0001:0001f900       ?fl_find@@YAPAVFl_Window@@PAUHWND__@@@Z 00420900 f   fltk:Fl.obj
 0001:0001f980       ?fl_GetDC@@YAPAUHDC__@@PAUHWND__@@@Z 00420980 f   fltk:Fl.obj
 0001:0001fa20       ?fl_free_fonts@@YAXXZ      00420a20 f   fltk:Fl.obj
 0001:0001fae0       ?fl_cleanup_dc_list@@YAXXZ 00420ae0 f   fltk:Fl.obj
 0001:0001fbb0       ?fl_clipboard_notify_change@@YAXXZ 00420bb0 f   fltk:Fl.obj
 0001:0001fc30       ?fl_clipboard_notify_empty@@YA_NXZ 00420c30 f   fltk:Fl.obj
 0001:0001fc60       ?fl_trigger_clipboard_notify@@YAXH@Z 00420c60 f   fltk:Fl.obj
 0001:0001fca0       ?fl_ready@@YAHXZ           00420ca0 f   fltk:Fl.obj
 0001:0001fd80       ?fl_wait@@YAHN@Z           00420d80 f   fltk:Fl.obj
 0001:00020190       ?fl_send_system_handlers@@YAHPAX@Z 00421190 f   fltk:Fl.obj
 0001:000201f0       ?fl_fix_focus@@YAXXZ       004211f0 f   fltk:Fl.obj
 0001:000203d0       ?fl_throw_focus@@YAXPAVFl_Widget@@@Z 004213d0 f   fltk:Fl.obj
 0001:000205a0       ?fl_clipboard_notify_retarget@@YAXPAUHWND__@@@Z 004215a0 f   fltk:Fl.obj
 0001:00020600       ?fl_update_clipboard@@YAXXZ 00421600 f   fltk:Fl.obj
 0001:00020710       ?fl_set_status@@YAXHHHH@Z  00421710 f   fltk:Fl.obj
 0001:00020720       ?fl_set_spot@@YAXHHHHHHPAVFl_Window@@@Z 00421720 f   fltk:Fl.obj
 0001:00020880       ?fl_reset_spot@@YAXXZ      00421880 f   fltk:Fl.obj
 0001:00020890       ?print_window@Fl_Paged_Device@@QAEXPAVFl_Window@@HH@Z 00421890 f   fltk:Fl.obj
 0001:00020ec0       ?fl_get_lcid_codepage@@YAIK@Z 00421ec0 f   fltk:Fl.obj
 0001:00020f20       ?fl_get_codepage@@YAXXZ    00421f20 f   fltk:Fl.obj
 0001:000224e0       ?fl_filename_name@@YAPBDPBD@Z 004234e0 f   fltk:Fl.obj
 0001:00022ae0       ?fl_xid_@@YAPAUHWND__@@PBVFl_Window@@@Z 00423ae0 f   fltk:Fl.obj
 0001:00022b10       ??0Lf2CrlfConvert@@QAE@PBDH@Z 00423b10 f i fltk:Fl.obj
 0001:00022cd0       ??1Fl_Win32_At_Exit@@QAE@XZ 00423cd0 f i fltk:Fl.obj
 0001:00022d40       ??1Lf2CrlfConvert@@QAE@XZ  00423d40 f i fltk:Fl.obj
 0001:00022d70       ??1NameList@@QAE@XZ        00423d70 f i fltk:Fl.obj
 0001:00022dd0       ??_GFl_Device@@UAEPAXI@Z   00423dd0 f i fltk:Fl.obj
 0001:00022dd0       ??_EFl_Device@@UAEPAXI@Z   00423dd0 f i fltk:Fl.obj
 0001:00022e00       ??_EFl_GDI_Graphics_Driver@@UAEPAXI@Z 00423e00 f i fltk:Fl.obj
 0001:00022e00       ??_GFl_GDI_Graphics_Driver@@UAEPAXI@Z 00423e00 f i fltk:Fl.obj
 0001:00022e60       ??_EFl_Graphics_Driver@@UAEPAXI@Z 00423e60 f i fltk:Fl.obj
 0001:00022e60       ??_GFl_Graphics_Driver@@UAEPAXI@Z 00423e60 f i fltk:Fl.obj
 0001:00022ec0       ??_EFl_Image@@UAEPAXI@Z    00423ec0 f i fltk:Fl.obj
 0001:00022ec0       ??_GFl_Image@@UAEPAXI@Z    00423ec0 f i fltk:Fl.obj
 0001:00022ef0       ??_GFl_RGB_Image@@UAEPAXI@Z 00423ef0 f i fltk:Fl.obj
 0001:00022ef0       ??_EFl_RGB_Image@@UAEPAXI@Z 00423ef0 f i fltk:Fl.obj
 0001:00022f20       ??_GFl_Surface_Device@@UAEPAXI@Z 00423f20 f i fltk:Fl.obj
 0001:00022f20       ??_EFl_Surface_Device@@UAEPAXI@Z 00423f20 f i fltk:Fl.obj
 0001:00022f60       ?add_name@NameList@@QAEXPBD@Z 00423f60 f i fltk:Fl.obj
 0001:00022fe0       ?class_name@Fl_Device@@UAEPBDXZ 00423fe0 f i fltk:Fl.obj
 0001:00022ff0       ?class_name@Fl_GDI_Graphics_Driver@@UAEPBDXZ 00423ff0 f i fltk:Fl.obj
 0001:00023000       ?class_name@Fl_Graphics_Driver@@UAEPBDXZ 00424000 f i fltk:Fl.obj
 0001:00023010       ?class_name@Fl_Surface_Device@@UAEPBDXZ 00424010 f i fltk:Fl.obj
 0001:00023020       ?color@Fl_Graphics_Driver@@MAEXEEE@Z 00424020 f i fltk:Fl.obj
 0001:00023030       ?color@Fl_Graphics_Driver@@MAEXI@Z 00424030 f i fltk:Fl.obj
 0001:00023050       ?descent@Fl_Graphics_Driver@@UAEHXZ 00424050 f i fltk:Fl.obj
 0001:00023060       ?draw@Fl_Graphics_Driver@@MAEXHPBDHHH@Z 00424060 f i fltk:Fl.obj
 0001:00023070       ?draw@Fl_Graphics_Driver@@MAEXPAVFl_Bitmap@@HHHHHH@Z 00424070 f i fltk:Fl.obj
 0001:00023080       ?draw@Fl_Graphics_Driver@@MAEXPAVFl_Pixmap@@HHHHHH@Z 00424080 f i fltk:Fl.obj
 0001:00023090       ?draw@Fl_Graphics_Driver@@MAEXPAVFl_RGB_Image@@HHHHHH@Z 00424090 f i fltk:Fl.obj
 0001:000230a0       ?draw@Fl_Graphics_Driver@@MAEXPBDHHH@Z 004240a0 f i fltk:Fl.obj
 0001:000230b0       ?draw_image@Fl_Graphics_Driver@@MAEXP6AXPAXHHHPAE@Z0HHHHH@Z 004240b0 f i fltk:Fl.obj
 0001:000230c0       ?draw_image@Fl_Graphics_Driver@@MAEXPBEHHHHHH@Z 004240c0 f i fltk:Fl.obj
 0001:000230d0       ?draw_image_mono@Fl_Graphics_Driver@@MAEXP6AXPAXHHHPAE@Z0HHHHH@Z 004240d0 f i fltk:Fl.obj
 0001:000230e0       ?draw_image_mono@Fl_Graphics_Driver@@MAEXPBEHHHHHH@Z 004240e0 f i fltk:Fl.obj
 0001:000230f0       ?font@Fl_Graphics_Driver@@UAEXHH@Z 004240f0 f i fltk:Fl.obj
 0001:00023110       ?height@Fl_Graphics_Driver@@UAEHXZ 00424110 f i fltk:Fl.obj
 0001:00023130       ?rtl_draw@Fl_Graphics_Driver@@MAEXPBDHHH@Z 00424130 f i fltk:Fl.obj
 0001:00023140       ?width@Fl_Graphics_Driver@@UAENI@Z 00424140 f i fltk:Fl.obj
 0001:00023170       ?width@Fl_Graphics_Driver@@UAENPBDH@Z 00424170 f i fltk:Fl.obj
 0001:00023180       ?fl_beep@@YAXH@Z           00424180 f   fltk:fl_ask.obj
 0001:000231f0       ?fl_message@@YAXPBDZZ      004241f0 f   fltk:fl_ask.obj
 0001:00023250       ?fl_alert@@YAXPBDZZ        00424250 f   fltk:fl_ask.obj
 0001:000232b0       ?fl_ask@@YAHPBDZZ          004242b0 f   fltk:fl_ask.obj
 0001:00023300       ?fl_choice@@YAHPBD000ZZ    00424300 f   fltk:fl_ask.obj
 0001:00023350       ?fl_input@@YAPBDPBD0ZZ     00424350 f   fltk:fl_ask.obj
 0001:000233a0       ?fl_password@@YAPBDPBD0ZZ  004243a0 f   fltk:fl_ask.obj
 0001:000233f0       ?fl_message_icon@@YAPAVFl_Widget@@XZ 004243f0 f   fltk:fl_ask.obj
 0001:00023400       ?fl_message_hotspot@@YAXH@Z 00424400 f   fltk:fl_ask.obj
 0001:00023430       ?fl_message_hotspot@@YAHXZ 00424430 f   fltk:fl_ask.obj
 0001:00023440       ?fl_message_title@@YAXPBD@Z 00424440 f   fltk:fl_ask.obj
 0001:00023460       ?fl_message_title_default@@YAXPBD@Z 00424460 f   fltk:fl_ask.obj
[...]
 0003:00002e24       ?s_wsock_select@@3P6GHHPAUfd_set@@00PBUtimeval@@@ZA 0048fe24     fltk:Fl.obj
 0003:00002e28       ?fl_wsk_fd_is_set@@3P6GHIPAUfd_set@@@ZA 0048fe28     fltk:Fl.obj
 0003:00002e54       ?s_imm_module@@3PAUHINSTANCE__@@A 0048fe54     fltk:Fl.obj
 0003:00002e58       ?flImmAssociateContextEx@@3P6GHPAUHWND__@@PAUHIMC__@@K@ZA 0048fe58     fltk:Fl.obj
 0003:00002e5d       ?dnd_flag@@3DA             0048fe5d     fltk:Fl.obj
 0003:00002e60       ?flImmGetContext@@3P6GPAUHIMC__@@PAUHWND__@@@ZA 0048fe60     fltk:Fl.obj
 0003:00002e68       ?flImmSetCompositionWindow@@3P6GHPAUHIMC__@@PAUtagCOMPOSITIONFORM@@@ZA 0048fe68     fltk:Fl.obj
 0003:00002e6c       ?flImmReleaseContext@@3P6GHPAUHWND__@@PAUHIMC__@@@ZA 0048fe6c     fltk:Fl.obj
 0003:00002e70       ?sys_handlers@@3PAUsystem_handler_link@@A 0048fe70     fltk:Fl.obj
 0003:00002e74       ?track_mouse_win@@3PAVFl_Window@@A 0048fe74     fltk:Fl.obj
 0003:00002e78       ?maxfd@@3HA                0048fe78     fltk:Fl.obj
 0003:00002e7c       ?nfds@@3HA                 0048fe7c     fltk:Fl.obj
 0003:00002e80       ?fd_array_size@@3HA        0048fe80     fltk:Fl.obj
 0003:00002eac       ?fd@@3PAUFD@@A             0048feac     fltk:Fl.obj
 0003:00002f0c       ?default_big_icon@@3PAUHICON__@@A 0048ff0c     fltk:Fl.obj
 0003:00002f10       ?default_small_icon@@3PAUHICON__@@A 0048ff10     fltk:Fl.obj
 0003:00002f14       ?win_DC_list@@3PAUWin_DC_List@@A 0048ff14     fltk:Fl.obj
 0003:00002f20       ?num_dwidgets@@3HA         0048ff20     fltk:Fl.obj
 0003:00002f24       ?alloc_dwidgets@@3HA       0048ff24     fltk:Fl.obj
 0003:00002f28       ?dwidgets@@3PAPAVFl_Widget@@A 0048ff28     fltk:Fl.obj
 0003:00002f2c       ?widget_watch@@3PAPAPAVFl_Widget@@A 0048ff2c     fltk:Fl.obj
 0003:00002f30       ?num_widget_watch@@3HA     0048ff30     fltk:Fl.obj
 0003:00002f34       ?max_widget_watch@@3HA     0048ff34     fltk:Fl.obj
 0003:00002f40       ?win32_at_exit@@3VFl_Win32_At_Exit@@A 0048ff40     fltk:Fl.obj
 0003:00002f44       ?fl_gdi_display@@3VFl_Display_Device@@A 0048ff44     fltk:Fl.obj
 0003:00002f50       ?fl_gdi_driver@@3VFl_GDI_Graphics_Driver@@A 0048ff50     fltk:Fl.obj
 0003:00003638       ?first_check@@3PAUCheck@@A 00490638     fltk:Fl.obj
 0003:0000363c       ?next_check@@3PAUCheck@@A  0049063c     fltk:Fl.obj
 0003:00003640       ?free_check@@3PAUCheck@@A  00490640     fltk:Fl.obj
 0003:00003644       ?thread_message_@@3PAXA    00490644     fltk:Fl.obj
 0003:00003648       ?fdsets@@3PAUfd_set@@A     00490648     fltk:Fl.obj
 0003:00003954       ?win32_timers@@3PAUWin32Timer@@A 00490954     fltk:Fl.obj
 0003:00003958       ?win32_timer_alloc@@3HA    00490958     fltk:Fl.obj
 0003:0000395c       ?win32_timer_used@@3HA     0049095c     fltk:Fl.obj
 0003:00003960       ?s_TimerWnd@@3PAUHWND__@@A 00490960     fltk:Fl.obj
 0003:00003964       ?resize_bug_fix@@3PAVFl_Window@@A 00490964     fltk:Fl.obj
 0003:00003968       ?in_idle@?1??fl_wait@@YAHN@Z@4DA 00490968     fltk:Fl.obj
 0003:00003969       ?beenHereDoneThat@?1??fl_open_display@@YAXXZ@4DA 00490969     fltk:Fl.obj
 0003:0000396c       ?px@?1??mouse_event@@YAHPAVFl_Window@@HHIJ@Z@4HA 0049096c     fltk:Fl.obj
 0003:00003970       ?py@?1??mouse_event@@YAHPAVFl_Window@@HHIJ@Z@4HA 00490970     fltk:Fl.obj
 0003:00003974       ?pmx@?1??mouse_event@@YAHPAVFl_Window@@HHIJ@Z@4HA 00490974     fltk:Fl.obj
 0003:00003978       ?pmy@?1??mouse_event@@YAHPAVFl_Window@@HHIJ@Z@4HA 00490978     fltk:Fl.obj
 0003:00003980       ?vklut@?1??ms2fltk@@YAHIH@Z@4PAGA 00490980     fltk:Fl.obj
 0003:00003b80       ?extendedlut@?1??ms2fltk@@YAHIH@Z@4PAGA 00490b80     fltk:Fl.obj
 0003:00003d80       ?buffer@?DH@??WndProc@@YGJPAUHWND__@@IIJ@Z@4PADA 00490d80     fltk:Fl.obj
 0003:00004180       ?delta@?GG@??WndProc@@YGJPAUHWND__@@IIJ@Z@4HA 00491180     fltk:Fl.obj
 0003:00004184       ?delta@?GJ@??WndProc@@YGJPAUHWND__@@IIJ@Z@4HA 00491184     fltk:Fl.obj
 0003:00004188       ?class_name_list@?1??make@Fl_X@@SAPAV2@PAVFl_Window@@@Z@4VNameList@@A 00491188     fltk:Fl.obj
 0003:00004194       ?$TSS0@?1??make@Fl_X@@SAPAV2@PAVFl_Window@@@Z@4HA 00491194     fltk:Fl.obj
 0003:00004198       ?first_class_name@?1??make@Fl_X@@SAPAV2@PAVFl_Window@@@Z@4PBDB 00491198     fltk:Fl.obj
 0003:0000419c       ?avoidRecursion@@3DA       0049119c     fltk:fl_ask.obj
 0003:000041a4       ?message_form@@3PAVFl_Window@@A 004911a4     fltk:fl_ask.obj
 0003:000041a8       ?message@@3PAVFl_Box@@A    004911a8     fltk:fl_ask.obj
 0003:000041ac       ?icon@@3PAVFl_Box@@A       004911ac     fltk:fl_ask.obj
 0003:000041b0       ?button@@3PAPAVFl_Button@@A 004911b0     fltk:fl_ask.obj
 0003:000041bc       ?input@@3PAVFl_Input@@A    004911bc     fltk:fl_ask.obj
 0003:000041c0       ?ret_val@@3HA              004911c0     fltk:fl_ask.obj
 0003:000041c4       ?message_title_default@@3PBDB 004911c4     fltk:fl_ask.obj
 0003:000041d8       ?fc@@3PAVFl_File_Chooser@@A 004911d8     fltk:fl_file_dir.obj
 0003:000041dc       ?current_callback@@3P6AXPBD@ZA 004911dc     fltk:fl_file_dir.obj
 0003:000041e0       ?current_label@@3PBDB      004911e0     fltk:fl_file_dir.obj
 0003:000041e8       ?retname@?1??fl_file_chooser@@YAPADPBD00H@Z@4PADA 004911e8     fltk:fl_file_dir.obj
 0003:000049e8       ?retname@?1??fl_dir_chooser@@YAPADPBD0H@Z@4PADA 004919e8     fltk:fl_file_dir.obj
 0003:000051e8       ?fl_gmi@@3P6GHPAUHMONITOR__@@PAUtagMONITORINFO@@@ZA 004921e8     fltk:screen_xywh.obj
 0003:000051f0       ?screens@@3PAUtagRECT@@A   004921f0     fltk:screen_xywh.obj
 0003:000052f0       ?work_area@@3PAUtagRECT@@A 004922f0     fltk:screen_xywh.obj
 0003:000053f0       ?dpi@@3PAY01MA             004923f0     fltk:screen_xywh.obj
 0003:000054a0       ?main_thread@@3KA          004924a0     fltk:Fl_lock.obj
 0003:000054a8       ?measure@@3PAP6AXPBUFl_Label@@AAH1@ZA 004924a8     fltk:fl_labeltype.obj
 0003:000054e8       ?obj_queue@@3PAPAVFl_Widget@@A 004924e8     fltk:Fl_Widget.obj
 0003:00005538       ?obj_head@@3HA             00492538     fltk:Fl_Widget.obj
 0003:0000553c       ?obj_tail@@3HA             0049253c     fltk:Fl_Widget.obj
 0003:0000554c       ?window@@3PAVFl_TooltipBox@@A 0049254c     fltk:Fl_Tooltip.obj
 0003:00005554       ?tip@@3PBDB                00492554     fltk:Fl_Tooltip.obj
 0003:00005558       ?Y@@3HA                    00492558     fltk:Fl_Tooltip.obj
 0003:0000555c       ?H@@3HA                    0049255c     fltk:Fl_Tooltip.obj
 0003:00005560       ?recent_tooltip@@3DA       00492560     fltk:Fl_Tooltip.obj
 0003:00005561       ?recursion@@3DA            00492561     fltk:Fl_Tooltip.obj
 0003:00005562       ?beenhere@?1??set_enter_exit_once_@Fl_Tooltip@@CAXXZ@4DA 00492562     fltk:Fl_Tooltip.obj
 0003:00006170       ?tmppen@@3PAXA             00493170     fltk:fl_color.obj
 0003:00006174       ?savepen@@3PAUHPEN__@@A    00493174     fltk:fl_color.obj
 0003:00006178       ?xmap@?1??color@Fl_GDI_Graphics_Driver@@UAEXEEE@Z@4UFl_XMap@@A 00493178     fltk:fl_color.obj
 0003:00006188       ?brushes@?1??fl_brush_action@@YAPAUHBRUSH__@@H@Z@4PAUFl_Brush@?1??1@YAPAU2@H@Z@A 00493188     fltk:fl_color.obj
 0003:00006248       ?beenhere@?1??fl_select_palette@@YAPAUHPALETTE__@@XZ@4DA 00493248     fltk:fl_color.obj
 0003:0000624c       ?fl_alpha_blend@@3P6GHPAUHDC__@@HHHH0HHHHUFL_BLENDFUNCTION@@@ZA 0049324c     fltk:Fl_Double_Window.obj
 0003:00006250       ?been_here@?1??fl_can_do_alpha_blending@@YADXZ@4DA 00493250     fltk:Fl_Double_Window.obj
 0003:00006251       ?can_do@?1??fl_can_do_alpha_blending@@YADXZ@4DA 00493251     fltk:Fl_Double_Window.obj
 0003:00006304       ?hMod@?1??newUUID@Fl_Preferences@@SAPBDXZ@4PAUHINSTANCE__@@A 00493304     fltk:Fl_Preferences.obj
 0003:00006314       ?fl_angle_@@3HA            00493314     fltk:fl_font.obj
 0003:00006318       ?wstr@@3PAGA               00493318     fltk:fl_font.obj
 0003:0000631c       ?wstr_len@@3HA             0049331c     fltk:fl_font.obj
 0003:00006320       ?fl_GetGlyphIndices@@3P6GKPAUHDC__@@PB_WHPAGK@ZA 00493320     fltk:fl_font.obj
 0003:00006324       ?have_loaded_GetGlyphIndices@@3HA 00493324     fltk:fl_font.obj
 0003:00006328       ?ext_buff@?1??text_extents@Fl_GDI_Graphics_Driver@@UAEXPBDHAAH111@Z@4PAGA 00493328     fltk:fl_font.obj
 0003:0000632c       ?w_buff@?1??text_extents@Fl_GDI_Graphics_Driver@@UAEXPBDHAAH111@Z@4PAGA 0049332c     fltk:fl_font.obj
 0003:00006330       ?wc_len@?1??text_extents@Fl_GDI_Graphics_Driver@@UAEXPBDHAAH111@Z@4IA 00493330     fltk:fl_font.obj
 0003:00006340       ?hMod@?1??draw@Fl_GDI_Printer_Graphics_Driver@@UAEXPAVFl_Pixmap@@HHHHHH@Z@4PAUHINSTANCE__@@A 00493340     fltk:Fl_Pixmap.obj
 0003:00006344       ?fl_TransparentBlt@?1??draw@Fl_GDI_Printer_Graphics_Driver@@UAEXPAVFl_Pixmap@@HHHHHH@Z@4P6GHPAUHDC__@@HHHH1HHHHI@ZA 00493344     fltk:Fl_Pixmap.obj
 0003:00006348       ?fl_TransparentBlt@?1??draw@Fl_GDI_Printer_Graphics_Driver@@UAEXPAVFl_Bitmap@@HHHHHH@Z@4P6GHPAUHDC__@@HHHH1HHHHI@ZA 00493348     fltk:Fl_Bitmap.obj
 0003:0000634c       ?hMod@?1??draw@Fl_GDI_Printer_Graphics_Driver@@UAEXPAVFl_Bitmap@@HHHHHH@Z@4PAUHINSTANCE__@@A 0049334c     fltk:Fl_Bitmap.obj
 0003:00006350       ?ri@?1??dither@@YAXPAEPBEHH@Z@4HA 00493350     fltk:fl_draw_image.obj
 0003:00006354       ?gi@?1??dither@@YAXPAEPBEHH@Z@4HA 00493354     fltk:fl_draw_image.obj
 0003:00006358       ?bi@?1??dither@@YAXPAEPBEHH@Z@4HA 00493358     fltk:fl_draw_image.obj
 0003:0000635c       ?dir@?1??dither@@YAXPAEPBEHH@Z@4HA 0049335c     fltk:fl_draw_image.obj
 0003:00006360       ?ri@?1??monodither@@YAXPAEPBEHH@Z@4HA 00493360     fltk:fl_draw_image.obj
 0003:00006364       ?dir@?1??monodither@@YAXPAEPBEHH@Z@4HA 00493364     fltk:fl_draw_image.obj
 0003:00006368       ?bmibuffer@?1??innards@@YAXPBEHHHHHHHP6AXPAXHHHPAE@Z1@Z@4PAIA 00493368     fltk:fl_draw_image.obj
 0003:00006798       ?buffer@?1??innards@@YAXPBEHHHHHHHP6AXPAXHHHPAE@Z1@Z@4PAIA 00493798     fltk:fl_draw_image.obj
 0003:0000679c       ?buffer_size@?1??innards@@YAXPBEHHHHHHHP6AXPAXHHHPAE@Z1@Z@4JA 0049379c     fltk:fl_draw_image.obj
 0003:000067a0       ?line_buffer@?1??innards@@YAXPBEHHHHHHHP6AXPAXHHHPAE@Z1@Z@4PAIA 004937a0     fltk:fl_draw_image.obj
 0003:000067a4       ?line_buf_size@?CH@??innards@@YAXPBEHHHHHHHP6AXPAXHHHPAE@Z1@Z@4HA 004937a4     fltk:fl_draw_image.obj
 0003:000067b0       ?fl_bg_set@@3DA            004937b0     fltk:Fl_get_system_colors.obj
 0003:000067b1       ?fl_bg2_set@@3DA           004937b1     fltk:Fl_get_system_colors.obj
 0003:000067b2       ?fl_fg_set@@3DA            004937b2     fltk:Fl_get_system_colors.obj
 0003:000067c0       ?tile@@3VFl_Pixmap@@A      004937c0     fltk:Fl_get_system_colors.obj
 0003:000067e8       ?e@?1??scheme@Fl@@SAHPBD@Z@4PADA 004937e8     fltk:Fl_get_system_colors.obj
 0003:00006c20       ?mbwbuf@@3PA_WA            00493c20     fltk:fl_utf8.obj
 0003:00006c28       ?buf@@3PADA                00493c28     fltk:fl_utf8.obj
 0003:00006c2c       ?buf_len@@3HA              00493c2c     fltk:fl_utf8.obj
 0003:00006c30       ?wbufa@@3PAGA              00493c30     fltk:fl_utf8.obj
 0003:00006c34       ?wbuf@@3PA_WA              00493c34     fltk:fl_utf8.obj
 0003:00006c38       ?wbuf1@@3PA_WA             00493c38     fltk:fl_utf8.obj
 0003:00006c3c       ?table@?1??Toupper@@YAHH@Z@4PAGA 00493c3c     fltk:fl_utf8.obj
 0003:00006c40       ?buf@?1??fl_utf2mbcs@@9@4PADA 00493c40     fltk:fl_utf8.obj
 0003:00006c44       ?buf@?1??fl_getenv@@9@4PADA 00493c44     fltk:fl_utf8.obj
 0003:00006c48       ?wbuf@?1??fl_getcwd@@9@4PA_WA 00493c48     fltk:fl_utf8.obj
 0003:00006c4c       ?buf@?1??fl_shortcut_label@@YAPBDIPAPBD@Z@4PADA 00493c4c     fltk:fl_shortcut.obj
 0003:00006c84       ?l_secret@@3HA             00493c84     fltk:Fl_Input_.obj
 0003:00006c88       ?undobuffer@@3PADA         00493c88     fltk:Fl_Input_.obj
 0003:00006c8c       ?undobufferlength@@3HA     00493c8c     fltk:Fl_Input_.obj
 0003:00006c90       ?undowidget@@3PAVFl_Input_@@A 00493c90     fltk:Fl_Input_.obj
 0003:00006c94       ?undoat@@3HA               00493c94     fltk:Fl_Input_.obj
 0003:00006c98       ?undocut@@3HA              00493c98     fltk:Fl_Input_.obj
 0003:00006c9c       ?undoinsert@@3HA           00493c9c     fltk:Fl_Input_.obj
 0003:00006ca0       ?yankcut@@3HA              00493ca0     fltk:Fl_Input_.obj
 0003:00006ca4       ?legal_fp_chars@@3PBDB     00493ca4     fltk:Fl_Input.obj
 0003:00006ca8       ?dnd_save_position@?1??handle@Fl_Input@@UAEHH@Z@4HA 00493ca8     fltk:Fl_Input.obj
 0003:00006cac       ?dnd_save_mark@?1??handle@Fl_Input@@UAEHH@Z@4HA 00493cac     fltk:Fl_Input.obj
 0003:00006cb0       ?newpos@?1??handle@Fl_Input@@UAEHH@Z@4HA 00493cb0     fltk:Fl_Input.obj
 0003:00006cb4       ?dnd_save_focus@?1??handle@Fl_Input@@UAEHH@Z@4PAVFl_Widget@@A 00493cb4     fltk:Fl_Input.obj
 0003:00006cbc       ?underline_at@@3PADA       00493cbc     fltk:fl_draw.obj
 0003:00006cc0       ?local_buf@?1??expand_text_@@YAPBDPBDAAPADHNAAHAANHH@Z@4PADA 00493cc0     fltk:fl_draw.obj
 0003:00006cc4       ?$TSS0@?1??expand_text_@@YAPBDPBDAAPADHNAAHAANHH@Z@4HA 00493cc4     fltk:fl_draw.obj
 0003:00006ccc       ?pressed_menu_button_@@3PAVFl_Menu_Button@@A 00493ccc     fltk:Fl_Menu_Button.obj
 0003:00006cd0       ?p@@3PAUmenustate@@A       00493cd0     fltk:Fl_Menu.obj
 0003:00006cd4       ?button@@3PBVFl_Menu_@@B   00493cd4     fltk:Fl_Menu.obj
 0003:00006cd8       ?dummy@?1??popup@Fl_Menu_Item@@QBEPBU2@HHPBDPBU2@PBVFl_Menu_@@@Z@4U2@A 00493cd8     fltk:Fl_Menu.obj
 0003:00006cfc       ?local_array@@3PAUFl_Menu_Item@@A 00493cfc     fltk:Fl_Menu_add.obj
 0003:00006d00       ?local_array_alloc@@3HA    00493d00     fltk:Fl_Menu_add.obj
 0003:00006d04       ?local_array_size@@3HA     00493d04     fltk:Fl_Menu_add.obj
 0003:00006d08       ?offcenter@?9??handle@Fl_Slider@@IAEHHHHHH@Z@4HA 00493d08     fltk:Fl_Slider.obj
 0003:00006d0c       ?image_new@@3VFl_Bitmap@@A 00493d0c     fltk:Fl_File_Chooser.obj
 0003:00006d40       ?pathname@?1??value@Fl_File_Chooser@@QAEPBDH@Z@4PADA 00493d40     fltk:Fl_File_Chooser2.obj
 0003:00007548       ?ncolors@@3HA              00494548     fltk:fl_draw_pixmap.obj
 0003:0000754c       ?chars_per_pixel@@3HA      0049454c     fltk:fl_draw_pixmap.obj
 0003:00007550       ?color_count@@3HA          00494550     fltk:fl_draw_pixmap.obj
 0003:00007554       ?used_colors@@3PAUUsedColor@@A 00494554     fltk:fl_draw_pixmap.obj
 0003:00007558       ?table@?1??XUtf8Toupper@@9@9 00494558     fltk:case.obj
 0003:00007560       ?symbols@@3PAUSYMBOL@@A    00494560     fltk:fl_symbols.obj
 0003:00007f44       ?beenhere@?1??fl_init_symbols@@YAXXZ@4DA 00494f44     fltk:fl_symbols.obj
 0003:00007f48       ?cursor@?1??set_cursor@@YAXPAVFl_Tile@@W4Fl_Cursor@@@Z@4W43@A 00494f48     fltk:Fl_Tile.obj
 0003:00007f4c       ?sdrag@?1??handle@Fl_Tile@@UAEHH@Z@4HA 00494f4c     fltk:Fl_Tile.obj
 0003:00007f50       ?sdx@?1??handle@Fl_Tile@@UAEHH@Z@4HA 00494f50     fltk:Fl_Tile.obj
 0003:00007f54       ?sdy@?1??handle@Fl_Tile@@UAEHH@Z@4HA 00494f54     fltk:Fl_Tile.obj
 0003:00007f58       ?sx@?1??handle@Fl_Tile@@UAEHH@Z@4HA 00494f58     fltk:Fl_Tile.obj
 0003:00007f5c       ?sy@?1??handle@Fl_Tile@@UAEHH@Z@4HA 00494f5c     fltk:Fl_Tile.obj
 0003:00007f60       ?change@?1??handle@Fl_Browser_@@UAEHH@Z@4DA 00494f60     fltk:Fl_Browser_.obj
 0003:00007f61       ?whichway@?1??handle@Fl_Browser_@@UAEHH@Z@4DA 00494f61     fltk:Fl_Browser_.obj
 0003:00007f64       ?py@?1??handle@Fl_Browser_@@UAEHH@Z@4HA 00494f64     fltk:Fl_Browser_.obj
 0003:00007f68       ?inButtonBar@?1??handle@Fl_File_Input@@UAEHH@Z@4DA 00494f68     fltk:Fl_File_Input.obj
 0003:00007f88       ?SWAP_TYPE@@3DA            00494f88     fltkgl:Fl_Gl_Window.obj
 0003:00007f90       ?ortho_context@?DG@??flush@Fl_Gl_Window@@UAEXXZ@4PAUHGLRC__@@A 00494f90     fltkgl:Fl_Gl_Window.obj
 0003:00007f94       ?ortho_window@?DG@??flush@Fl_Gl_Window@@UAEXXZ@4PAV2@A 00494f94     fltkgl:Fl_Gl_Window.obj
 0003:00007f98       ?context_list@@3PAPAUHGLRC__@@A 00494f98     fltkgl:Fl_Gl_Choice.obj
 0003:00007f9c       ?nContext@@3HA             00494f9c     fltkgl:Fl_Gl_Choice.obj
 0003:00007fa0       ?NContext@@3HA             00494fa0     fltkgl:Fl_Gl_Choice.obj
 0003:00007fa4       ?first@@3PAVFl_Gl_Choice@@A 00494fa4     fltkgl:Fl_Gl_Choice.obj
 0003:00007fa8       ?cached_context@@3PAUHGLRC__@@A 00494fa8     fltkgl:Fl_Gl_Choice.obj
 0003:00007fac       ?cached_window@@3PAVFl_Window@@A 00494fac     fltkgl:Fl_Gl_Choice.obj
 0003:00007fb4       ?Gl_Device_Plugin@@3VFl_Gl_Device_Plugin@@A 00494fb4     fltkgl:Fl_Gl_Device_Plugin.obj
 0003:00007fbc       ?gl_fontsize@@3PAVFl_Font_Descriptor@@A 00494fbc     fltkgl:gl_draw.obj
 0003:00007fc0       ?buf@?1??gl_draw@@YAXPBDH@Z@4PA_WA 00494fc0     fltkgl:gl_draw.obj
 0003:00007fc4       ?l@?1??gl_draw@@YAXPBDH@Z@4HA 00494fc4     fltkgl:gl_draw.obj
 0003:00007fc8       _GS_ExceptionRecord        00494fc8     MSVCRT:gs_report.obj
 0003:00008018       _GS_ContextRecord          00495018     MSVCRT:gs_report.obj
 0003:000082f8       ?module_local_atexit_table@@3U_onexit_table_t@@A 004952f8     MSVCRT:utility.obj
 0003:00008304       ?module_local_at_quick_exit_table@@3U_onexit_table_t@@A 00495304     MSVCRT:utility.obj
 0003:00008310       ?is_initialized_as_dll@@3_NA 00495310     MSVCRT:utility.obj
 0003:00008314       ?_Tss_mutex@@3U_RTL_CRITICAL_SECTION@@A 00495314     MSVCRT:thread_safe_statics.obj
 0003:0000832c       ?_Tss_cv@@3U_RTL_CONDITION_VARIABLE@@A 0049532c     MSVCRT:thread_safe_statics.obj
 0003:00008330       ?_Tss_event@@3PAXA         00495330     MSVCRT:thread_safe_statics.obj
 0003:00008334       ?encoded_sleep_condition_variable_cs@@3P6GHPAU_RTL_CONDITION_VARIABLE@@PAU_RTL_CRITICAL_SECTION@@K@ZA 00495334     MSVCRT:thread_safe_statics.obj
 0003:00008338       ?encoded_wake_all_condition_variable@@3P6GXPAU_RTL_CONDITION_VARIABLE@@@ZA 00495338     MSVCRT:thread_safe_statics.obj
 0003:0000834c       ?_Fac_head@std@@3PAU_Fac_node@1@A 0049534c     msvcprt:locale0_implib.obj
 0003:00008350       ?_Fac_tidy_reg@std@@3U_Fac_tidy_reg_t@1@B 00495350     msvcprt:locale0_implib.obj
 0003:00008354       ?mbwbuf@?1??mbcs2utf@@9@9  00495354     fltk:fl_call_main.obj
 0004:00000000       __guard_fids__             00496000     MSVCRT:std_type_info_static.obj
 0004:00000004       __guard_fids__             00496004     MSVCRT:exe_winmain.obj
 0004:00000008       __guard_fids__             00496008     MSVCRT:exe_winmain.obj
 0004:0000000c       __guard_fids__             0049600c     MSVCRT:exe_winmain.obj
 0004:00000010       __guard_fids_?pre_c_initialization@@YAHXZ 00496010     MSVCRT:exe_winmain.obj
 0004:00000018       __guard_fids__             00496018     MSVCRT:thread_safe_statics.obj
 0004:0000001c       __guard_fids_?__scrt_initialize_thread_safe_statics@@YAHXZ 0049601c     MSVCRT:thread_safe_statics.obj
 0004:00000020       __guard_fids__             00496020     MSVCRT:throw_bad_alloc.obj
 0004:00000028       __guard_fids__             00496028     MSVCRT:throw_bad_alloc.obj
 0004:00000030       __guard_fids__             00496030     MSVCRT:throw_bad_alloc.obj
 0004:00000034       __guard_fids__             00496034     MSVCRT:throw_bad_alloc.obj
 0004:00000038       __guard_fids__             00496038     MSVCRT:throw_bad_alloc.obj
 0004:0000003c       __guard_fids__             0049603c     MSVCRT:throw_bad_alloc.obj
 0004:00000040       __guard_fids____scrt_set_unhandled_exception_filter 00496040     MSVCRT:utility_desktop.obj
 0004:00000044       __guard_fids___except_handler4 00496044     MSVCRT:_chandler4gs_.obj
 0004:00000048       __guard_fids__             00496048     MSVCRT:guard_support.obj
 0004:0000004c       __guard_fids___guard_icall_checks_enforced 0049604c     MSVCRT:guard_support.obj
 0004:00000050       __guard_fids_??__E_Fac_tidy_reg@std@@YAXXZ 00496050     msvcprt:locale0_implib.obj
 0004:00000054       __guard_fids__             00496054     msvcprt:locale0_implib.obj
 0006:00000060       $R000000                   00498060     * linker generated manifest res *
